Circuit: * C:\Users\przem\OneDrive\Pulpit\PUTM\PUTM_DV_ASB_2023\SYM\EBS Logic.asc

Warning: Multiple definitions of model "dio2" Type: Diode
Warning: Multiple definitions of model "sw_hc2" Type: Switch
Warning: Multiple definitions of model "sw_hc1" Type: Switch
WARNING: Less than two connections to node sdc_relai.  This node is used by r:u3:out:out.
WARNING: Less than two connections to node sdc_ready.  This node is used by r:u4:out:out.
WARNING: Less than two connections to node nc_07.  This node is used by r:u1:out2:out.
WARNING: Less than two connections to node nc_08.  This node is used by r:u1:out3:out.
WARNING: Less than two connections to node nc_09.  This node is used by r:u1:out4:out.
WARNING: Less than two connections to node u5:dp.  This node is used by a:u5:ddel.
WARNING: Less than two connections to node u8:dp.  This node is used by a:u8:ddel.
WARNING: Less than two connections to node nc_10.  This node is used by r:u8:out2:out.
Direct Newton iteration failed to find .op point.  (Use ".option noopiter" to skip.)
Starting Gmin stepping
Gmin = 10
Gmin = 1.07374
Gmin = 0.115292
Gmin = 0.0123794
Gmin = 0.00132923
Gmin = 0.000142725
Gmin = 1.5325e-05
Gmin = 1.6455e-06
Gmin = 1.76685e-07
Gmin = 1.89714e-08
Gmin = 2.03704e-09
Gmin = 2.18725e-10
Gmin = 2.34854e-11
Gmin = 2.52173e-12
Gmin = 2.70769e-13
Gmin = 0
Gmin stepping succeeded in finding the operating point.

Ignoring empty pin current: Ix(u1:vcc)
Ignoring empty pin current: Ix(u5:vcc)
Ignoring empty pin current: Ix(u8:vcc)
Ignoring empty pin current: Ix(u1:vcc)
Ignoring empty pin current: Ix(u5:vcc)
Ignoring empty pin current: Ix(u8:vcc)

Date: Mon Jul  3 22:01:04 2023
Total elapsed time: 0.342 seconds.

tnom = 27
temp = 27
method = modified trap
totiter = 6275
traniter = 5837
tranpoints = 2487
accept = 2200
rejected = 287
matrix size = 245
fillins = 8
solver = Normal
Avg thread counts: 1.1/1.3/1.2/1.1
Matrix Compiler1: 7.27 KB object code size  1.8/1.3/[0.6]
Matrix Compiler2: off  [1.1]/2.4/1.9

