Circuit: * C:\Users\przem\OneDrive\Pulpit\PUTM\PUTM_DV_ASB_2023\SYM\Pressure_sensor.asc

Direct Newton iteration failed to find .op point.  (Use ".option noopiter" to skip.)
Starting Gmin stepping
Gmin = 10
Gmin = 1.07374
Gmin = 0.115292
Gmin = 0.0123794
Gmin = 0.00132923
Gmin = 0.000142725
Gmin = 1.5325e-05
Gmin = 1.6455e-06
Gmin = 1.76685e-07
Gmin = 1.89714e-08
Gmin = 2.03704e-09
Gmin = 2.18725e-10
Gmin = 2.34854e-11
Gmin = 2.52173e-12
Gmin = 2.70769e-13
Gmin = 0
Gmin stepping succeeded in finding the operating point.


Date: Wed Oct 18 11:36:49 2023
Total elapsed time: 0.213 seconds.

tnom = 27
temp = 27
method = trap
totiter = 2464
traniter = 0
tranpoints = 0
accept = 0
rejected = 0
matrix size = 85
fillins = 74
solver = Normal
Avg thread counts: 1.3/0.0/1.6/1.3
Matrix Compiler1:     303 opcodes  1.0/0.9/[0.5]
Matrix Compiler2: 6.77 KB object code size  1.0/1.6/[0.5]

