Archive member included to satisfy reference by file (symbol)

c:/st/stm32cubeide_1.12.0/stm32cubeide/plugins/com.st.stm32cube.ide.mcu.externaltools.gnu-tools-for-stm32.10.3-2021.10.win32_1.0.200.202301161003/tools/bin/../lib/gcc/arm-none-eabi/10.3.1/../../../../arm-none-eabi/lib/thumb/v7e-m+fp/hard\libstdc++_nano.a(del_ops.o)
                              ./Core/Src/gpioElements.o (operator delete(void*, unsigned int))
c:/st/stm32cubeide_1.12.0/stm32cubeide/plugins/com.st.stm32cube.ide.mcu.externaltools.gnu-tools-for-stm32.10.3-2021.10.win32_1.0.200.202301161003/tools/bin/../lib/gcc/arm-none-eabi/10.3.1/../../../../arm-none-eabi/lib/thumb/v7e-m+fp/hard\libstdc++_nano.a(del_op.o)
                              c:/st/stm32cubeide_1.12.0/stm32cubeide/plugins/com.st.stm32cube.ide.mcu.externaltools.gnu-tools-for-stm32.10.3-2021.10.win32_1.0.200.202301161003/tools/bin/../lib/gcc/arm-none-eabi/10.3.1/../../../../arm-none-eabi/lib/thumb/v7e-m+fp/hard\libstdc++_nano.a(del_ops.o) (operator delete(void*))
c:/st/stm32cubeide_1.12.0/stm32cubeide/plugins/com.st.stm32cube.ide.mcu.externaltools.gnu-tools-for-stm32.10.3-2021.10.win32_1.0.200.202301161003/tools/bin/../lib/gcc/arm-none-eabi/10.3.1/../../../../arm-none-eabi/lib/thumb/v7e-m+fp/hard\libc_nano.a(lib_a-errno.o)
                              ./Core/Src/syscalls.o (__errno)
c:/st/stm32cubeide_1.12.0/stm32cubeide/plugins/com.st.stm32cube.ide.mcu.externaltools.gnu-tools-for-stm32.10.3-2021.10.win32_1.0.200.202301161003/tools/bin/../lib/gcc/arm-none-eabi/10.3.1/../../../../arm-none-eabi/lib/thumb/v7e-m+fp/hard\libc_nano.a(lib_a-exit.o)
                              c:/st/stm32cubeide_1.12.0/stm32cubeide/plugins/com.st.stm32cube.ide.mcu.externaltools.gnu-tools-for-stm32.10.3-2021.10.win32_1.0.200.202301161003/tools/bin/../lib/gcc/arm-none-eabi/10.3.1/../../../../arm-none-eabi/lib/thumb/v7e-m+fp/hard/crt0.o (exit)
c:/st/stm32cubeide_1.12.0/stm32cubeide/plugins/com.st.stm32cube.ide.mcu.externaltools.gnu-tools-for-stm32.10.3-2021.10.win32_1.0.200.202301161003/tools/bin/../lib/gcc/arm-none-eabi/10.3.1/../../../../arm-none-eabi/lib/thumb/v7e-m+fp/hard\libc_nano.a(lib_a-impure.o)
                              c:/st/stm32cubeide_1.12.0/stm32cubeide/plugins/com.st.stm32cube.ide.mcu.externaltools.gnu-tools-for-stm32.10.3-2021.10.win32_1.0.200.202301161003/tools/bin/../lib/gcc/arm-none-eabi/10.3.1/../../../../arm-none-eabi/lib/thumb/v7e-m+fp/hard\libc_nano.a(lib_a-exit.o) (_global_impure_ptr)
c:/st/stm32cubeide_1.12.0/stm32cubeide/plugins/com.st.stm32cube.ide.mcu.externaltools.gnu-tools-for-stm32.10.3-2021.10.win32_1.0.200.202301161003/tools/bin/../lib/gcc/arm-none-eabi/10.3.1/../../../../arm-none-eabi/lib/thumb/v7e-m+fp/hard\libc_nano.a(lib_a-init.o)
                              c:/st/stm32cubeide_1.12.0/stm32cubeide/plugins/com.st.stm32cube.ide.mcu.externaltools.gnu-tools-for-stm32.10.3-2021.10.win32_1.0.200.202301161003/tools/bin/../lib/gcc/arm-none-eabi/10.3.1/../../../../arm-none-eabi/lib/thumb/v7e-m+fp/hard/crt0.o (__libc_init_array)
c:/st/stm32cubeide_1.12.0/stm32cubeide/plugins/com.st.stm32cube.ide.mcu.externaltools.gnu-tools-for-stm32.10.3-2021.10.win32_1.0.200.202301161003/tools/bin/../lib/gcc/arm-none-eabi/10.3.1/../../../../arm-none-eabi/lib/thumb/v7e-m+fp/hard\libc_nano.a(lib_a-malloc.o)
                              c:/st/stm32cubeide_1.12.0/stm32cubeide/plugins/com.st.stm32cube.ide.mcu.externaltools.gnu-tools-for-stm32.10.3-2021.10.win32_1.0.200.202301161003/tools/bin/../lib/gcc/arm-none-eabi/10.3.1/../../../../arm-none-eabi/lib/thumb/v7e-m+fp/hard\libstdc++_nano.a(del_op.o) (free)
c:/st/stm32cubeide_1.12.0/stm32cubeide/plugins/com.st.stm32cube.ide.mcu.externaltools.gnu-tools-for-stm32.10.3-2021.10.win32_1.0.200.202301161003/tools/bin/../lib/gcc/arm-none-eabi/10.3.1/../../../../arm-none-eabi/lib/thumb/v7e-m+fp/hard\libc_nano.a(lib_a-memcpy-stub.o)
                              ./Core/Src/main.o (memcpy)
c:/st/stm32cubeide_1.12.0/stm32cubeide/plugins/com.st.stm32cube.ide.mcu.externaltools.gnu-tools-for-stm32.10.3-2021.10.win32_1.0.200.202301161003/tools/bin/../lib/gcc/arm-none-eabi/10.3.1/../../../../arm-none-eabi/lib/thumb/v7e-m+fp/hard\libc_nano.a(lib_a-memset.o)
                              c:/st/stm32cubeide_1.12.0/stm32cubeide/plugins/com.st.stm32cube.ide.mcu.externaltools.gnu-tools-for-stm32.10.3-2021.10.win32_1.0.200.202301161003/tools/bin/../lib/gcc/arm-none-eabi/10.3.1/../../../../arm-none-eabi/lib/thumb/v7e-m+fp/hard/crt0.o (memset)
c:/st/stm32cubeide_1.12.0/stm32cubeide/plugins/com.st.stm32cube.ide.mcu.externaltools.gnu-tools-for-stm32.10.3-2021.10.win32_1.0.200.202301161003/tools/bin/../lib/gcc/arm-none-eabi/10.3.1/../../../../arm-none-eabi/lib/thumb/v7e-m+fp/hard\libc_nano.a(lib_a-nano-freer.o)
[...]
Memory Configuration

Name             Origin             Length             Attributes
RAM              0x0000000020000000 0x0000000000050000 xrw
RAM2             0x0000000010000000 0x0000000000010000 xrw
RAM3             0x0000000020030000 0x0000000000020000 xrw
FLASH            0x0000000008000000 0x0000000000080000 xr
*default*        0x0000000000000000 0xffffffffffffffff

Linker script and memory map

LOAD c:/st/stm32cubeide_1.12.0/stm32cubeide/plugins/com.st.stm32cube.ide.mcu.externaltools.gnu-tools-for-stm32.10.3-2021.10.win32_1.0.200.202301161003/tools/bin/../lib/gcc/arm-none-eabi/10.3.1/thumb/v7e-m+fp/hard/crti.o
LOAD c:/st/stm32cubeide_1.12.0/stm32cubeide/plugins/com.st.stm32cube.ide.mcu.externaltools.gnu-tools-for-stm32.10.3-2021.10.win32_1.0.200.202301161003/tools/bin/../lib/gcc/arm-none-eabi/10.3.1/thumb/v7e-m+fp/hard/crtbegin.o
LOAD c:/st/stm32cubeide_1.12.0/stm32cubeide/plugins/com.st.stm32cube.ide.mcu.externaltools.gnu-tools-for-stm32.10.3-2021.10.win32_1.0.200.202301161003/tools/bin/../lib/gcc/arm-none-eabi/10.3.1/../../../../arm-none-eabi/lib/thumb/v7e-m+fp/hard/crt0.o
LOAD ./Core/Src/gpioElements.o
LOAD ./Core/Src/main.o
LOAD ./Core/Src/stm32l4xx_hal_msp.o
LOAD ./Core/Src/stm32l4xx_it.o
LOAD ./Core/Src/syscalls.o
LOAD ./Core/Src/sysmem.o
LOAD ./Core/Src/system_stm32l4xx.o
LOAD ./Core/Src/timer.o
LOAD ./Core/Startup/startup_stm32l4p5retx.o
LOAD ./Drivers/STM32L4xx_HAL_Driver/stm32l4xx_hal.o
LOAD ./Drivers/STM32L4xx_HAL_Driver/stm32l4xx_hal_adc.o
LOAD ./Drivers/STM32L4xx_HAL_Driver/stm32l4xx_hal_adc_ex.o
LOAD ./Drivers/STM32L4xx_HAL_Driver/stm32l4xx_hal_can.o
LOAD ./Drivers/STM32L4xx_HAL_Driver/stm32l4xx_hal_cortex.o
LOAD ./Drivers/STM32L4xx_HAL_Driver/stm32l4xx_hal_dma.o
LOAD ./Drivers/STM32L4xx_HAL_Driver/stm32l4xx_hal_dma_ex.o
LOAD ./Drivers/STM32L4xx_HAL_Driver/stm32l4xx_hal_exti.o
LOAD ./Drivers/STM32L4xx_HAL_Driver/stm32l4xx_hal_flash.o
LOAD ./Drivers/STM32L4xx_HAL_Driver/stm32l4xx_hal_flash_ex.o
LOAD ./Drivers/STM32L4xx_HAL_Driver/stm32l4xx_hal_flash_ramfunc.o
LOAD ./Drivers/STM32L4xx_HAL_Driver/stm32l4xx_hal_gpio.o
LOAD ./Drivers/STM32L4xx_HAL_Driver/stm32l4xx_hal_pwr.o
LOAD ./Drivers/STM32L4xx_HAL_Driver/stm32l4xx_hal_pwr_ex.o
LOAD ./Drivers/STM32L4xx_HAL_Driver/stm32l4xx_hal_rcc.o
LOAD ./Drivers/STM32L4xx_HAL_Driver/stm32l4xx_hal_rcc_ex.o
LOAD ./Drivers/STM32L4xx_HAL_Driver/stm32l4xx_hal_tim.o
LOAD ./Drivers/STM32L4xx_HAL_Driver/stm32l4xx_hal_tim_ex.o
START GROUP
LOAD c:/st/stm32cubeide_1.12.0/stm32cubeide/plugins/com.st.stm32cube.ide.mcu.externaltools.gnu-tools-for-stm32.10.3-2021.10.win32_1.0.200.202301161003/tools/bin/../lib/gcc/arm-none-eabi/10.3.1/../../../../arm-none-eabi/lib/thumb/v7e-m+fp/hard\libstdc++_nano.a
LOAD c:/st/stm32cubeide_1.12.0/stm32cubeide/plugins/com.st.stm32cube.ide.mcu.externaltools.gnu-tools-for-stm32.10.3-2021.10.win32_1.0.200.202301161003/tools/bin/../lib/gcc/arm-none-eabi/10.3.1/../../../../arm-none-eabi/lib/thumb/v7e-m+fp/hard\libsupc++_nano.a
END GROUP
LOAD c:/st/stm32cubeide_1.12.0/stm32cubeide/plugins/com.st.stm32cube.ide.mcu.externaltools.gnu-tools-for-stm32.10.3-2021.10.win32_1.0.200.202301161003/tools/bin/../lib/gcc/arm-none-eabi/10.3.1/../../../../arm-none-eabi/lib/thumb/v7e-m+fp/hard\libstdc++_nano.a
LOAD c:/st/stm32cubeide_1.12.0/stm32cubeide/plugins/com.st.stm32cube.ide.mcu.externaltools.gnu-tools-for-stm32.10.3-2021.10.win32_1.0.200.202301161003/tools/bin/../lib/gcc/arm-none-eabi/10.3.1/../../../../arm-none-eabi/lib/thumb/v7e-m+fp/hard\libm.a
LOAD c:/st/stm32cubeide_1.12.0/stm32cubeide/plugins/com.st.stm32cube.ide.mcu.externaltools.gnu-tools-for-stm32.10.3-2021.10.win32_1.0.200.202301161003/tools/bin/../lib/gcc/arm-none-eabi/10.3.1/../../../../arm-none-eabi/lib/thumb/v7e-m+fp/hard\libc_nano.a
START GROUP
LOAD c:/st/stm32cubeide_1.12.0/stm32cubeide/plugins/com.st.stm32cube.ide.mcu.externaltools.gnu-tools-for-stm32.10.3-2021.10.win32_1.0.200.202301161003/tools/bin/../lib/gcc/arm-none-eabi/10.3.1/thumb/v7e-m+fp/hard\libgcc.a
LOAD c:/st/stm32cubeide_1.12.0/stm32cubeide/plugins/com.st.stm32cube.ide.mcu.externaltools.gnu-tools-for-stm32.10.3-2021.10.win32_1.0.200.202301161003/tools/bin/../lib/gcc/arm-none-eabi/10.3.1/../../../../arm-none-eabi/lib/thumb/v7e-m+fp/hard\libc_nano.a
END GROUP
START GROUP
LOAD c:/st/stm32cubeide_1.12.0/stm32cubeide/plugins/com.st.stm32cube.ide.mcu.externaltools.gnu-tools-for-stm32.10.3-2021.10.win32_1.0.200.202301161003/tools/bin/../lib/gcc/arm-none-eabi/10.3.1/thumb/v7e-m+fp/hard\libgcc.a
LOAD c:/st/stm32cubeide_1.12.0/stm32cubeide/plugins/com.st.stm32cube.ide.mcu.externaltools.gnu-tools-for-stm32.10.3-2021.10.win32_1.0.200.202301161003/tools/bin/../lib/gcc/arm-none-eabi/10.3.1/../../../../arm-none-eabi/lib/thumb/v7e-m+fp/hard\libc_nano.a
LOAD c:/st/stm32cubeide_1.12.0/stm32cubeide/plugins/com.st.stm32cube.ide.mcu.externaltools.gnu-tools-for-stm32.10.3-2021.10.win32_1.0.200.202301161003/tools/bin/../lib/gcc/arm-none-eabi/10.3.1/../../../../arm-none-eabi/lib/thumb/v7e-m+fp/hard\libnosys.a
END GROUP
START GROUP
LOAD c:/st/stm32cubeide_1.12.0/stm32cubeide/plugins/com.st.stm32cube.ide.mcu.externaltools.gnu-tools-for-stm32.10.3-2021.10.win32_1.0.200.202301161003/tools/bin/../lib/gcc/arm-none-eabi/10.3.1/thumb/v7e-m+fp/hard\libgcc.a
LOAD c:/st/stm32cubeide_1.12.0/stm32cubeide/plugins/com.st.stm32cube.ide.mcu.externaltools.gnu-tools-for-stm32.10.3-2021.10.win32_1.0.200.202301161003/tools/bin/../lib/gcc/arm-none-eabi/10.3.1/../../../../arm-none-eabi/lib/thumb/v7e-m+fp/hard\libc_nano.a
LOAD c:/st/stm32cubeide_1.12.0/stm32cubeide/plugins/com.st.stm32cube.ide.mcu.externaltools.gnu-tools-for-stm32.10.3-2021.10.win32_1.0.200.202301161003/tools/bin/../lib/gcc/arm-none-eabi/10.3.1/../../../../arm-none-eabi/lib/thumb/v7e-m+fp/hard\libnosys.a
END GROUP
LOAD c:/st/stm32cubeide_1.12.0/stm32cubeide/plugins/com.st.stm32cube.ide.mcu.externaltools.gnu-tools-for-stm32.10.3-2021.10.win32_1.0.200.202301161003/tools/bin/../lib/gcc/arm-none-eabi/10.3.1/thumb/v7e-m+fp/hard/crtend.o
LOAD c:/st/stm32cubeide_1.12.0/stm32cubeide/plugins/com.st.stm32cube.ide.mcu.externaltools.gnu-tools-for-stm32.10.3-2021.10.win32_1.0.200.202301161003/tools/bin/../lib/gcc/arm-none-eabi/10.3.1/thumb/v7e-m+fp/hard/crtn.o
                0x0000000020050000                _estack = (ORIGIN (RAM) + LENGTH (RAM))
                0x0000000000000200                _Min_Heap_Size = 0x200
                0x0000000000000400                _Min_Stack_Size = 0x400

.isr_vector     0x0000000008000000      0x1bc
                0x0000000008000000                . = ALIGN (0x4)
 *(.isr_vector)
 .isr_vector    0x0000000008000000      0x1bc ./Core/Startup/startup_stm32l4p5retx.o
                0x0000000008000000                g_pfnVectors
                0x00000000080001bc                . = ALIGN (0x4)

.text           0x00000000080001bc     0x5be4
                0x00000000080001bc                . = ALIGN (0x4)
 *(.text)
 .text          0x00000000080001bc       0x40 c:/st/stm32cubeide_1.12.0/stm32cubeide/plugins/com.st.stm32cube.ide.mcu.externaltools.gnu-tools-for-stm32.10.3-2021.10.win32_1.0.200.202301161003/tools/bin/../lib/gcc/arm-none-eabi/10.3.1/thumb/v7e-m+fp/hard/crtbegin.o
 *(.text*)
 .text._ZN11GpioElement6handleEv
                0x00000000080001fc       0x14 ./Core/Src/gpioElements.o
                0x00000000080001fc                GpioElement::handle()
 .text._ZN11GpioElementD2Ev
                0x0000000008000210       0x20 ./Core/Src/gpioElements.o
                0x0000000008000210                GpioElement::~GpioElement()
                0x0000000008000210                GpioElement::~GpioElement()
 .text._ZN11GpioElementD0Ev
                0x0000000008000230       0x20 ./Core/Src/gpioElements.o
                0x0000000008000230                GpioElement::~GpioElement()
 .text._ZN14GpioOutElementD2Ev
                0x0000000008000250       0x24 ./Core/Src/gpioElements.o
                0x0000000008000250                GpioOutElement::~GpioOutElement()
                0x0000000008000250                GpioOutElement::~GpioOutElement()
 .text._ZN14GpioOutElementD0Ev
                0x0000000008000274       0x20 ./Core/Src/gpioElements.o
                0x0000000008000274                GpioOutElement::~GpioOutElement()
 .text._ZN13GpioInElementD2Ev
                0x0000000008000294       0x24 ./Core/Src/gpioElements.o
                0x0000000008000294                GpioInElement::~GpioInElement()
                0x0000000008000294                GpioInElement::~GpioInElement()
 .text._ZN13GpioInElementD0Ev
                0x00000000080002b8       0x20 ./Core/Src/gpioElements.o
                0x00000000080002b8                GpioInElement::~GpioInElement()
 .text._ZN11GpioElementC2EPK12GPIO_TypeDefmb
                0x00000000080002d8       0x38 ./Core/Src/gpioElements.o
                0x00000000080002d8                GpioElement::GpioElement(GPIO_TypeDef const*, unsigned long, bool)
                0x00000000080002d8                GpioElement::GpioElement(GPIO_TypeDef const*, unsigned long, bool)
 .text._ZN14GpioOutElementC2EPK12GPIO_TypeDefm
                0x0000000008000310       0x2c ./Core/Src/gpioElements.o
                0x0000000008000310                GpioOutElement::GpioOutElement(GPIO_TypeDef const*, unsigned long)
                0x0000000008000310                GpioOutElement::GpioOutElement(GPIO_TypeDef const*, unsigned long)
 .text._ZN14GpioOutElement8activateEv
                0x000000000800033c       0x2e ./Core/Src/gpioElements.o
                0x000000000800033c                GpioOutElement::activate()
 *fill*         0x000000000800036a        0x2 
 .text._ZN13GpioInElementC2EPK12GPIO_TypeDefm
                0x000000000800036c       0x2c ./Core/Src/gpioElements.o
                0x000000000800036c                GpioInElement::GpioInElement(GPIO_TypeDef const*, unsigned long)
                0x000000000800036c                GpioInElement::GpioInElement(GPIO_TypeDef const*, unsigned long)
 .text.main     0x0000000008000398       0x94 ./Core/Src/main.o
                0x0000000008000398                main
 .text._Z18SystemClock_Configv
                0x000000000800042c       0xbc ./Core/Src/main.o
                0x000000000800042c                SystemClock_Config()
 .text._ZL12MX_ADC1_Initv
                0x00000000080004e8      0x110 ./Core/Src/main.o
 .text._ZL12MX_CAN1_Initv
                0x00000000080005f8       0x78 ./Core/Src/main.o
 .text._ZL12MX_TIM3_Initv
                0x0000000008000670      0x124 ./Core/Src/main.o
 .text._ZL11MX_DMA_Initv
                0x0000000008000794       0x54 ./Core/Src/main.o
 .text._ZL12MX_GPIO_Initv
                0x00000000080007e8       0xf8 ./Core/Src/main.o
 .text._Z20starTogglingWatchdogv
                0x00000000080008e0       0x14 ./Core/Src/main.o
                0x00000000080008e0                starTogglingWatchdog()
 .text.Error_Handler
                0x00000000080008f4        0xa ./Core/Src/main.o
                0x00000000080008f4                Error_Handler
 *fill*         0x00000000080008fe        0x2 
 .text._Z41__static_initialization_and_destruction_0ii
                0x0000000008000900      0x100 ./Core/Src/main.o
 .text._GLOBAL__sub_I__ZN8PUTM_CAN3canE
                0x0000000008000a00       0x10 ./Core/Src/main.o
 .text._GLOBAL__sub_D__ZN8PUTM_CAN3canE
                0x0000000008000a10       0x10 ./Core/Src/main.o
 .text.HAL_MspInit
                0x0000000008000a20       0x48 ./Core/Src/stm32l4xx_hal_msp.o
                0x0000000008000a20                HAL_MspInit
 .text.HAL_ADC_MspInit
                0x0000000008000a68      0x130 ./Core/Src/stm32l4xx_hal_msp.o
                0x0000000008000a68                HAL_ADC_MspInit
 .text.HAL_CAN_MspInit
                0x0000000008000b98       0x88 ./Core/Src/stm32l4xx_hal_msp.o
                0x0000000008000b98                HAL_CAN_MspInit
 .text.HAL_TIM_Base_MspInit
                0x0000000008000c20       0x40 ./Core/Src/stm32l4xx_hal_msp.o
                0x0000000008000c20                HAL_TIM_Base_MspInit
 .text.HAL_TIM_MspPostInit
                0x0000000008000c60       0x6c ./Core/Src/stm32l4xx_hal_msp.o
                0x0000000008000c60                HAL_TIM_MspPostInit
 .text.NMI_Handler
                0x0000000008000ccc        0x6 ./Core/Src/stm32l4xx_it.o
                0x0000000008000ccc                NMI_Handler
 .text.HardFault_Handler
                0x0000000008000cd2        0x6 ./Core/Src/stm32l4xx_it.o
                0x0000000008000cd2                HardFault_Handler
 .text.MemManage_Handler
                0x0000000008000cd8        0x6 ./Core/Src/stm32l4xx_it.o
                0x0000000008000cd8                MemManage_Handler
 .text.BusFault_Handler
                0x0000000008000cde        0x6 ./Core/Src/stm32l4xx_it.o
                0x0000000008000cde                BusFault_Handler
 .text.UsageFault_Handler
                0x0000000008000ce4        0x6 ./Core/Src/stm32l4xx_it.o
                0x0000000008000ce4                UsageFault_Handler
 .text.SVC_Handler
                0x0000000008000cea        0xe ./Core/Src/stm32l4xx_it.o
                0x0000000008000cea                SVC_Handler
 .text.DebugMon_Handler
                0x0000000008000cf8        0xe ./Core/Src/stm32l4xx_it.o
                0x0000000008000cf8                DebugMon_Handler
 .text.PendSV_Handler
                0x0000000008000d06        0xe ./Core/Src/stm32l4xx_it.o
                0x0000000008000d06                PendSV_Handler
 .text.SysTick_Handler
                0x0000000008000d14        0xc ./Core/Src/stm32l4xx_it.o
                0x0000000008000d14                SysTick_Handler
 .text.DMA1_Channel1_IRQHandler
                0x0000000008000d20       0x14 ./Core/Src/stm32l4xx_it.o
                0x0000000008000d20                DMA1_Channel1_IRQHandler
 .text.SystemInit
                0x0000000008000d34       0x24 ./Core/Src/system_stm32l4xx.o
                0x0000000008000d34                SystemInit
 .text.Reset_Handler
                0x0000000008000d58       0x50 ./Core/Startup/startup_stm32l4p5retx.o
                0x0000000008000d58                Reset_Handler
 .text.Default_Handler
                0x0000000008000da8        0x2 ./Core/Startup/startup_stm32l4p5retx.o
                0x0000000008000da8                RTC_Alarm_IRQHandler
                0x0000000008000da8                EXTI2_IRQHandler
                0x0000000008000da8                TIM8_TRG_COM_IRQHandler
                0x0000000008000da8                TIM8_CC_IRQHandler
                0x0000000008000da8                TIM1_CC_IRQHandler
                0x0000000008000da8                TSC_IRQHandler
                0x0000000008000da8                TAMP_STAMP_IRQHandler
                0x0000000008000da8                EXTI3_IRQHandler
                0x0000000008000da8                LPTIM2_IRQHandler
                0x0000000008000da8                DFSDM1_FLT1_IRQHandler
                0x0000000008000da8                I2C3_ER_IRQHandler
                0x0000000008000da8                EXTI0_IRQHandler
                0x0000000008000da8                I2C2_EV_IRQHandler
                0x0000000008000da8                CAN1_RX0_IRQHandler
                0x0000000008000da8                FPU_IRQHandler
                0x0000000008000da8                TIM1_UP_TIM16_IRQHandler
                0x0000000008000da8                LTDC_ER_IRQHandler
                0x0000000008000da8                ADC1_2_IRQHandler
                0x0000000008000da8                SPI1_IRQHandler
                0x0000000008000da8                OCTOSPI1_IRQHandler
                0x0000000008000da8                TIM6_DAC_IRQHandler
                0x0000000008000da8                TIM8_UP_IRQHandler
                0x0000000008000da8                OCTOSPI2_IRQHandler
                0x0000000008000da8                DMA2_Channel2_IRQHandler
                0x0000000008000da8                DMA1_Channel4_IRQHandler
                0x0000000008000da8                SAI2_IRQHandler
                0x0000000008000da8                USART3_IRQHandler
                0x0000000008000da8                DMA1_Channel7_IRQHandler
                0x0000000008000da8                CAN1_RX1_IRQHandler
                0x0000000008000da8                UART5_IRQHandler
                0x0000000008000da8                TIM4_IRQHandler
                0x0000000008000da8                DMA2_Channel1_IRQHandler
                0x0000000008000da8                I2C1_EV_IRQHandler
                0x0000000008000da8                DMAMUX1_OVR_IRQHandler
                0x0000000008000da8                DMA1_Channel6_IRQHandler
                0x0000000008000da8                UART4_IRQHandler
                0x0000000008000da8                DMA2_Channel4_IRQHandler
                0x0000000008000da8                TIM3_IRQHandler
                0x0000000008000da8                RCC_IRQHandler
                0x0000000008000da8                Default_Handler
                0x0000000008000da8                DMA2_Channel7_IRQHandler
                0x0000000008000da8                EXTI15_10_IRQHandler
                0x0000000008000da8                TIM7_IRQHandler
                0x0000000008000da8                SDMMC1_IRQHandler
                0x0000000008000da8                TIM5_IRQHandler
                0x0000000008000da8                I2C3_EV_IRQHandler
                0x0000000008000da8                EXTI9_5_IRQHandler
                0x0000000008000da8                RTC_WKUP_IRQHandler
                0x0000000008000da8                LTDC_IRQHandler
                0x0000000008000da8                PVD_PVM_IRQHandler
                0x0000000008000da8                SPI2_IRQHandler
                0x0000000008000da8                CAN1_TX_IRQHandler
                0x0000000008000da8                DMA2_Channel5_IRQHandler
                0x0000000008000da8                DMA1_Channel5_IRQHandler
                0x0000000008000da8                EXTI4_IRQHandler
                0x0000000008000da8                RNG_IRQHandler
                0x0000000008000da8                TIM1_TRG_COM_TIM17_IRQHandler
                0x0000000008000da8                DMA1_Channel3_IRQHandler
                0x0000000008000da8                COMP_IRQHandler
                0x0000000008000da8                HASH_CRS_IRQHandler
                0x0000000008000da8                WWDG_IRQHandler
                0x0000000008000da8                I2C4_EV_IRQHandler
                0x0000000008000da8                LPUART1_IRQHandler
                0x0000000008000da8                DMA2_Channel6_IRQHandler
                0x0000000008000da8                TIM2_IRQHandler
                0x0000000008000da8                DMA2D_IRQHandler
                0x0000000008000da8                EXTI1_IRQHandler
                0x0000000008000da8                SDMMC2_IRQHandler
                0x0000000008000da8                USART2_IRQHandler
                0x0000000008000da8                DFSDM1_FLT0_IRQHandler
                0x0000000008000da8                I2C2_ER_IRQHandler
                0x0000000008000da8                DMA1_Channel2_IRQHandler
                0x0000000008000da8                TIM8_BRK_IRQHandler
                0x0000000008000da8                CAN1_SCE_IRQHandler
                0x0000000008000da8                FLASH_IRQHandler
                0x0000000008000da8                USART1_IRQHandler
                0x0000000008000da8                OTG_FS_IRQHandler
                0x0000000008000da8                SPI3_IRQHandler
                0x0000000008000da8                I2C1_ER_IRQHandler
                0x0000000008000da8                FMC_IRQHandler
                0x0000000008000da8                LPTIM1_IRQHandler
                0x0000000008000da8                DCMI_PSSI_IRQHandler
                0x0000000008000da8                I2C4_ER_IRQHandler
                0x0000000008000da8                SAI1_IRQHandler
                0x0000000008000da8                DMA2_Channel3_IRQHandler
                0x0000000008000da8                TIM1_BRK_TIM15_IRQHandler
 .text.HAL_Init
                0x0000000008000daa       0x30 ./Drivers/STM32L4xx_HAL_Driver/stm32l4xx_hal.o
                0x0000000008000daa                HAL_Init
 *fill*         0x0000000008000dda        0x2 
 .text.HAL_InitTick
                0x0000000008000ddc       0x78 ./Drivers/STM32L4xx_HAL_Driver/stm32l4xx_hal.o
                0x0000000008000ddc                HAL_InitTick
 .text.HAL_IncTick
                0x0000000008000e54       0x28 ./Drivers/STM32L4xx_HAL_Driver/stm32l4xx_hal.o
                0x0000000008000e54                HAL_IncTick
 .text.HAL_GetTick
                0x0000000008000e7c       0x18 ./Drivers/STM32L4xx_HAL_Driver/stm32l4xx_hal.o
                0x0000000008000e7c                HAL_GetTick
 .text.HAL_Delay
                0x0000000008000e94       0x48 ./Drivers/STM32L4xx_HAL_Driver/stm32l4xx_hal.o
                0x0000000008000e94                HAL_Delay
 .text.LL_ADC_SetCommonClock
                0x0000000008000edc       0x26 ./Drivers/STM32L4xx_HAL_Driver/stm32l4xx_hal_adc.o
 .text.LL_ADC_SetCommonPathInternalCh
                0x0000000008000f02       0x26 ./Drivers/STM32L4xx_HAL_Driver/stm32l4xx_hal_adc.o
 .text.LL_ADC_GetCommonPathInternalCh
                0x0000000008000f28       0x1c ./Drivers/STM32L4xx_HAL_Driver/stm32l4xx_hal_adc.o
 .text.LL_ADC_SetOffset
                0x0000000008000f44       0x48 ./Drivers/STM32L4xx_HAL_Driver/stm32l4xx_hal_adc.o
 .text.LL_ADC_GetOffsetChannel
                0x0000000008000f8c       0x2c ./Drivers/STM32L4xx_HAL_Driver/stm32l4xx_hal_adc.o
 .text.LL_ADC_SetOffsetState
                0x0000000008000fb8       0x36 ./Drivers/STM32L4xx_HAL_Driver/stm32l4xx_hal_adc.o
 .text.LL_ADC_SetSamplingTimeCommonConfig
                0x0000000008000fee       0x26 ./Drivers/STM32L4xx_HAL_Driver/stm32l4xx_hal_adc.o
 .text.LL_ADC_REG_IsTriggerSourceSWStart
                0x0000000008001014       0x26 ./Drivers/STM32L4xx_HAL_Driver/stm32l4xx_hal_adc.o
 .text.LL_ADC_REG_SetSequencerRanks
                0x000000000800103a       0x58 ./Drivers/STM32L4xx_HAL_Driver/stm32l4xx_hal_adc.o
 .text.LL_ADC_SetChannelSamplingTime
                0x0000000008001092       0x56 ./Drivers/STM32L4xx_HAL_Driver/stm32l4xx_hal_adc.o
 .text.LL_ADC_SetChannelSingleDiff
                0x00000000080010e8       0x48 ./Drivers/STM32L4xx_HAL_Driver/stm32l4xx_hal_adc.o
 .text.LL_ADC_GetMultimode
                0x0000000008001130       0x1c ./Drivers/STM32L4xx_HAL_Driver/stm32l4xx_hal_adc.o
 .text.LL_ADC_DisableDeepPowerDown
                0x000000000800114c       0x24 ./Drivers/STM32L4xx_HAL_Driver/stm32l4xx_hal_adc.o
 .text.LL_ADC_IsDeepPowerDownEnabled
                0x0000000008001170       0x28 ./Drivers/STM32L4xx_HAL_Driver/stm32l4xx_hal_adc.o
 .text.LL_ADC_EnableInternalRegulator
                0x0000000008001198       0x28 ./Drivers/STM32L4xx_HAL_Driver/stm32l4xx_hal_adc.o
 .text.LL_ADC_IsInternalRegulatorEnabled
                0x00000000080011c0       0x28 ./Drivers/STM32L4xx_HAL_Driver/stm32l4xx_hal_adc.o
 .text.LL_ADC_Enable
                0x00000000080011e8       0x28 ./Drivers/STM32L4xx_HAL_Driver/stm32l4xx_hal_adc.o
 .text.LL_ADC_Disable
                0x0000000008001210       0x28 ./Drivers/STM32L4xx_HAL_Driver/stm32l4xx_hal_adc.o
 .text.LL_ADC_IsEnabled
                0x0000000008001238       0x26 ./Drivers/STM32L4xx_HAL_Driver/stm32l4xx_hal_adc.o
 .text.LL_ADC_IsDisableOngoing
                0x000000000800125e       0x26 ./Drivers/STM32L4xx_HAL_Driver/stm32l4xx_hal_adc.o
 .text.LL_ADC_REG_StartConversion
                0x0000000008001284       0x28 ./Drivers/STM32L4xx_HAL_Driver/stm32l4xx_hal_adc.o
 .text.LL_ADC_REG_IsConversionOngoing
                0x00000000080012ac       0x26 ./Drivers/STM32L4xx_HAL_Driver/stm32l4xx_hal_adc.o
 .text.LL_ADC_INJ_IsConversionOngoing
                0x00000000080012d2       0x26 ./Drivers/STM32L4xx_HAL_Driver/stm32l4xx_hal_adc.o
 .text.HAL_ADC_Init
                0x00000000080012f8      0x2a4 ./Drivers/STM32L4xx_HAL_Driver/stm32l4xx_hal_adc.o
                0x00000000080012f8                HAL_ADC_Init
 .text.HAL_ADC_Start_DMA
                0x000000000800159c      0x168 ./Drivers/STM32L4xx_HAL_Driver/stm32l4xx_hal_adc.o
                0x000000000800159c                HAL_ADC_Start_DMA
 .text.HAL_ADC_ConvCpltCallback
                0x0000000008001704       0x14 ./Drivers/STM32L4xx_HAL_Driver/stm32l4xx_hal_adc.o
                0x0000000008001704                HAL_ADC_ConvCpltCallback
 .text.HAL_ADC_ConvHalfCpltCallback
                0x0000000008001718       0x14 ./Drivers/STM32L4xx_HAL_Driver/stm32l4xx_hal_adc.o
                0x0000000008001718                HAL_ADC_ConvHalfCpltCallback
 .text.HAL_ADC_ErrorCallback
                0x000000000800172c       0x14 ./Drivers/STM32L4xx_HAL_Driver/stm32l4xx_hal_adc.o
                0x000000000800172c                HAL_ADC_ErrorCallback
 .text.HAL_ADC_ConfigChannel
                0x0000000008001740      0x7f8 ./Drivers/STM32L4xx_HAL_Driver/stm32l4xx_hal_adc.o
                0x0000000008001740                HAL_ADC_ConfigChannel
 .text.ADC_Enable
                0x0000000008001f38      0x10c ./Drivers/STM32L4xx_HAL_Driver/stm32l4xx_hal_adc.o
                0x0000000008001f38                ADC_Enable
 .text.ADC_Disable
                0x0000000008002044       0xbe ./Drivers/STM32L4xx_HAL_Driver/stm32l4xx_hal_adc.o
                0x0000000008002044                ADC_Disable
 .text.ADC_DMAConvCplt
                0x0000000008002102       0xd8 ./Drivers/STM32L4xx_HAL_Driver/stm32l4xx_hal_adc.o
                0x0000000008002102                ADC_DMAConvCplt
 .text.ADC_DMAHalfConvCplt
                0x00000000080021da       0x1c ./Drivers/STM32L4xx_HAL_Driver/stm32l4xx_hal_adc.o
                0x00000000080021da                ADC_DMAHalfConvCplt
 .text.ADC_DMAError
                0x00000000080021f6       0x34 ./Drivers/STM32L4xx_HAL_Driver/stm32l4xx_hal_adc.o
                0x00000000080021f6                ADC_DMAError
 .text.LL_ADC_IsEnabled
                0x000000000800222a       0x26 ./Drivers/STM32L4xx_HAL_Driver/stm32l4xx_hal_adc_ex.o
 .text.LL_ADC_StartCalibration
                0x0000000008002250       0x32 ./Drivers/STM32L4xx_HAL_Driver/stm32l4xx_hal_adc_ex.o
 .text.LL_ADC_IsCalibrationOnGoing
                0x0000000008002282       0x28 ./Drivers/STM32L4xx_HAL_Driver/stm32l4xx_hal_adc_ex.o
 .text.LL_ADC_REG_IsConversionOngoing
                0x00000000080022aa       0x26 ./Drivers/STM32L4xx_HAL_Driver/stm32l4xx_hal_adc_ex.o
 .text.HAL_ADCEx_Calibration_Start
                0x00000000080022d0       0xc0 ./Drivers/STM32L4xx_HAL_Driver/stm32l4xx_hal_adc_ex.o
                0x00000000080022d0                HAL_ADCEx_Calibration_Start
 .text.HAL_ADCEx_MultiModeConfigChannel
                0x0000000008002390      0x148 ./Drivers/STM32L4xx_HAL_Driver/stm32l4xx_hal_adc_ex.o
                0x0000000008002390                HAL_ADCEx_MultiModeConfigChannel
 .text.HAL_CAN_Init
                0x00000000080024d8      0x1f6 ./Drivers/STM32L4xx_HAL_Driver/stm32l4xx_hal_can.o
                0x00000000080024d8                HAL_CAN_Init
 *fill*         0x00000000080026ce        0x2 
 .text.__NVIC_SetPriorityGrouping
                0x00000000080026d0       0x48 ./Drivers/STM32L4xx_HAL_Driver/stm32l4xx_hal_cortex.o
 .text.__NVIC_GetPriorityGrouping
                0x0000000008002718       0x1c ./Drivers/STM32L4xx_HAL_Driver/stm32l4xx_hal_cortex.o
 .text.__NVIC_EnableIRQ
                0x0000000008002734       0x3c ./Drivers/STM32L4xx_HAL_Driver/stm32l4xx_hal_cortex.o
 .text.__NVIC_SetPriority
                0x0000000008002770       0x54 ./Drivers/STM32L4xx_HAL_Driver/stm32l4xx_hal_cortex.o
 .text.NVIC_EncodePriority
                0x00000000080027c4       0x66 ./Drivers/STM32L4xx_HAL_Driver/stm32l4xx_hal_cortex.o
 *fill*         0x000000000800282a        0x2 
 .text.SysTick_Config
                0x000000000800282c       0x44 ./Drivers/STM32L4xx_HAL_Driver/stm32l4xx_hal_cortex.o
 .text.HAL_NVIC_SetPriorityGrouping
                0x0000000008002870       0x16 ./Drivers/STM32L4xx_HAL_Driver/stm32l4xx_hal_cortex.o
                0x0000000008002870                HAL_NVIC_SetPriorityGrouping
 .text.HAL_NVIC_SetPriority
                0x0000000008002886       0x38 ./Drivers/STM32L4xx_HAL_Driver/stm32l4xx_hal_cortex.o
                0x0000000008002886                HAL_NVIC_SetPriority
 .text.HAL_NVIC_EnableIRQ
                0x00000000080028be       0x1c ./Drivers/STM32L4xx_HAL_Driver/stm32l4xx_hal_cortex.o
                0x00000000080028be                HAL_NVIC_EnableIRQ
 .text.HAL_SYSTICK_Config
                0x00000000080028da       0x18 ./Drivers/STM32L4xx_HAL_Driver/stm32l4xx_hal_cortex.o
                0x00000000080028da                HAL_SYSTICK_Config
 *fill*         0x00000000080028f2        0x2 
 .text.HAL_DMA_Init
                0x00000000080028f4      0x150 ./Drivers/STM32L4xx_HAL_Driver/stm32l4xx_hal_dma.o
                0x00000000080028f4                HAL_DMA_Init
 .text.HAL_DMA_Start_IT
                0x0000000008002a44       0xf6 ./Drivers/STM32L4xx_HAL_Driver/stm32l4xx_hal_dma.o
                0x0000000008002a44                HAL_DMA_Start_IT
 .text.HAL_DMA_IRQHandler
                0x0000000008002b3a      0x15e ./Drivers/STM32L4xx_HAL_Driver/stm32l4xx_hal_dma.o
                0x0000000008002b3a                HAL_DMA_IRQHandler
 .text.DMA_SetConfig
                0x0000000008002c98       0x7c ./Drivers/STM32L4xx_HAL_Driver/stm32l4xx_hal_dma.o
 .text.DMA_CalcDMAMUXChannelBaseAndMask
                0x0000000008002d14       0x7c ./Drivers/STM32L4xx_HAL_Driver/stm32l4xx_hal_dma.o
 .text.DMA_CalcDMAMUXRequestGenBaseAndMask
                0x0000000008002d90       0x48 ./Drivers/STM32L4xx_HAL_Driver/stm32l4xx_hal_dma.o
 .text.HAL_GPIO_Init
                0x0000000008002dd8      0x324 ./Drivers/STM32L4xx_HAL_Driver/stm32l4xx_hal_gpio.o
                0x0000000008002dd8                HAL_GPIO_Init
 .text.HAL_GPIO_ReadPin
                0x00000000080030fc       0x30 ./Drivers/STM32L4xx_HAL_Driver/stm32l4xx_hal_gpio.o
                0x00000000080030fc                HAL_GPIO_ReadPin
 .text.HAL_GPIO_WritePin
                0x000000000800312c       0x30 ./Drivers/STM32L4xx_HAL_Driver/stm32l4xx_hal_gpio.o
                0x000000000800312c                HAL_GPIO_WritePin
 .text.HAL_GPIO_TogglePin
                0x000000000800315c       0x34 ./Drivers/STM32L4xx_HAL_Driver/stm32l4xx_hal_gpio.o
                0x000000000800315c                HAL_GPIO_TogglePin
 .text.HAL_PWREx_GetVoltageRange
                0x0000000008003190       0x40 ./Drivers/STM32L4xx_HAL_Driver/stm32l4xx_hal_pwr_ex.o
                0x0000000008003190                HAL_PWREx_GetVoltageRange
 .text.HAL_PWREx_ControlVoltageScaling
                0x00000000080031d0      0x148 ./Drivers/STM32L4xx_HAL_Driver/stm32l4xx_hal_pwr_ex.o
                0x00000000080031d0                HAL_PWREx_ControlVoltageScaling
 .text.HAL_RCC_OscConfig
                0x0000000008003318      0x8f8 ./Drivers/STM32L4xx_HAL_Driver/stm32l4xx_hal_rcc.o
                0x0000000008003318                HAL_RCC_OscConfig
 .text.HAL_RCC_ClockConfig
                0x0000000008003c10      0x274 ./Drivers/STM32L4xx_HAL_Driver/stm32l4xx_hal_rcc.o
                0x0000000008003c10                HAL_RCC_ClockConfig
 .text.HAL_RCC_GetSysClockFreq
                0x0000000008003e84      0x114 ./Drivers/STM32L4xx_HAL_Driver/stm32l4xx_hal_rcc.o
                0x0000000008003e84                HAL_RCC_GetSysClockFreq
 .text.RCC_SetFlashLatencyFromMSIRange
                0x0000000008003f98       0xb4 ./Drivers/STM32L4xx_HAL_Driver/stm32l4xx_hal_rcc.o
 .text.RCC_GetSysClockFreqFromPLLSource
                0x000000000800404c       0xc8 ./Drivers/STM32L4xx_HAL_Driver/stm32l4xx_hal_rcc.o
 .text.HAL_RCCEx_PeriphCLKConfig
                0x0000000008004114      0x6d8 ./Drivers/STM32L4xx_HAL_Driver/stm32l4xx_hal_rcc_ex.o
                0x0000000008004114                HAL_RCCEx_PeriphCLKConfig
 .text.RCCEx_PLLSAI1_Config
                0x00000000080047ec      0x1e8 ./Drivers/STM32L4xx_HAL_Driver/stm32l4xx_hal_rcc_ex.o
 .text.RCCEx_PLLSAI2_Config
                0x00000000080049d4      0x1e8 ./Drivers/STM32L4xx_HAL_Driver/stm32l4xx_hal_rcc_ex.o
 .text.HAL_TIM_Base_Init
                0x0000000008004bbc       0xae ./Drivers/STM32L4xx_HAL_Driver/stm32l4xx_hal_tim.o
                0x0000000008004bbc                HAL_TIM_Base_Init
 .text.HAL_TIM_PWM_Init
                0x0000000008004c6a       0xae ./Drivers/STM32L4xx_HAL_Driver/stm32l4xx_hal_tim.o
                0x0000000008004c6a                HAL_TIM_PWM_Init
 .text.HAL_TIM_PWM_MspInit
                0x0000000008004d18       0x14 ./Drivers/STM32L4xx_HAL_Driver/stm32l4xx_hal_tim.o
                0x0000000008004d18                HAL_TIM_PWM_MspInit
 .text.HAL_TIM_PWM_Start
                0x0000000008004d2c      0x20c ./Drivers/STM32L4xx_HAL_Driver/stm32l4xx_hal_tim.o
                0x0000000008004d2c                HAL_TIM_PWM_Start
 .text.HAL_TIM_PWM_ConfigChannel
                0x0000000008004f38      0x228 ./Drivers/STM32L4xx_HAL_Driver/stm32l4xx_hal_tim.o
                0x0000000008004f38                HAL_TIM_PWM_ConfigChannel
 .text.HAL_TIM_ConfigClockSource
                0x0000000008005160      0x192 ./Drivers/STM32L4xx_HAL_Driver/stm32l4xx_hal_tim.o
                0x0000000008005160                HAL_TIM_ConfigClockSource
 *fill*         0x00000000080052f2        0x2 
 .text.TIM_Base_SetConfig
                0x00000000080052f4      0x134 ./Drivers/STM32L4xx_HAL_Driver/stm32l4xx_hal_tim.o
                0x00000000080052f4                TIM_Base_SetConfig
 .text.TIM_OC1_SetConfig
                0x0000000008005428      0x120 ./Drivers/STM32L4xx_HAL_Driver/stm32l4xx_hal_tim.o
 .text.TIM_OC2_SetConfig
                0x0000000008005548      0x114 ./Drivers/STM32L4xx_HAL_Driver/stm32l4xx_hal_tim.o
                0x0000000008005548                TIM_OC2_SetConfig
 .text.TIM_OC3_SetConfig
                0x000000000800565c      0x110 ./Drivers/STM32L4xx_HAL_Driver/stm32l4xx_hal_tim.o
 .text.TIM_OC4_SetConfig
                0x000000000800576c       0xd4 ./Drivers/STM32L4xx_HAL_Driver/stm32l4xx_hal_tim.o
 .text.TIM_OC5_SetConfig
                0x0000000008005840       0xc8 ./Drivers/STM32L4xx_HAL_Driver/stm32l4xx_hal_tim.o
 .text.TIM_OC6_SetConfig
                0x0000000008005908       0xcc ./Drivers/STM32L4xx_HAL_Driver/stm32l4xx_hal_tim.o
 .text.TIM_TI1_ConfigInputStage
                0x00000000080059d4       0x5e ./Drivers/STM32L4xx_HAL_Driver/stm32l4xx_hal_tim.o
 .text.TIM_TI2_ConfigInputStage
                0x0000000008005a32       0x60 ./Drivers/STM32L4xx_HAL_Driver/stm32l4xx_hal_tim.o
 .text.TIM_ITRx_SetConfig
                0x0000000008005a92       0x36 ./Drivers/STM32L4xx_HAL_Driver/stm32l4xx_hal_tim.o
 .text.TIM_ETR_SetConfig
                0x0000000008005ac8       0x40 ./Drivers/STM32L4xx_HAL_Driver/stm32l4xx_hal_tim.o
                0x0000000008005ac8                TIM_ETR_SetConfig
 .text.TIM_CCxChannelCmd
                0x0000000008005b08       0x4a ./Drivers/STM32L4xx_HAL_Driver/stm32l4xx_hal_tim.o
                0x0000000008005b08                TIM_CCxChannelCmd
 *fill*         0x0000000008005b52        0x2 
 .text.HAL_TIMEx_MasterConfigSynchronization
                0x0000000008005b54      0x110 ./Drivers/STM32L4xx_HAL_Driver/stm32l4xx_hal_tim_ex.o
                0x0000000008005b54                HAL_TIMEx_MasterConfigSynchronization
 .text._ZdlPvj  0x0000000008005c64        0x4 c:/st/stm32cubeide_1.12.0/stm32cubeide/plugins/com.st.stm32cube.ide.mcu.externaltools.gnu-tools-for-stm32.10.3-2021.10.win32_1.0.200.202301161003/tools/bin/../lib/gcc/arm-none-eabi/10.3.1/../../../../arm-none-eabi/lib/thumb/v7e-m+fp/hard\libstdc++_nano.a(del_ops.o)
                0x0000000008005c64                operator delete(void*, unsigned int)
 .text._ZdlPv   0x0000000008005c68        0x4 c:/st/stm32cubeide_1.12.0/stm32cubeide/plugins/com.st.stm32cube.ide.mcu.externaltools.gnu-tools-for-stm32.10.3-2021.10.win32_1.0.200.202301161003/tools/bin/../lib/gcc/arm-none-eabi/10.3.1/../../../../arm-none-eabi/lib/thumb/v7e-m+fp/hard\libstdc++_nano.a(del_op.o)
                0x0000000008005c68                operator delete(void*)
 .text.__libc_init_array
                0x0000000008005c6c       0x48 c:/st/stm32cubeide_1.12.0/stm32cubeide/plugins/com.st.stm32cube.ide.mcu.externaltools.gnu-tools-for-stm32.10.3-2021.10.win32_1.0.200.202301161003/tools/bin/../lib/gcc/arm-none-eabi/10.3.1/../../../../arm-none-eabi/lib/thumb/v7e-m+fp/hard\libc_nano.a(lib_a-init.o)
                0x0000000008005c6c                __libc_init_array
 .text.free     0x0000000008005cb4       0x10 c:/st/stm32cubeide_1.12.0/stm32cubeide/plugins/com.st.stm32cube.ide.mcu.externaltools.gnu-tools-for-stm32.10.3-2021.10.win32_1.0.200.202301161003/tools/bin/../lib/gcc/arm-none-eabi/10.3.1/../../../../arm-none-eabi/lib/thumb/v7e-m+fp/hard\libc_nano.a(lib_a-malloc.o)
                0x0000000008005cb4                free
 .text.memset   0x0000000008005cc4       0x10 c:/st/stm32cubeide_1.12.0/stm32cubeide/plugins/com.st.stm32cube.ide.mcu.externaltools.gnu-tools-for-stm32.10.3-2021.10.win32_1.0.200.202301161003/tools/bin/../lib/gcc/arm-none-eabi/10.3.1/../../../../arm-none-eabi/lib/thumb/v7e-m+fp/hard\libc_nano.a(lib_a-memset.o)
                0x0000000008005cc4                memset
 .text._free_r  0x0000000008005cd4       0x98 c:/st/stm32cubeide_1.12.0/stm32cubeide/plugins/com.st.stm32cube.ide.mcu.externaltools.gnu-tools-for-stm32.10.3-2021.10.win32_1.0.200.202301161003/tools/bin/../lib/gcc/arm-none-eabi/10.3.1/../../../../arm-none-eabi/lib/thumb/v7e-m+fp/hard\libc_nano.a(lib_a-nano-freer.o)
                0x0000000008005cd4                _free_r
 .text.__malloc_lock
                0x0000000008005d6c        0xc c:/st/stm32cubeide_1.12.0/stm32cubeide/plugins/com.st.stm32cube.ide.mcu.externaltools.gnu-tools-for-stm32.10.3-2021.10.win32_1.0.200.202301161003/tools/bin/../lib/gcc/arm-none-eabi/10.3.1/../../../../arm-none-eabi/lib/thumb/v7e-m+fp/hard\libc_nano.a(lib_a-mlock.o)
                0x0000000008005d6c                __malloc_lock
 .text.__malloc_unlock
                0x0000000008005d78        0xc c:/st/stm32cubeide_1.12.0/stm32cubeide/plugins/com.st.stm32cube.ide.mcu.externaltools.gnu-tools-for-stm32.10.3-2021.10.win32_1.0.200.202301161003/tools/bin/../lib/gcc/arm-none-eabi/10.3.1/../../../../arm-none-eabi/lib/thumb/v7e-m+fp/hard\libc_nano.a(lib_a-mlock.o)
                0x0000000008005d78                __malloc_unlock
 .text.__retarget_lock_acquire_recursive
                0x0000000008005d84        0x2 c:/st/stm32cubeide_1.12.0/stm32cubeide/plugins/com.st.stm32cube.ide.mcu.externaltools.gnu-tools-for-stm32.10.3-2021.10.win32_1.0.200.202301161003/tools/bin/../lib/gcc/arm-none-eabi/10.3.1/../../../../arm-none-eabi/lib/thumb/v7e-m+fp/hard\libc_nano.a(lib_a-lock.o)
                0x0000000008005d84                __retarget_lock_acquire_recursive
 .text.__retarget_lock_release_recursive
                0x0000000008005d86        0x2 c:/st/stm32cubeide_1.12.0/stm32cubeide/plugins/com.st.stm32cube.ide.mcu.externaltools.gnu-tools-for-stm32.10.3-2021.10.win32_1.0.200.202301161003/tools/bin/../lib/gcc/arm-none-eabi/10.3.1/../../../../arm-none-eabi/lib/thumb/v7e-m+fp/hard\libc_nano.a(lib_a-lock.o)
                0x0000000008005d86                __retarget_lock_release_recursive
 *(.glue_7)
 .glue_7        0x0000000008005d88        0x0 linker stubs
 *(.glue_7t)
 .glue_7t       0x0000000008005d88        0x0 linker stubs
 *(.eh_frame)
 .eh_frame      0x0000000008005d88        0x0 c:/st/stm32cubeide_1.12.0/stm32cubeide/plugins/com.st.stm32cube.ide.mcu.externaltools.gnu-tools-for-stm32.10.3-2021.10.win32_1.0.200.202301161003/tools/bin/../lib/gcc/arm-none-eabi/10.3.1/thumb/v7e-m+fp/hard/crtbegin.o
 *(.init)
 .init          0x0000000008005d88        0x4 c:/st/stm32cubeide_1.12.0/stm32cubeide/plugins/com.st.stm32cube.ide.mcu.externaltools.gnu-tools-for-stm32.10.3-2021.10.win32_1.0.200.202301161003/tools/bin/../lib/gcc/arm-none-eabi/10.3.1/thumb/v7e-m+fp/hard/crti.o
                0x0000000008005d88                _init
 .init          0x0000000008005d8c        0x8 c:/st/stm32cubeide_1.12.0/stm32cubeide/plugins/com.st.stm32cube.ide.mcu.externaltools.gnu-tools-for-stm32.10.3-2021.10.win32_1.0.200.202301161003/tools/bin/../lib/gcc/arm-none-eabi/10.3.1/thumb/v7e-m+fp/hard/crtn.o
 *(.fini)
 .fini          0x0000000008005d94        0x4 c:/st/stm32cubeide_1.12.0/stm32cubeide/plugins/com.st.stm32cube.ide.mcu.externaltools.gnu-tools-for-stm32.10.3-2021.10.win32_1.0.200.202301161003/tools/bin/../lib/gcc/arm-none-eabi/10.3.1/thumb/v7e-m+fp/hard/crti.o
                0x0000000008005d94                _fini
 .fini          0x0000000008005d98        0x8 c:/st/stm32cubeide_1.12.0/stm32cubeide/plugins/com.st.stm32cube.ide.mcu.externaltools.gnu-tools-for-stm32.10.3-2021.10.win32_1.0.200.202301161003/tools/bin/../lib/gcc/arm-none-eabi/10.3.1/thumb/v7e-m+fp/hard/crtn.o
                0x0000000008005da0                . = ALIGN (0x4)
                0x0000000008005da0                _etext = .

.vfp11_veneer   0x0000000008005da0        0x0
 .vfp11_veneer  0x0000000008005da0        0x0 linker stubs

.v4_bx          0x0000000008005da0        0x0
 .v4_bx         0x0000000008005da0        0x0 linker stubs

.iplt           0x0000000008005da0        0x0
 .iplt          0x0000000008005da0        0x0 c:/st/stm32cubeide_1.12.0/stm32cubeide/plugins/com.st.stm32cube.ide.mcu.externaltools.gnu-tools-for-stm32.10.3-2021.10.win32_1.0.200.202301161003/tools/bin/../lib/gcc/arm-none-eabi/10.3.1/thumb/v7e-m+fp/hard/crtbegin.o

.rodata         0x0000000008005da0       0x7c
                0x0000000008005da0                . = ALIGN (0x4)
 *(.rodata)
 *(.rodata*)
 .rodata._ZTV13GpioInElement
                0x0000000008005da0       0x14 ./Core/Src/gpioElements.o
                0x0000000008005da0                vtable for GpioInElement
 .rodata._ZTV14GpioOutElement
                0x0000000008005db4       0x14 ./Core/Src/gpioElements.o
                0x0000000008005db4                vtable for GpioOutElement
 .rodata._ZTV11GpioElement
                0x0000000008005dc8       0x14 ./Core/Src/gpioElements.o
                0x0000000008005dc8                vtable for GpioElement
 .rodata.AHBPrescTable
                0x0000000008005ddc       0x10 ./Core/Src/system_stm32l4xx.o
                0x0000000008005ddc                AHBPrescTable
 .rodata.MSIRangeTable
                0x0000000008005dec       0x30 ./Core/Src/system_stm32l4xx.o
                0x0000000008005dec                MSIRangeTable
                0x0000000008005e1c                . = ALIGN (0x4)

.rel.dyn        0x0000000008005e1c        0x0
 .rel.iplt      0x0000000008005e1c        0x0 c:/st/stm32cubeide_1.12.0/stm32cubeide/plugins/com.st.stm32cube.ide.mcu.externaltools.gnu-tools-for-stm32.10.3-2021.10.win32_1.0.200.202301161003/tools/bin/../lib/gcc/arm-none-eabi/10.3.1/thumb/v7e-m+fp/hard/crtbegin.o

.ARM.extab      0x0000000008005e1c        0x0
                0x0000000008005e1c                . = ALIGN (0x4)
 *(.ARM.extab* .gnu.linkonce.armextab.*)
                0x0000000008005e1c                . = ALIGN (0x4)

.ARM            0x0000000008005e1c        0x0
                0x0000000008005e1c                . = ALIGN (0x4)
                0x0000000008005e1c                __exidx_start = .
 *(.ARM.exidx*)
                0x0000000008005e1c                __exidx_end = .
                0x0000000008005e1c                . = ALIGN (0x4)

.preinit_array  0x0000000008005e1c        0x0
                0x0000000008005e1c                . = ALIGN (0x4)
                0x0000000008005e1c                PROVIDE (__preinit_array_start = .)
 *(.preinit_array*)
                0x0000000008005e1c                PROVIDE (__preinit_array_end = .)
                0x0000000008005e1c                . = ALIGN (0x4)

.init_array     0x0000000008005e1c        0x8
                0x0000000008005e1c                . = ALIGN (0x4)
                0x0000000008005e1c                PROVIDE (__init_array_start = .)
 *(SORT_BY_NAME(.init_array.*))
 *(.init_array*)
 .init_array    0x0000000008005e1c        0x4 c:/st/stm32cubeide_1.12.0/stm32cubeide/plugins/com.st.stm32cube.ide.mcu.externaltools.gnu-tools-for-stm32.10.3-2021.10.win32_1.0.200.202301161003/tools/bin/../lib/gcc/arm-none-eabi/10.3.1/thumb/v7e-m+fp/hard/crtbegin.o
 .init_array    0x0000000008005e20        0x4 ./Core/Src/main.o
                0x0000000008005e24                PROVIDE (__init_array_end = .)
                0x0000000008005e24                . = ALIGN (0x4)

.fini_array     0x0000000008005e24        0x8
                0x0000000008005e24                . = ALIGN (0x4)
                [!provide]                        PROVIDE (__fini_array_start = .)
 *(SORT_BY_NAME(.fini_array.*))
 *(.fini_array*)
 .fini_array    0x0000000008005e24        0x4 c:/st/stm32cubeide_1.12.0/stm32cubeide/plugins/com.st.stm32cube.ide.mcu.externaltools.gnu-tools-for-stm32.10.3-2021.10.win32_1.0.200.202301161003/tools/bin/../lib/gcc/arm-none-eabi/10.3.1/thumb/v7e-m+fp/hard/crtbegin.o
 .fini_array    0x0000000008005e28        0x4 ./Core/Src/main.o
                [!provide]                        PROVIDE (__fini_array_end = .)
                0x0000000008005e2c                . = ALIGN (0x4)
                0x0000000008005e2c                _sidata = LOADADDR (.data)

.data           0x0000000020000000       0x70 load address 0x0000000008005e2c
                0x0000000020000000                . = ALIGN (0x4)
                0x0000000020000000                _sdata = .
 *(.data)
 *(.data*)
 .data.SystemCoreClock
                0x0000000020000000        0x4 ./Core/Src/system_stm32l4xx.o
                0x0000000020000000                SystemCoreClock
 .data.uwTickPrio
                0x0000000020000004        0x4 ./Drivers/STM32L4xx_HAL_Driver/stm32l4xx_hal.o
                0x0000000020000004                uwTickPrio
 .data.uwTickFreq
                0x0000000020000008        0x1 ./Drivers/STM32L4xx_HAL_Driver/stm32l4xx_hal.o
                0x0000000020000008                uwTickFreq
 *fill*         0x0000000020000009        0x3 
 .data._impure_ptr
                0x000000002000000c        0x4 c:/st/stm32cubeide_1.12.0/stm32cubeide/plugins/com.st.stm32cube.ide.mcu.externaltools.gnu-tools-for-stm32.10.3-2021.10.win32_1.0.200.202301161003/tools/bin/../lib/gcc/arm-none-eabi/10.3.1/../../../../arm-none-eabi/lib/thumb/v7e-m+fp/hard\libc_nano.a(lib_a-impure.o)
                0x000000002000000c                _impure_ptr
 .data.impure_data
                0x0000000020000010       0x60 c:/st/stm32cubeide_1.12.0/stm32cubeide/plugins/com.st.stm32cube.ide.mcu.externaltools.gnu-tools-for-stm32.10.3-2021.10.win32_1.0.200.202301161003/tools/bin/../lib/gcc/arm-none-eabi/10.3.1/../../../../arm-none-eabi/lib/thumb/v7e-m+fp/hard\libc_nano.a(lib_a-impure.o)
 *(.RamFunc)
 *(.RamFunc*)
                0x0000000020000070                . = ALIGN (0x4)
                0x0000000020000070                _edata = .

.igot.plt       0x0000000020000070        0x0 load address 0x0000000008005e9c
 .igot.plt      0x0000000020000070        0x0 c:/st/stm32cubeide_1.12.0/stm32cubeide/plugins/com.st.stm32cube.ide.mcu.externaltools.gnu-tools-for-stm32.10.3-2021.10.win32_1.0.200.202301161003/tools/bin/../lib/gcc/arm-none-eabi/10.3.1/thumb/v7e-m+fp/hard/crtbegin.o
                0x0000000020000070                . = ALIGN (0x4)

.bss            0x0000000020000070      0x1fc load address 0x0000000008005e9c
                0x0000000020000070                _sbss = .
                0x0000000020000070                __bss_start__ = _sbss
 *(.bss)
 .bss           0x0000000020000070       0x1c c:/st/stm32cubeide_1.12.0/stm32cubeide/plugins/com.st.stm32cube.ide.mcu.externaltools.gnu-tools-for-stm32.10.3-2021.10.win32_1.0.200.202301161003/tools/bin/../lib/gcc/arm-none-eabi/10.3.1/thumb/v7e-m+fp/hard/crtbegin.o
 *(.bss*)
 .bss.hadc1     0x000000002000008c       0x68 ./Core/Src/main.o
                0x000000002000008c                hadc1
 .bss.hdma_adc1
                0x00000000200000f4       0x60 ./Core/Src/main.o
                0x00000000200000f4                hdma_adc1
 .bss.hcan1     0x0000000020000154       0x28 ./Core/Src/main.o
                0x0000000020000154                hcan1
 .bss.htim3     0x000000002000017c       0x4c ./Core/Src/main.o
                0x000000002000017c                htim3
 .bss.adc_dma_buffer
                0x00000000200001c8        0x6 ./Core/Src/main.o
                0x00000000200001c8                adc_dma_buffer
 .bss.SDC_STATE
                0x00000000200001ce        0x1 ./Core/Src/main.o
                0x00000000200001ce                SDC_STATE
 *fill*         0x00000000200001cf        0x1 
 .bss.led_ok    0x00000000200001d0       0x10 ./Core/Src/main.o
                0x00000000200001d0                led_ok
 .bss.led_warn  0x00000000200001e0       0x10 ./Core/Src/main.o
                0x00000000200001e0                led_warn
 .bss.led_err   0x00000000200001f0       0x10 ./Core/Src/main.o
                0x00000000200001f0                led_err
 .bss.led_chk   0x0000000020000200       0x10 ./Core/Src/main.o
                0x0000000020000200                led_chk
 .bss.as_close_sdc
                0x0000000020000210       0x10 ./Core/Src/main.o
                0x0000000020000210                as_close_sdc
 .bss.as_mode   0x0000000020000220       0x10 ./Core/Src/main.o
                0x0000000020000220                as_mode
 .bss.valve1    0x0000000020000230       0x10 ./Core/Src/main.o
                0x0000000020000230                valve1
 .bss.valve2    0x0000000020000240       0x10 ./Core/Src/main.o
                0x0000000020000240                valve2
 .bss.sdc_ready
                0x0000000020000250       0x10 ./Core/Src/main.o
                0x0000000020000250                sdc_ready
 .bss.uwTick    0x0000000020000260        0x4 ./Drivers/STM32L4xx_HAL_Driver/stm32l4xx_hal.o
                0x0000000020000260                uwTick
 .bss.__malloc_free_list
                0x0000000020000264        0x4 c:/st/stm32cubeide_1.12.0/stm32cubeide/plugins/com.st.stm32cube.ide.mcu.externaltools.gnu-tools-for-stm32.10.3-2021.10.win32_1.0.200.202301161003/tools/bin/../lib/gcc/arm-none-eabi/10.3.1/../../../../arm-none-eabi/lib/thumb/v7e-m+fp/hard\libc_nano.a(lib_a-nano-mallocr.o)
                0x0000000020000264                __malloc_free_list
 .bss.__lock___malloc_recursive_mutex
                0x0000000020000268        0x1 c:/st/stm32cubeide_1.12.0/stm32cubeide/plugins/com.st.stm32cube.ide.mcu.externaltools.gnu-tools-for-stm32.10.3-2021.10.win32_1.0.200.202301161003/tools/bin/../lib/gcc/arm-none-eabi/10.3.1/../../../../arm-none-eabi/lib/thumb/v7e-m+fp/hard\libc_nano.a(lib_a-lock.o)
                0x0000000020000268                __lock___malloc_recursive_mutex
 *(COMMON)
                0x000000002000026c                . = ALIGN (0x4)
 *fill*         0x0000000020000269        0x3 
                0x000000002000026c                _ebss = .
                0x000000002000026c                __bss_end__ = _ebss

._user_heap_stack
                0x000000002000026c      0x604 load address 0x0000000008005e9c
                0x0000000020000270                . = ALIGN (0x8)
 *fill*         0x000000002000026c        0x4 
                [!provide]                        PROVIDE (end = .)
                0x0000000020000270                PROVIDE (_end = .)
                0x0000000020000470                . = (. + _Min_Heap_Size)
 *fill*         0x0000000020000270      0x200 
                0x0000000020000870                . = (. + _Min_Stack_Size)
 *fill*         0x0000000020000470      0x400 
                0x0000000020000870                . = ALIGN (0x8)

/DISCARD/
 libc.a(*)
 libm.a(*)
 libgcc.a(*)

.ARM.attributes
                0x0000000000000000       0x30
 *(.ARM.attributes)
 .ARM.attributes
                0x0000000000000000       0x1e c:/st/stm32cubeide_1.12.0/stm32cubeide/plugins/com.st.stm32cube.ide.mcu.externaltools.gnu-tools-for-stm32.10.3-2021.10.win32_1.0.200.202301161003/tools/bin/../lib/gcc/arm-none-eabi/10.3.1/thumb/v7e-m+fp/hard/crti.o
 .ARM.attributes
                0x000000000000001e       0x34 c:/st/stm32cubeide_1.12.0/stm32cubeide/plugins/com.st.stm32cube.ide.mcu.externaltools.gnu-tools-for-stm32.10.3-2021.10.win32_1.0.200.202301161003/tools/bin/../lib/gcc/arm-none-eabi/10.3.1/thumb/v7e-m+fp/hard/crtbegin.o
 .ARM.attributes
                0x0000000000000052       0x34 ./Core/Src/gpioElements.o
 .ARM.attributes
                0x0000000000000086       0x34 ./Core/Src/main.o
 .ARM.attributes
                0x00000000000000ba       0x34 ./Core/Src/stm32l4xx_hal_msp.o
 .ARM.attributes
                0x00000000000000ee       0x34 ./Core/Src/stm32l4xx_it.o
 .ARM.attributes
                0x0000000000000122       0x34 ./Core/Src/system_stm32l4xx.o
 .ARM.attributes
                0x0000000000000156       0x21 ./Core/Startup/startup_stm32l4p5retx.o
 .ARM.attributes
                0x0000000000000177       0x34 ./Drivers/STM32L4xx_HAL_Driver/stm32l4xx_hal.o
 .ARM.attributes
                0x00000000000001ab       0x34 ./Drivers/STM32L4xx_HAL_Driver/stm32l4xx_hal_adc.o
 .ARM.attributes
                0x00000000000001df       0x34 ./Drivers/STM32L4xx_HAL_Driver/stm32l4xx_hal_adc_ex.o
 .ARM.attributes
                0x0000000000000213       0x34 ./Drivers/STM32L4xx_HAL_Driver/stm32l4xx_hal_can.o
 .ARM.attributes
                0x0000000000000247       0x34 ./Drivers/STM32L4xx_HAL_Driver/stm32l4xx_hal_cortex.o
 .ARM.attributes
                0x000000000000027b       0x34 ./Drivers/STM32L4xx_HAL_Driver/stm32l4xx_hal_dma.o
 .ARM.attributes
                0x00000000000002af       0x34 ./Drivers/STM32L4xx_HAL_Driver/stm32l4xx_hal_gpio.o
 .ARM.attributes
                0x00000000000002e3       0x34 ./Drivers/STM32L4xx_HAL_Driver/stm32l4xx_hal_pwr_ex.o
 .ARM.attributes
                0x0000000000000317       0x34 ./Drivers/STM32L4xx_HAL_Driver/stm32l4xx_hal_rcc.o
 .ARM.attributes
                0x000000000000034b       0x34 ./Drivers/STM32L4xx_HAL_Driver/stm32l4xx_hal_rcc_ex.o
 .ARM.attributes
                0x000000000000037f       0x34 ./Drivers/STM32L4xx_HAL_Driver/stm32l4xx_hal_tim.o
 .ARM.attributes
                0x00000000000003b3       0x34 ./Drivers/STM32L4xx_HAL_Driver/stm32l4xx_hal_tim_ex.o
 .ARM.attributes
                0x00000000000003e7       0x34 c:/st/stm32cubeide_1.12.0/stm32cubeide/plugins/com.st.stm32cube.ide.mcu.externaltools.gnu-tools-for-stm32.10.3-2021.10.win32_1.0.200.202301161003/tools/bin/../lib/gcc/arm-none-eabi/10.3.1/../../../../arm-none-eabi/lib/thumb/v7e-m+fp/hard\libstdc++_nano.a(del_ops.o)
 .ARM.attributes
                0x000000000000041b       0x34 c:/st/stm32cubeide_1.12.0/stm32cubeide/plugins/com.st.stm32cube.ide.mcu.externaltools.gnu-tools-for-stm32.10.3-2021.10.win32_1.0.200.202301161003/tools/bin/../lib/gcc/arm-none-eabi/10.3.1/../../../../arm-none-eabi/lib/thumb/v7e-m+fp/hard\libstdc++_nano.a(del_op.o)
 .ARM.attributes
                0x000000000000044f       0x34 c:/st/stm32cubeide_1.12.0/stm32cubeide/plugins/com.st.stm32cube.ide.mcu.externaltools.gnu-tools-for-stm32.10.3-2021.10.win32_1.0.200.202301161003/tools/bin/../lib/gcc/arm-none-eabi/10.3.1/../../../../arm-none-eabi/lib/thumb/v7e-m+fp/hard\libc_nano.a(lib_a-impure.o)
 .ARM.attributes
                0x0000000000000483       0x34 c:/st/stm32cubeide_1.12.0/stm32cubeide/plugins/com.st.stm32cube.ide.mcu.externaltools.gnu-tools-for-stm32.10.3-2021.10.win32_1.0.200.202301161003/tools/bin/../lib/gcc/arm-none-eabi/10.3.1/../../../../arm-none-eabi/lib/thumb/v7e-m+fp/hard\libc_nano.a(lib_a-init.o)
 .ARM.attributes
                0x00000000000004b7       0x34 c:/st/stm32cubeide_1.12.0/stm32cubeide/plugins/com.st.stm32cube.ide.mcu.externaltools.gnu-tools-for-stm32.10.3-2021.10.win32_1.0.200.202301161003/tools/bin/../lib/gcc/arm-none-eabi/10.3.1/../../../../arm-none-eabi/lib/thumb/v7e-m+fp/hard\libc_nano.a(lib_a-malloc.o)
 .ARM.attributes
                0x00000000000004eb       0x34 c:/st/stm32cubeide_1.12.0/stm32cubeide/plugins/com.st.stm32cube.ide.mcu.externaltools.gnu-tools-for-stm32.10.3-2021.10.win32_1.0.200.202301161003/tools/bin/../lib/gcc/arm-none-eabi/10.3.1/../../../../arm-none-eabi/lib/thumb/v7e-m+fp/hard\libc_nano.a(lib_a-memset.o)
 .ARM.attributes
                0x000000000000051f       0x34 c:/st/stm32cubeide_1.12.0/stm32cubeide/plugins/com.st.stm32cube.ide.mcu.externaltools.gnu-tools-for-stm32.10.3-2021.10.win32_1.0.200.202301161003/tools/bin/../lib/gcc/arm-none-eabi/10.3.1/../../../../arm-none-eabi/lib/thumb/v7e-m+fp/hard\libc_nano.a(lib_a-nano-freer.o)
 .ARM.attributes
                0x0000000000000553       0x34 c:/st/stm32cubeide_1.12.0/stm32cubeide/plugins/com.st.stm32cube.ide.mcu.externaltools.gnu-tools-for-stm32.10.3-2021.10.win32_1.0.200.202301161003/tools/bin/../lib/gcc/arm-none-eabi/10.3.1/../../../../arm-none-eabi/lib/thumb/v7e-m+fp/hard\libc_nano.a(lib_a-nano-mallocr.o)
 .ARM.attributes
                0x0000000000000587       0x34 c:/st/stm32cubeide_1.12.0/stm32cubeide/plugins/com.st.stm32cube.ide.mcu.externaltools.gnu-tools-for-stm32.10.3-2021.10.win32_1.0.200.202301161003/tools/bin/../lib/gcc/arm-none-eabi/10.3.1/../../../../arm-none-eabi/lib/thumb/v7e-m+fp/hard\libc_nano.a(lib_a-mlock.o)
 .ARM.attributes
                0x00000000000005bb       0x34 c:/st/stm32cubeide_1.12.0/stm32cubeide/plugins/com.st.stm32cube.ide.mcu.externaltools.gnu-tools-for-stm32.10.3-2021.10.win32_1.0.200.202301161003/tools/bin/../lib/gcc/arm-none-eabi/10.3.1/../../../../arm-none-eabi/lib/thumb/v7e-m+fp/hard\libc_nano.a(lib_a-lock.o)
 .ARM.attributes
                0x00000000000005ef       0x1e c:/st/stm32cubeide_1.12.0/stm32cubeide/plugins/com.st.stm32cube.ide.mcu.externaltools.gnu-tools-for-stm32.10.3-2021.10.win32_1.0.200.202301161003/tools/bin/../lib/gcc/arm-none-eabi/10.3.1/thumb/v7e-m+fp/hard/crtn.o
OUTPUT(EBS_Supervisor_L4.elf elf32-littlearm)
LOAD linker stubs
LOAD c:/st/stm32cubeide_1.12.0/stm32cubeide/plugins/com.st.stm32cube.ide.mcu.externaltools.gnu-tools-for-stm32.10.3-2021.10.win32_1.0.200.202301161003/tools/bin/../lib/gcc/arm-none-eabi/10.3.1/../../../../arm-none-eabi/lib/thumb/v7e-m+fp/hard\libc.a
LOAD c:/st/stm32cubeide_1.12.0/stm32cubeide/plugins/com.st.stm32cube.ide.mcu.externaltools.gnu-tools-for-stm32.10.3-2021.10.win32_1.0.200.202301161003/tools/bin/../lib/gcc/arm-none-eabi/10.3.1/../../../../arm-none-eabi/lib/thumb/v7e-m+fp/hard\libm.a
LOAD c:/st/stm32cubeide_1.12.0/stm32cubeide/plugins/com.st.stm32cube.ide.mcu.externaltools.gnu-tools-for-stm32.10.3-2021.10.win32_1.0.200.202301161003/tools/bin/../lib/gcc/arm-none-eabi/10.3.1/thumb/v7e-m+fp/hard\libgcc.a

.debug_info     0x0000000000000000    0x1b822
 .debug_info    0x0000000000000000      0x969 ./Core/Src/gpioElements.o
 .debug_info    0x0000000000000969     0xa0c2 ./Core/Src/main.o
 .debug_info    0x000000000000aa2b     0x188e ./Core/Src/stm32l4xx_hal_msp.o
 .debug_info    0x000000000000c2b9      0x4cc ./Core/Src/stm32l4xx_it.o
 .debug_info    0x000000000000c785      0x5fe ./Core/Src/system_stm32l4xx.o
 .debug_info    0x000000000000cd83       0x22 ./Core/Startup/startup_stm32l4p5retx.o
 .debug_info    0x000000000000cda5      0xb99 ./Drivers/STM32L4xx_HAL_Driver/stm32l4xx_hal.o
 .debug_info    0x000000000000d93e     0x1fe3 ./Drivers/STM32L4xx_HAL_Driver/stm32l4xx_hal_adc.o
 .debug_info    0x000000000000f921     0x1d4a ./Drivers/STM32L4xx_HAL_Driver/stm32l4xx_hal_adc_ex.o
 .debug_info    0x000000000001166b     0x1038 ./Drivers/STM32L4xx_HAL_Driver/stm32l4xx_hal_can.o
 .debug_info    0x00000000000126a3      0xe3f ./Drivers/STM32L4xx_HAL_Driver/stm32l4xx_hal_cortex.o
 .debug_info    0x00000000000134e2      0x8ce ./Drivers/STM32L4xx_HAL_Driver/stm32l4xx_hal_dma.o
 .debug_info    0x0000000000013db0      0x859 ./Drivers/STM32L4xx_HAL_Driver/stm32l4xx_hal_gpio.o
 .debug_info    0x0000000000014609      0xa84 ./Drivers/STM32L4xx_HAL_Driver/stm32l4xx_hal_pwr_ex.o
 .debug_info    0x000000000001508d      0xe72 ./Drivers/STM32L4xx_HAL_Driver/stm32l4xx_hal_rcc.o
 .debug_info    0x0000000000015eff     0x1200 ./Drivers/STM32L4xx_HAL_Driver/stm32l4xx_hal_rcc_ex.o
 .debug_info    0x00000000000170ff     0x2e1e ./Drivers/STM32L4xx_HAL_Driver/stm32l4xx_hal_tim.o
 .debug_info    0x0000000000019f1d     0x1905 ./Drivers/STM32L4xx_HAL_Driver/stm32l4xx_hal_tim_ex.o

.debug_abbrev   0x0000000000000000     0x2e58
 .debug_abbrev  0x0000000000000000      0x2d6 ./Core/Src/gpioElements.o
 .debug_abbrev  0x00000000000002d6      0x934 ./Core/Src/main.o
 .debug_abbrev  0x0000000000000c0a      0x26f ./Core/Src/stm32l4xx_hal_msp.o
 .debug_abbrev  0x0000000000000e79      0x15f ./Core/Src/stm32l4xx_it.o
 .debug_abbrev  0x0000000000000fd8      0x116 ./Core/Src/system_stm32l4xx.o
 .debug_abbrev  0x00000000000010ee       0x12 ./Core/Startup/startup_stm32l4p5retx.o
 .debug_abbrev  0x0000000000001100      0x23a ./Drivers/STM32L4xx_HAL_Driver/stm32l4xx_hal.o
 .debug_abbrev  0x000000000000133a      0x2bf ./Drivers/STM32L4xx_HAL_Driver/stm32l4xx_hal_adc.o
 .debug_abbrev  0x00000000000015f9      0x2da ./Drivers/STM32L4xx_HAL_Driver/stm32l4xx_hal_adc_ex.o
 .debug_abbrev  0x00000000000018d3      0x26c ./Drivers/STM32L4xx_HAL_Driver/stm32l4xx_hal_can.o
 .debug_abbrev  0x0000000000001b3f      0x316 ./Drivers/STM32L4xx_HAL_Driver/stm32l4xx_hal_cortex.o
 .debug_abbrev  0x0000000000001e55      0x1d7 ./Drivers/STM32L4xx_HAL_Driver/stm32l4xx_hal_dma.o
 .debug_abbrev  0x000000000000202c      0x1bb ./Drivers/STM32L4xx_HAL_Driver/stm32l4xx_hal_gpio.o
 .debug_abbrev  0x00000000000021e7      0x1f3 ./Drivers/STM32L4xx_HAL_Driver/stm32l4xx_hal_pwr_ex.o
 .debug_abbrev  0x00000000000023da      0x315 ./Drivers/STM32L4xx_HAL_Driver/stm32l4xx_hal_rcc.o
 .debug_abbrev  0x00000000000026ef      0x299 ./Drivers/STM32L4xx_HAL_Driver/stm32l4xx_hal_rcc_ex.o
 .debug_abbrev  0x0000000000002988      0x264 ./Drivers/STM32L4xx_HAL_Driver/stm32l4xx_hal_tim.o
 .debug_abbrev  0x0000000000002bec      0x26c ./Drivers/STM32L4xx_HAL_Driver/stm32l4xx_hal_tim_ex.o

.debug_aranges  0x0000000000000000     0x14a0
 .debug_aranges
                0x0000000000000000       0x98 ./Core/Src/gpioElements.o
 .debug_aranges
                0x0000000000000098      0x230 ./Core/Src/main.o
 .debug_aranges
                0x00000000000002c8       0x58 ./Core/Src/stm32l4xx_hal_msp.o
 .debug_aranges
                0x0000000000000320       0x68 ./Core/Src/stm32l4xx_it.o
 .debug_aranges
                0x0000000000000388       0x28 ./Core/Src/system_stm32l4xx.o
 .debug_aranges
                0x00000000000003b0       0x28 ./Core/Startup/startup_stm32l4p5retx.o
 .debug_aranges
                0x00000000000003d8      0x130 ./Drivers/STM32L4xx_HAL_Driver/stm32l4xx_hal.o
 .debug_aranges
                0x0000000000000508      0x228 ./Drivers/STM32L4xx_HAL_Driver/stm32l4xx_hal_adc.o
 .debug_aranges
                0x0000000000000730      0x1b0 ./Drivers/STM32L4xx_HAL_Driver/stm32l4xx_hal_adc_ex.o
 .debug_aranges
                0x00000000000008e0      0x138 ./Drivers/STM32L4xx_HAL_Driver/stm32l4xx_hal_can.o
 .debug_aranges
                0x0000000000000a18      0x118 ./Drivers/STM32L4xx_HAL_Driver/stm32l4xx_hal_cortex.o
 .debug_aranges
                0x0000000000000b30       0x90 ./Drivers/STM32L4xx_HAL_Driver/stm32l4xx_hal_dma.o
 .debug_aranges
                0x0000000000000bc0       0x58 ./Drivers/STM32L4xx_HAL_Driver/stm32l4xx_hal_gpio.o
 .debug_aranges
                0x0000000000000c18      0x180 ./Drivers/STM32L4xx_HAL_Driver/stm32l4xx_hal_pwr_ex.o
 .debug_aranges
                0x0000000000000d98       0x98 ./Drivers/STM32L4xx_HAL_Driver/stm32l4xx_hal_rcc.o
 .debug_aranges
                0x0000000000000e30      0x110 ./Drivers/STM32L4xx_HAL_Driver/stm32l4xx_hal_rcc_ex.o
 .debug_aranges
                0x0000000000000f40      0x3e0 ./Drivers/STM32L4xx_HAL_Driver/stm32l4xx_hal_tim.o
 .debug_aranges
                0x0000000000001320      0x180 ./Drivers/STM32L4xx_HAL_Driver/stm32l4xx_hal_tim_ex.o

.debug_ranges   0x0000000000000000     0x1388
 .debug_ranges  0x0000000000000000       0x88 ./Core/Src/gpioElements.o
 .debug_ranges  0x0000000000000088      0x220 ./Core/Src/main.o
 .debug_ranges  0x00000000000002a8       0x48 ./Core/Src/stm32l4xx_hal_msp.o
 .debug_ranges  0x00000000000002f0       0x58 ./Core/Src/stm32l4xx_it.o
 .debug_ranges  0x0000000000000348       0x18 ./Core/Src/system_stm32l4xx.o
 .debug_ranges  0x0000000000000360       0x20 ./Core/Startup/startup_stm32l4p5retx.o
 .debug_ranges  0x0000000000000380      0x120 ./Drivers/STM32L4xx_HAL_Driver/stm32l4xx_hal.o
 .debug_ranges  0x00000000000004a0      0x218 ./Drivers/STM32L4xx_HAL_Driver/stm32l4xx_hal_adc.o
 .debug_ranges  0x00000000000006b8      0x1a0 ./Drivers/STM32L4xx_HAL_Driver/stm32l4xx_hal_adc_ex.o
 .debug_ranges  0x0000000000000858      0x128 ./Drivers/STM32L4xx_HAL_Driver/stm32l4xx_hal_can.o
 .debug_ranges  0x0000000000000980      0x108 ./Drivers/STM32L4xx_HAL_Driver/stm32l4xx_hal_cortex.o
 .debug_ranges  0x0000000000000a88       0x80 ./Drivers/STM32L4xx_HAL_Driver/stm32l4xx_hal_dma.o
 .debug_ranges  0x0000000000000b08       0x48 ./Drivers/STM32L4xx_HAL_Driver/stm32l4xx_hal_gpio.o
 .debug_ranges  0x0000000000000b50      0x170 ./Drivers/STM32L4xx_HAL_Driver/stm32l4xx_hal_pwr_ex.o
 .debug_ranges  0x0000000000000cc0       0x88 ./Drivers/STM32L4xx_HAL_Driver/stm32l4xx_hal_rcc.o
 .debug_ranges  0x0000000000000d48      0x100 ./Drivers/STM32L4xx_HAL_Driver/stm32l4xx_hal_rcc_ex.o
 .debug_ranges  0x0000000000000e48      0x3d0 ./Drivers/STM32L4xx_HAL_Driver/stm32l4xx_hal_tim.o
 .debug_ranges  0x0000000000001218      0x170 ./Drivers/STM32L4xx_HAL_Driver/stm32l4xx_hal_tim_ex.o

.debug_macro    0x0000000000000000    0x30748
 .debug_macro   0x0000000000000000      0x205 ./Core/Src/gpioElements.o
 .debug_macro   0x0000000000000205      0xb50 ./Core/Src/gpioElements.o
 .debug_macro   0x0000000000000d55      0x1ad ./Core/Src/gpioElements.o
 .debug_macro   0x0000000000000f02       0x2e ./Core/Src/gpioElements.o
 .debug_macro   0x0000000000000f30       0x28 ./Core/Src/gpioElements.o
 .debug_macro   0x0000000000000f58       0x1c ./Core/Src/gpioElements.o
 .debug_macro   0x0000000000000f74       0x22 ./Core/Src/gpioElements.o
 .debug_macro   0x0000000000000f96       0x8e ./Core/Src/gpioElements.o
 .debug_macro   0x0000000000001024       0x51 ./Core/Src/gpioElements.o
 .debug_macro   0x0000000000001075      0x103 ./Core/Src/gpioElements.o
 .debug_macro   0x0000000000001178       0x6a ./Core/Src/gpioElements.o
 .debug_macro   0x00000000000011e2      0x1df ./Core/Src/gpioElements.o
 .debug_macro   0x00000000000013c1       0x1c ./Core/Src/gpioElements.o
 .debug_macro   0x00000000000013dd       0x22 ./Core/Src/gpioElements.o
 .debug_macro   0x00000000000013ff       0xfb ./Core/Src/gpioElements.o
 .debug_macro   0x00000000000014fa     0x1011 ./Core/Src/gpioElements.o
 .debug_macro   0x000000000000250b      0x11f ./Core/Src/gpioElements.o
 .debug_macro   0x000000000000262a    0x1e327 ./Core/Src/gpioElements.o
 .debug_macro   0x0000000000020951       0x6d ./Core/Src/gpioElements.o
 .debug_macro   0x00000000000209be     0x38df ./Core/Src/gpioElements.o
 .debug_macro   0x000000000002429d      0x17b ./Core/Src/gpioElements.o
 .debug_macro   0x0000000000024418       0x5c ./Core/Src/gpioElements.o
 .debug_macro   0x0000000000024474     0x1979 ./Core/Src/gpioElements.o
 .debug_macro   0x0000000000025ded      0x85a ./Core/Src/gpioElements.o
 .debug_macro   0x0000000000026647      0x1b9 ./Core/Src/gpioElements.o
 .debug_macro   0x0000000000026800      0x24f ./Core/Src/gpioElements.o
 .debug_macro   0x0000000000026a4f      0x486 ./Core/Src/gpioElements.o
 .debug_macro   0x0000000000026ed5      0x1b4 ./Core/Src/gpioElements.o
 .debug_macro   0x0000000000027089       0x43 ./Core/Src/gpioElements.o
 .debug_macro   0x00000000000270cc      0x23d ./Core/Src/gpioElements.o
 .debug_macro   0x0000000000027309      0xf6e ./Core/Src/gpioElements.o
 .debug_macro   0x0000000000028277      0x62b ./Core/Src/gpioElements.o
 .debug_macro   0x00000000000288a2      0x31a ./Core/Src/gpioElements.o
 .debug_macro   0x0000000000028bbc      0x408 ./Core/Src/gpioElements.o
 .debug_macro   0x0000000000028fc4      0x241 ./Core/Src/gpioElements.o
 .debug_macro   0x0000000000029205      0x416 ./Core/Src/gpioElements.o
 .debug_macro   0x000000000002961b       0x1c ./Core/Src/gpioElements.o
 .debug_macro   0x0000000000029637       0xeb ./Core/Src/gpioElements.o
 .debug_macro   0x0000000000029722      0x122 ./Core/Src/gpioElements.o
 .debug_macro   0x0000000000029844      0x404 ./Core/Src/gpioElements.o
 .debug_macro   0x0000000000029c48      0xa91 ./Core/Src/gpioElements.o
 .debug_macro   0x000000000002a6d9      0x1ab ./Core/Src/gpioElements.o
 .debug_macro   0x000000000002a884      0x432 ./Core/Src/gpioElements.o
 .debug_macro   0x000000000002acb6       0x94 ./Core/Src/gpioElements.o
 .debug_macro   0x000000000002ad4a      0x6ea ./Core/Src/main.o
 .debug_macro   0x000000000002b434      0x18a ./Core/Src/main.o
 .debug_macro   0x000000000002b5be       0x10 ./Core/Src/main.o
 .debug_macro   0x000000000002b5ce      0x3d1 ./Core/Src/main.o
 .debug_macro   0x000000000002b99f       0x41 ./Core/Src/main.o
 .debug_macro   0x000000000002b9e0       0x12 ./Core/Src/main.o
 .debug_macro   0x000000000002b9f2       0x1c ./Core/Src/main.o
 .debug_macro   0x000000000002ba0e       0x10 ./Core/Src/main.o
 .debug_macro   0x000000000002ba1e       0x27 ./Core/Src/main.o
 .debug_macro   0x000000000002ba45       0x18 ./Core/Src/main.o
 .debug_macro   0x000000000002ba5d       0x4f ./Core/Src/main.o
 .debug_macro   0x000000000002baac       0x28 ./Core/Src/main.o
 .debug_macro   0x000000000002bad4       0x2e ./Core/Src/main.o
 .debug_macro   0x000000000002bb02       0x19 ./Core/Src/main.o
 .debug_macro   0x000000000002bb1b       0x88 ./Core/Src/main.o
 .debug_macro   0x000000000002bba3       0x19 ./Core/Src/main.o
 .debug_macro   0x000000000002bbbc       0x17 ./Core/Src/main.o
 .debug_macro   0x000000000002bbd3       0x22 ./Core/Src/main.o
 .debug_macro   0x000000000002bbf5       0x20 ./Core/Src/main.o
 .debug_macro   0x000000000002bc15       0x52 ./Core/Src/main.o
 .debug_macro   0x000000000002bc67       0x1e ./Core/Src/main.o
 .debug_macro   0x000000000002bc85       0x3c ./Core/Src/main.o
 .debug_macro   0x000000000002bcc1       0x34 ./Core/Src/main.o
 .debug_macro   0x000000000002bcf5       0x16 ./Core/Src/main.o
 .debug_macro   0x000000000002bd0b       0x43 ./Core/Src/main.o
 .debug_macro   0x000000000002bd4e       0x34 ./Core/Src/main.o
 .debug_macro   0x000000000002bd82       0x10 ./Core/Src/main.o
 .debug_macro   0x000000000002bd92       0x58 ./Core/Src/main.o
 .debug_macro   0x000000000002bdea       0x71 ./Core/Src/main.o
 .debug_macro   0x000000000002be5b       0x16 ./Core/Src/main.o
 .debug_macro   0x000000000002be71      0x12a ./Core/Src/main.o
 .debug_macro   0x000000000002bf9b      0x364 ./Core/Src/main.o
 .debug_macro   0x000000000002c2ff      0x194 ./Core/Src/main.o
 .debug_macro   0x000000000002c493       0x10 ./Core/Src/main.o
 .debug_macro   0x000000000002c4a3       0x16 ./Core/Src/main.o
 .debug_macro   0x000000000002c4b9       0x35 ./Core/Src/main.o
 .debug_macro   0x000000000002c4ee       0x16 ./Core/Src/main.o
 .debug_macro   0x000000000002c504       0x29 ./Core/Src/main.o
 .debug_macro   0x000000000002c52d       0x10 ./Core/Src/main.o
 .debug_macro   0x000000000002c53d      0x3c7 ./Core/Src/main.o
 .debug_macro   0x000000000002c904       0x1c ./Core/Src/main.o
 .debug_macro   0x000000000002c920       0x10 ./Core/Src/main.o
 .debug_macro   0x000000000002c930       0x10 ./Core/Src/main.o
 .debug_macro   0x000000000002c940       0x1c ./Core/Src/main.o
 .debug_macro   0x000000000002c95c       0x52 ./Core/Src/main.o
 .debug_macro   0x000000000002c9ae       0x22 ./Core/Src/main.o
 .debug_macro   0x000000000002c9d0       0x10 ./Core/Src/main.o
 .debug_macro   0x000000000002c9e0       0x52 ./Core/Src/main.o
 .debug_macro   0x000000000002ca32       0xd5 ./Core/Src/main.o
 .debug_macro   0x000000000002cb07       0x1c ./Core/Src/main.o
 .debug_macro   0x000000000002cb23       0x3d ./Core/Src/main.o
 .debug_macro   0x000000000002cb60       0x16 ./Core/Src/main.o
 .debug_macro   0x000000000002cb76      0x137 ./Core/Src/main.o
 .debug_macro   0x000000000002ccad       0x16 ./Core/Src/main.o
 .debug_macro   0x000000000002ccc3       0x20 ./Core/Src/main.o
 .debug_macro   0x000000000002cce3       0x8e ./Core/Src/main.o
 .debug_macro   0x000000000002cd71      0x1f6 ./Core/Src/stm32l4xx_hal_msp.o
 .debug_macro   0x000000000002cf67      0xa78 ./Core/Src/stm32l4xx_hal_msp.o
 .debug_macro   0x000000000002d9df     0x1011 ./Core/Src/stm32l4xx_hal_msp.o
 .debug_macro   0x000000000002e9f0      0x174 ./Core/Src/stm32l4xx_hal_msp.o
 .debug_macro   0x000000000002eb64      0x200 ./Core/Src/stm32l4xx_it.o
 .debug_macro   0x000000000002ed64      0x1e7 ./Core/Src/system_stm32l4xx.o
 .debug_macro   0x000000000002ef4b      0x235 ./Drivers/STM32L4xx_HAL_Driver/stm32l4xx_hal.o
 .debug_macro   0x000000000002f180      0x204 ./Drivers/STM32L4xx_HAL_Driver/stm32l4xx_hal_adc.o
 .debug_macro   0x000000000002f384      0x1f3 ./Drivers/STM32L4xx_HAL_Driver/stm32l4xx_hal_adc_ex.o
 .debug_macro   0x000000000002f577      0x1ef ./Drivers/STM32L4xx_HAL_Driver/stm32l4xx_hal_can.o
 .debug_macro   0x000000000002f766      0x1e7 ./Drivers/STM32L4xx_HAL_Driver/stm32l4xx_hal_cortex.o
 .debug_macro   0x000000000002f94d      0x1e7 ./Drivers/STM32L4xx_HAL_Driver/stm32l4xx_hal_dma.o
 .debug_macro   0x000000000002fb34      0x1ee ./Drivers/STM32L4xx_HAL_Driver/stm32l4xx_hal_gpio.o
 .debug_macro   0x000000000002fd22      0x211 ./Drivers/STM32L4xx_HAL_Driver/stm32l4xx_hal_pwr_ex.o
 .debug_macro   0x000000000002ff33      0x229 ./Drivers/STM32L4xx_HAL_Driver/stm32l4xx_hal_rcc.o
 .debug_macro   0x000000000003015c      0x21d ./Drivers/STM32L4xx_HAL_Driver/stm32l4xx_hal_rcc_ex.o
 .debug_macro   0x0000000000030379      0x1e8 ./Drivers/STM32L4xx_HAL_Driver/stm32l4xx_hal_tim.o
 .debug_macro   0x0000000000030561      0x1e7 ./Drivers/STM32L4xx_HAL_Driver/stm32l4xx_hal_tim_ex.o

.debug_line     0x0000000000000000    0x15bf0
 .debug_line    0x0000000000000000      0x9ae ./Core/Src/gpioElements.o
 .debug_line    0x00000000000009ae     0x1f91 ./Core/Src/main.o
 .debug_line    0x000000000000293f      0x930 ./Core/Src/stm32l4xx_hal_msp.o
 .debug_line    0x000000000000326f      0x8c8 ./Core/Src/stm32l4xx_it.o
 .debug_line    0x0000000000003b37      0x885 ./Core/Src/system_stm32l4xx.o
 .debug_line    0x00000000000043bc       0x88 ./Core/Startup/startup_stm32l4p5retx.o
 .debug_line    0x0000000000004444      0xc16 ./Drivers/STM32L4xx_HAL_Driver/stm32l4xx_hal.o
 .debug_line    0x000000000000505a     0x1f87 ./Drivers/STM32L4xx_HAL_Driver/stm32l4xx_hal_adc.o
 .debug_line    0x0000000000006fe1     0x19a3 ./Drivers/STM32L4xx_HAL_Driver/stm32l4xx_hal_adc_ex.o
 .debug_line    0x0000000000008984     0x1272 ./Drivers/STM32L4xx_HAL_Driver/stm32l4xx_hal_can.o
 .debug_line    0x0000000000009bf6      0xdbd ./Drivers/STM32L4xx_HAL_Driver/stm32l4xx_hal_cortex.o
 .debug_line    0x000000000000a9b3      0xf72 ./Drivers/STM32L4xx_HAL_Driver/stm32l4xx_hal_dma.o
 .debug_line    0x000000000000b925      0xc72 ./Drivers/STM32L4xx_HAL_Driver/stm32l4xx_hal_gpio.o
 .debug_line    0x000000000000c597      0xeb7 ./Drivers/STM32L4xx_HAL_Driver/stm32l4xx_hal_pwr_ex.o
 .debug_line    0x000000000000d44e     0x11d2 ./Drivers/STM32L4xx_HAL_Driver/stm32l4xx_hal_rcc.o
 .debug_line    0x000000000000e620     0x1a31 ./Drivers/STM32L4xx_HAL_Driver/stm32l4xx_hal_rcc_ex.o
 .debug_line    0x0000000000010051     0x3e83 ./Drivers/STM32L4xx_HAL_Driver/stm32l4xx_hal_tim.o
 .debug_line    0x0000000000013ed4     0x1d1c ./Drivers/STM32L4xx_HAL_Driver/stm32l4xx_hal_tim_ex.o

.debug_str      0x0000000000000000   0x12ba6a
 .debug_str     0x0000000000000000   0x116511 ./Core/Src/gpioElements.o
                                     0x116a3f (size before relaxing)
 .debug_str     0x0000000000116511    0x106b3 ./Core/Src/main.o
                                     0x127a87 (size before relaxing)
 .debug_str     0x0000000000126bc4      0x596 ./Core/Src/stm32l4xx_hal_msp.o
                                     0x11716f (size before relaxing)
 .debug_str     0x000000000012715a       0xf5 ./Core/Src/stm32l4xx_it.o
                                     0x116487 (size before relaxing)
 .debug_str     0x000000000012724f       0xf2 ./Core/Src/system_stm32l4xx.o
                                     0x1160d8 (size before relaxing)
 .debug_str     0x0000000000127341       0x36 ./Core/Startup/startup_stm32l4p5retx.o
                                         0x8c (size before relaxing)
 .debug_str     0x0000000000127377      0x679 ./Drivers/STM32L4xx_HAL_Driver/stm32l4xx_hal.o
                                     0x116cee (size before relaxing)
 .debug_str     0x00000000001279f0      0xade ./Drivers/STM32L4xx_HAL_Driver/stm32l4xx_hal_adc.o
                                     0x117094 (size before relaxing)
 .debug_str     0x00000000001284ce      0x64e ./Drivers/STM32L4xx_HAL_Driver/stm32l4xx_hal_adc_ex.o
                                     0x117019 (size before relaxing)
 .debug_str     0x0000000000128b1c      0x4fc ./Drivers/STM32L4xx_HAL_Driver/stm32l4xx_hal_can.o
                                     0x116780 (size before relaxing)
 .debug_str     0x0000000000129018      0x357 ./Drivers/STM32L4xx_HAL_Driver/stm32l4xx_hal_cortex.o
                                     0x11697d (size before relaxing)
 .debug_str     0x000000000012936f      0x28c ./Drivers/STM32L4xx_HAL_Driver/stm32l4xx_hal_dma.o
                                     0x116499 (size before relaxing)
 .debug_str     0x00000000001295fb      0x12f ./Drivers/STM32L4xx_HAL_Driver/stm32l4xx_hal_gpio.o
                                     0x11628b (size before relaxing)
 .debug_str     0x000000000012972a      0x5cc ./Drivers/STM32L4xx_HAL_Driver/stm32l4xx_hal_pwr_ex.o
                                     0x11670d (size before relaxing)
 .debug_str     0x0000000000129cf6      0x415 ./Drivers/STM32L4xx_HAL_Driver/stm32l4xx_hal_rcc.o
                                     0x116795 (size before relaxing)
 .debug_str     0x000000000012a10b      0x5fe ./Drivers/STM32L4xx_HAL_Driver/stm32l4xx_hal_rcc_ex.o
                                     0x116b58 (size before relaxing)
 .debug_str     0x000000000012a709      0xda9 ./Drivers/STM32L4xx_HAL_Driver/stm32l4xx_hal_tim.o
                                     0x11751d (size before relaxing)
 .debug_str     0x000000000012b4b2      0x5b8 ./Drivers/STM32L4xx_HAL_Driver/stm32l4xx_hal_tim_ex.o
                                     0x116e41 (size before relaxing)

.comment        0x0000000000000000       0x50
 .comment       0x0000000000000000       0x50 ./Core/Src/gpioElements.o
                                         0x51 (size before relaxing)
 .comment       0x0000000000000050       0x51 ./Core/Src/main.o
 .comment       0x0000000000000050       0x51 ./Core/Src/stm32l4xx_hal_msp.o
 .comment       0x0000000000000050       0x51 ./Core/Src/stm32l4xx_it.o
 .comment       0x0000000000000050       0x51 ./Core/Src/system_stm32l4xx.o
 .comment       0x0000000000000050       0x51 ./Drivers/STM32L4xx_HAL_Driver/stm32l4xx_hal.o
 .comment       0x0000000000000050       0x51 ./Drivers/STM32L4xx_HAL_Driver/stm32l4xx_hal_adc.o
 .comment       0x0000000000000050       0x51 ./Drivers/STM32L4xx_HAL_Driver/stm32l4xx_hal_adc_ex.o
 .comment       0x0000000000000050       0x51 ./Drivers/STM32L4xx_HAL_Driver/stm32l4xx_hal_can.o
 .comment       0x0000000000000050       0x51 ./Drivers/STM32L4xx_HAL_Driver/stm32l4xx_hal_cortex.o
 .comment       0x0000000000000050       0x51 ./Drivers/STM32L4xx_HAL_Driver/stm32l4xx_hal_dma.o
 .comment       0x0000000000000050       0x51 ./Drivers/STM32L4xx_HAL_Driver/stm32l4xx_hal_gpio.o
 .comment       0x0000000000000050       0x51 ./Drivers/STM32L4xx_HAL_Driver/stm32l4xx_hal_pwr_ex.o
 .comment       0x0000000000000050       0x51 ./Drivers/STM32L4xx_HAL_Driver/stm32l4xx_hal_rcc.o
 .comment       0x0000000000000050       0x51 ./Drivers/STM32L4xx_HAL_Driver/stm32l4xx_hal_rcc_ex.o
 .comment       0x0000000000000050       0x51 ./Drivers/STM32L4xx_HAL_Driver/stm32l4xx_hal_tim.o
 .comment       0x0000000000000050       0x51 ./Drivers/STM32L4xx_HAL_Driver/stm32l4xx_hal_tim_ex.o

.debug_frame    0x0000000000000000     0x5a90
 .debug_frame   0x0000000000000000      0x25c ./Core/Src/gpioElements.o
 .debug_frame   0x000000000000025c      0x980 ./Core/Src/main.o
 .debug_frame   0x0000000000000bdc      0x140 ./Core/Src/stm32l4xx_hal_msp.o
 .debug_frame   0x0000000000000d1c      0x120 ./Core/Src/stm32l4xx_it.o
 .debug_frame   0x0000000000000e3c       0x58 ./Core/Src/system_stm32l4xx.o
 .debug_frame   0x0000000000000e94      0x498 ./Drivers/STM32L4xx_HAL_Driver/stm32l4xx_hal.o
 .debug_frame   0x000000000000132c      0xa2c ./Drivers/STM32L4xx_HAL_Driver/stm32l4xx_hal_adc.o
 .debug_frame   0x0000000000001d58      0x7cc ./Drivers/STM32L4xx_HAL_Driver/stm32l4xx_hal_adc_ex.o
 .debug_frame   0x0000000000002524      0x5a0 ./Drivers/STM32L4xx_HAL_Driver/stm32l4xx_hal_can.o
 .debug_frame   0x0000000000002ac4      0x498 ./Drivers/STM32L4xx_HAL_Driver/stm32l4xx_hal_cortex.o
 .debug_frame   0x0000000000002f5c      0x24c ./Drivers/STM32L4xx_HAL_Driver/stm32l4xx_hal_dma.o
 .debug_frame   0x00000000000031a8      0x14c ./Drivers/STM32L4xx_HAL_Driver/stm32l4xx_hal_gpio.o
 .debug_frame   0x00000000000032f4      0x604 ./Drivers/STM32L4xx_HAL_Driver/stm32l4xx_hal_pwr_ex.o
 .debug_frame   0x00000000000038f8      0x248 ./Drivers/STM32L4xx_HAL_Driver/stm32l4xx_hal_rcc.o
 .debug_frame   0x0000000000003b40      0x464 ./Drivers/STM32L4xx_HAL_Driver/stm32l4xx_hal_rcc_ex.o
 .debug_frame   0x0000000000003fa4     0x121c ./Drivers/STM32L4xx_HAL_Driver/stm32l4xx_hal_tim.o
 .debug_frame   0x00000000000051c0      0x6b0 ./Drivers/STM32L4xx_HAL_Driver/stm32l4xx_hal_tim_ex.o
 .debug_frame   0x0000000000005870       0x20 c:/st/stm32cubeide_1.12.0/stm32cubeide/plugins/com.st.stm32cube.ide.mcu.externaltools.gnu-tools-for-stm32.10.3-2021.10.win32_1.0.200.202301161003/tools/bin/../lib/gcc/arm-none-eabi/10.3.1/../../../../arm-none-eabi/lib/thumb/v7e-m+fp/hard\libstdc++_nano.a(del_ops.o)
 .debug_frame   0x0000000000005890       0x20 c:/st/stm32cubeide_1.12.0/stm32cubeide/plugins/com.st.stm32cube.ide.mcu.externaltools.gnu-tools-for-stm32.10.3-2021.10.win32_1.0.200.202301161003/tools/bin/../lib/gcc/arm-none-eabi/10.3.1/../../../../arm-none-eabi/lib/thumb/v7e-m+fp/hard\libstdc++_nano.a(del_op.o)
 .debug_frame   0x00000000000058b0       0x2c c:/st/stm32cubeide_1.12.0/stm32cubeide/plugins/com.st.stm32cube.ide.mcu.externaltools.gnu-tools-for-stm32.10.3-2021.10.win32_1.0.200.202301161003/tools/bin/../lib/gcc/arm-none-eabi/10.3.1/../../../../arm-none-eabi/lib/thumb/v7e-m+fp/hard\libc_nano.a(lib_a-init.o)
 .debug_frame   0x00000000000058dc       0x30 c:/st/stm32cubeide_1.12.0/stm32cubeide/plugins/com.st.stm32cube.ide.mcu.externaltools.gnu-tools-for-stm32.10.3-2021.10.win32_1.0.200.202301161003/tools/bin/../lib/gcc/arm-none-eabi/10.3.1/../../../../arm-none-eabi/lib/thumb/v7e-m+fp/hard\libc_nano.a(lib_a-malloc.o)
 .debug_frame   0x000000000000590c       0x20 c:/st/stm32cubeide_1.12.0/stm32cubeide/plugins/com.st.stm32cube.ide.mcu.externaltools.gnu-tools-for-stm32.10.3-2021.10.win32_1.0.200.202301161003/tools/bin/../lib/gcc/arm-none-eabi/10.3.1/../../../../arm-none-eabi/lib/thumb/v7e-m+fp/hard\libc_nano.a(lib_a-memset.o)
 .debug_frame   0x000000000000592c       0x38 c:/st/stm32cubeide_1.12.0/stm32cubeide/plugins/com.st.stm32cube.ide.mcu.externaltools.gnu-tools-for-stm32.10.3-2021.10.win32_1.0.200.202301161003/tools/bin/../lib/gcc/arm-none-eabi/10.3.1/../../../../arm-none-eabi/lib/thumb/v7e-m+fp/hard\libc_nano.a(lib_a-nano-freer.o)
 .debug_frame   0x0000000000005964       0x4c c:/st/stm32cubeide_1.12.0/stm32cubeide/plugins/com.st.stm32cube.ide.mcu.externaltools.gnu-tools-for-stm32.10.3-2021.10.win32_1.0.200.202301161003/tools/bin/../lib/gcc/arm-none-eabi/10.3.1/../../../../arm-none-eabi/lib/thumb/v7e-m+fp/hard\libc_nano.a(lib_a-nano-mallocr.o)
 .debug_frame   0x00000000000059b0       0x30 c:/st/stm32cubeide_1.12.0/stm32cubeide/plugins/com.st.stm32cube.ide.mcu.externaltools.gnu-tools-for-stm32.10.3-2021.10.win32_1.0.200.202301161003/tools/bin/../lib/gcc/arm-none-eabi/10.3.1/../../../../arm-none-eabi/lib/thumb/v7e-m+fp/hard\libc_nano.a(lib_a-mlock.o)
 .debug_frame   0x00000000000059e0       0xb0 c:/st/stm32cubeide_1.12.0/stm32cubeide/plugins/com.st.stm32cube.ide.mcu.externaltools.gnu-tools-for-stm32.10.3-2021.10.win32_1.0.200.202301161003/tools/bin/../lib/gcc/arm-none-eabi/10.3.1/../../../../arm-none-eabi/lib/thumb/v7e-m+fp/hard\libc_nano.a(lib_a-lock.o)
