2023-06-06 18:21:20,648 [INFO] Gpio:273 - dependency for GPIO [RCC, SYS]
2023-06-06 18:28:21,242 [INFO] Gpio:273 - dependency for GPIO [RCC, SYS]
2023-06-06 18:28:26,602 [INFO] Gpio:273 - dependency for GPIO [RCC, SYS]
2023-06-06 18:28:32,314 [INFO] Gpio:273 - dependency for GPIO [RCC, SYS]
2023-06-06 18:31:11,297 [INFO] Gpio:273 - dependency for GPIO [RCC, SYS]
2023-06-06 18:31:17,345 [INFO] Gpio:273 - dependency for GPIO [RCC, SYS]
2023-06-06 18:33:49,846 [INFO] Gpio:273 - dependency for GPIO [RCC, SYS]
2023-06-06 18:37:08,744 [INFO] Gpio:273 - dependency for GPIO [RCC, SYS]
2023-06-06 18:39:08,917 [INFO] UtilMem:75 - End SaveConfig() Used Memory: 810070216 Bytes (1073741824)
2023-06-06 18:39:11,904 [INFO] UtilMem:75 - End SaveConfig() Used Memory: 840478920 Bytes (1073741824)
2023-06-06 18:39:12,866 [INFO] UtilMem:75 - End SaveConfig() Used Memory: 603109080 Bytes (1073741824)
2023-06-06 18:39:13,324 [INFO] BlockDiagram:2759 - set Specific Code input for plugin: SYS
2023-06-06 18:39:13,324 [INFO] BlockDiagram:2759 - set Specific Code input for plugin: RCC
2023-06-06 18:39:13,324 [INFO] BlockDiagram:2759 - set Specific Code input for plugin: NVIC
2023-06-06 18:39:13,324 [INFO] BlockDiagram:2759 - set Specific Code input for plugin: GPIO
2023-06-06 18:39:13,326 [INFO] CodeGenerator:793 - code generatio: config db path: C:\ST\STM32CubeIDE_1.12.0\STM32CubeIDE\plugins\com.st.stm32cube.common.mx_6.8.0.202302231600\\db\
2023-06-06 18:39:13,629 [INFO] CodeEngine:255 - oldGeneratedFile, C:\Users\przem\OneDrive\Pulpit\PUTM\PUTM_DV_ASB_2023\software\EBS_Supervisor_L4\MXTmpFiles\license.tmp_save
2023-06-06 18:39:13,801 [INFO] CodeEngine:279 - Generated code: C:\Users\przem\OneDrive\Pulpit\PUTM\PUTM_DV_ASB_2023\software\EBS_Supervisor_L4\MXTmpFiles\license.tmp
2023-06-06 18:39:13,902 [INFO] CodeEngine:255 - oldGeneratedFile, C:\Users\przem\OneDrive\Pulpit\PUTM\PUTM_DV_ASB_2023\software\EBS_Supervisor_L4\MXTmpFiles\gpio.tmp_save
2023-06-06 18:39:14,027 [INFO] CodeEngine:279 - Generated code: C:\Users\przem\OneDrive\Pulpit\PUTM\PUTM_DV_ASB_2023\software\EBS_Supervisor_L4\MXTmpFiles\gpio.tmp
2023-06-06 18:39:14,256 [INFO] CodeEngine:255 - oldGeneratedFile, C:\Users\przem\OneDrive\Pulpit\PUTM\PUTM_DV_ASB_2023\software\EBS_Supervisor_L4\Core\Src\stm32l4xx_it.c_save
2023-06-06 18:39:14,662 [INFO] CodeEngine:279 - Generated code: C:\Users\przem\OneDrive\Pulpit\PUTM\PUTM_DV_ASB_2023\software\EBS_Supervisor_L4\Core\Src\stm32l4xx_it.c
2023-06-06 18:39:14,690 [INFO] CodeEngine:255 - oldGeneratedFile, C:\Users\przem\OneDrive\Pulpit\PUTM\PUTM_DV_ASB_2023\software\EBS_Supervisor_L4\Core\Inc\stm32l4xx_it.h_save
2023-06-06 18:39:14,822 [INFO] CodeEngine:279 - Generated code: C:\Users\przem\OneDrive\Pulpit\PUTM\PUTM_DV_ASB_2023\software\EBS_Supervisor_L4\Core\Inc\stm32l4xx_it.h
2023-06-06 18:39:14,866 [INFO] CodeEngine:255 - oldGeneratedFile, C:\Users\przem\OneDrive\Pulpit\PUTM\PUTM_DV_ASB_2023\software\EBS_Supervisor_L4\Core\Src\stm32l4xx_hal_msp.c_save
2023-06-06 18:39:15,078 [INFO] CodeEngine:279 - Generated code: C:\Users\przem\OneDrive\Pulpit\PUTM\PUTM_DV_ASB_2023\software\EBS_Supervisor_L4\Core\Src\stm32l4xx_hal_msp.c
2023-06-06 18:39:15,094 [INFO] CodeEngine:255 - oldGeneratedFile, C:\Users\przem\OneDrive\Pulpit\PUTM\PUTM_DV_ASB_2023\software\EBS_Supervisor_L4\MXTmpFiles\system.tmp_save
2023-06-06 18:39:15,171 [INFO] CodeEngine:279 - Generated code: C:\Users\przem\OneDrive\Pulpit\PUTM\PUTM_DV_ASB_2023\software\EBS_Supervisor_L4\MXTmpFiles\system.tmp
2023-06-06 18:39:15,199 [INFO] CodeEngine:311 - oldGeneratedFile, C:\Users\przem\OneDrive\Pulpit\PUTM\PUTM_DV_ASB_2023\software\EBS_Supervisor_L4\Core\Inc\stm32l4xx_hal_conf.h_save
2023-06-06 18:39:15,328 [INFO] CodeEngine:335 - Generated code: C:\Users\przem\OneDrive\Pulpit\PUTM\PUTM_DV_ASB_2023\software\EBS_Supervisor_L4\Core\Inc\stm32l4xx_hal_conf.h
2023-06-06 18:39:15,412 [INFO] CodeEngine:255 - oldGeneratedFile, C:\Users\przem\OneDrive\Pulpit\PUTM\PUTM_DV_ASB_2023\software\EBS_Supervisor_L4\Core\Inc\main.h_save
2023-06-06 18:39:15,562 [INFO] CodeEngine:279 - Generated code: C:\Users\przem\OneDrive\Pulpit\PUTM\PUTM_DV_ASB_2023\software\EBS_Supervisor_L4\Core\Inc\main.h
2023-06-06 18:39:15,594 [INFO] CodeEngine:255 - oldGeneratedFile, C:\Users\przem\OneDrive\Pulpit\PUTM\PUTM_DV_ASB_2023\software\EBS_Supervisor_L4\Core\Src\main.c_save
2023-06-06 18:39:15,742 [INFO] CodeEngine:279 - Generated code: C:\Users\przem\OneDrive\Pulpit\PUTM\PUTM_DV_ASB_2023\software\EBS_Supervisor_L4\Core\Src\main.c
2023-06-06 18:39:16,315 [INFO] ProjectBuilder:2996 - Time for Copy HAL[2] : 4mS.
2023-06-06 18:39:16,319 [INFO] ProjectBuilder:4304 - Project Generator version: 3.19.2
2023-06-06 18:39:16,766 [INFO] ConfigFileManager:1483 - The Die is : DIE471
2023-06-06 18:39:19,132 [INFO] ProjectBuilder:4505 - Time for Generating toolchain IDE Files: 2813mS.
2023-06-06 18:39:19,132 [INFO] ProjectBuilder:2867 - Time for Copy CMSIS : 0mS.
2023-06-06 18:39:19,147 [INFO] ProjectBuilder:2867 - Time for Copy CMSIS : 0mS.
2023-06-06 18:44:12,265 [INFO] MainUpdater:2854 - connection check result : 10
2023-06-06 18:44:12,265 [INFO] MainUpdater:2854 - connection check result : 10
2023-06-06 18:44:12,330 [INFO] MicroXplorer:468 - Change Database Path : 
2023-06-06 18:44:12,330 [INFO] MicroXplorer:498 - Change Database Version : DB.6.0.80
2023-06-06 18:44:12,361 [WARN] ThirdParty:871 - waiting for thirdparty lock release [close project]
2023-06-06 18:44:12,361 [INFO] ThirdParty:873 - entering critical section [close project]
2023-06-06 18:44:12,361 [INFO] ThirdParty:883 - exiting critical section [close project]
2023-06-06 18:44:12,362 [INFO] PinOutPanel:1499 - setPackage(No Configuration,No Configuration)
2023-06-06 18:44:12,374 [INFO] UtilMem:75 - Begin LoadConfig() Used Memory: 801867648 Bytes (1073741824)
2023-06-06 18:44:12,398 [INFO] MicroXplorer:468 - Change Database Path : C:/Users/przem/.stm32cubemx/databases/DB.6.0.70/db/
2023-06-06 18:44:12,398 [INFO] MicroXplorer:498 - Change Database Version : DB.6.0.70
2023-06-06 18:44:14,278 [INFO] OpenFileManager:308 - Change cursor
2023-06-06 18:44:14,306 [INFO] RulesReader:64 - Compatibility file has been processed (283 Rules)
2023-06-06 18:44:14,320 [INFO] Mcu:1937 - Initializing MCU STM32F103R(8-B)Tx STM32F103R8Tx STM32F103R8T6
2023-06-06 18:44:14,979 [INFO] Context:659 - Trying to add GPIOservice into a context  which must be forbidden
2023-06-06 18:44:15,389 [INFO] RtosManager:555 - Registered RTOS mode: class=CMSIS, group=RTOS, mode=CMSIS_V1, owner=FREERTOS
2023-06-06 18:44:15,389 [INFO] RtosManager:555 - Registered RTOS mode: class=CMSIS, group=RTOS2, mode=CMSIS_V2, owner=FREERTOS
2023-06-06 18:44:15,389 [INFO] RtosManager:555 - Registered RTOS mode: class=RTOS, group=Core, mode=CMSIS_V1, owner=FREERTOS
2023-06-06 18:44:15,389 [INFO] RtosManager:555 - Registered RTOS mode: class=RTOS, group=Core, mode=CMSIS_V2, owner=FREERTOS
2023-06-06 18:44:15,391 [WARN] ModelIntegratedComponent:184 - Missing modes for component STMicroelectronics:FreeRTOS:0.0.1:STMicroelectronics:RTOS:FreeRTOS:Core:::10.2.0:
2023-06-06 18:44:15,403 [WARN] ModelIntegratedComponent:63 - No mode defined for component null
2023-06-06 18:44:15,403 [WARN] ModelIntegratedComponent:63 - No mode defined for component null
2023-06-06 18:44:15,403 [WARN] ModelIntegratedComponent:63 - No mode defined for component null
2023-06-06 18:44:15,403 [WARN] ModelIntegratedComponent:63 - No mode defined for component null
2023-06-06 18:44:15,403 [WARN] ModelIntegratedComponent:63 - No mode defined for component null
2023-06-06 18:44:15,403 [WARN] ModelIntegratedComponent:63 - No mode defined for component null
2023-06-06 18:44:15,403 [WARN] ModelIntegratedComponent:63 - No mode defined for component null
2023-06-06 18:44:15,403 [WARN] ModelIntegratedComponent:63 - No mode defined for component null
2023-06-06 18:44:15,403 [WARN] ModelIntegratedComponent:63 - No mode defined for component null
2023-06-06 18:44:15,403 [WARN] ModelIntegratedComponent:63 - No mode defined for component null
2023-06-06 18:44:15,403 [WARN] ModelIntegratedComponent:63 - No mode defined for component null
2023-06-06 18:44:15,403 [WARN] ModelIntegratedComponent:63 - No mode defined for component null
2023-06-06 18:44:15,403 [WARN] ModelIntegratedComponent:63 - No mode defined for component null
2023-06-06 18:44:15,403 [WARN] ModelIntegratedComponent:63 - No mode defined for component null
2023-06-06 18:44:15,403 [WARN] ModelIntegratedComponent:63 - No mode defined for component null
2023-06-06 18:44:15,403 [WARN] ModelIntegratedComponent:63 - No mode defined for component null
2023-06-06 18:44:15,403 [WARN] ModelIntegratedComponent:63 - No mode defined for component null
2023-06-06 18:44:15,403 [WARN] ModelIntegratedComponent:63 - No mode defined for component null
2023-06-06 18:44:15,403 [WARN] ModelIntegratedComponent:63 - No mode defined for component null
2023-06-06 18:44:15,403 [WARN] ModelIntegratedComponent:63 - No mode defined for component null
2023-06-06 18:44:15,403 [WARN] ModelIntegratedComponent:63 - No mode defined for component null
2023-06-06 18:44:15,403 [WARN] ModelIntegratedComponent:63 - No mode defined for component null
2023-06-06 18:44:15,403 [WARN] ModelIntegratedComponent:63 - No mode defined for component null
2023-06-06 18:44:15,403 [WARN] ModelIntegratedComponent:63 - No mode defined for component null
2023-06-06 18:44:15,403 [WARN] ModelIntegratedComponent:63 - No mode defined for component null
2023-06-06 18:44:15,403 [WARN] ModelIntegratedComponent:63 - No mode defined for component null
2023-06-06 18:44:15,403 [WARN] ModelIntegratedComponent:63 - No mode defined for component null
2023-06-06 18:44:15,403 [WARN] ModelIntegratedComponent:63 - No mode defined for component null
2023-06-06 18:44:15,403 [WARN] ModelIntegratedComponent:63 - No mode defined for component null
2023-06-06 18:44:15,403 [WARN] ModelIntegratedComponent:63 - No mode defined for component null
2023-06-06 18:44:15,403 [WARN] ModelIntegratedComponent:63 - No mode defined for component null
2023-06-06 18:44:15,403 [WARN] ModelIntegratedComponent:63 - No mode defined for component null
2023-06-06 18:44:15,403 [WARN] ModelIntegratedComponent:63 - No mode defined for component null
2023-06-06 18:44:15,597 [INFO] ThirdPartyModel:298 - Start build external matchings
2023-06-06 18:44:16,291 [INFO] ThirdPartyModel:316 - End build external matchings
2023-06-06 18:44:16,332 [INFO] ImportTextPane:194 - (OptionalMessage_ERROR) IP (DMA) : Parameter (Instance) has Id (ADC1) currently not set
2023-06-06 18:44:16,332 [INFO] ImportTextPane:194 - (OptionalMessage_ERROR) IP (DMA) : Parameter (Direction) has Id (ADC1) currently not set
2023-06-06 18:44:16,332 [INFO] ImportTextPane:194 - (OptionalMessage_ERROR) IP (DMA) : Parameter (PeriphInc) has Id (ADC1) currently not set
2023-06-06 18:44:16,332 [INFO] ImportTextPane:194 - (OptionalMessage_ERROR) IP (DMA) : Parameter (MemInc) has Id (ADC1) currently not set
2023-06-06 18:44:16,332 [INFO] ImportTextPane:194 - (OptionalMessage_ERROR) IP (DMA) : Parameter (PeriphDataAlignment) has Id (ADC1) currently not set
2023-06-06 18:44:16,332 [INFO] ImportTextPane:194 - (OptionalMessage_ERROR) IP (DMA) : Parameter (MemDataAlignment) has Id (ADC1) currently not set
2023-06-06 18:44:16,332 [INFO] ImportTextPane:194 - (OptionalMessage_ERROR) IP (DMA) : Parameter (Mode) has Id (ADC1) currently not set
2023-06-06 18:44:16,332 [INFO] ImportTextPane:194 - (OptionalMessage_ERROR) IP (DMA) : Parameter (Priority) has Id (ADC1) currently not set
2023-06-06 18:44:16,332 [INFO] ImportTextPane:194 - (OptionalMessage_ERROR) IP (RCC) : Parameter (MCOFreq_Value) has invalid value (72000000)
2023-06-06 18:44:16,336 [INFO] ImportTextPane:194 - (OptionalMessage_ERROR) IP (RCC) : Parameter (USBFreq_Value) has invalid value (72000000)
2023-06-06 18:44:16,611 [INFO] UtilMem:75 - End LoadConfig() Used Memory: 599798584 Bytes (1073741824)
2023-06-06 18:44:16,615 [INFO] ApiDb:581 - Connected to CubeFinder SQLite database (C:\Users\przem\.stmcufinder\plugins\mcufinder\mcu\cube-finder-db.db)
2023-06-06 18:44:16,793 [WARN] ThirdParty:833 - waiting for thirdparty lock release [change project]
2023-06-06 18:44:16,793 [INFO] ThirdParty:835 - entering critical section [change project]
2023-06-06 18:44:16,793 [INFO] ThirdParty:1030 - CMSIS Pack Vendor :STMicroelectronics X-CUBE-ISPU 1.1.0
2023-06-06 18:44:16,793 [INFO] ThirdParty:1030 - CMSIS Pack Vendor :STMicroelectronics X-CUBE-GNSS1 6.0.0
2023-06-06 18:44:16,793 [INFO] ThirdParty:1030 - CMSIS Pack Vendor :STMicroelectronics USB_HOST 2.0.0
2023-06-06 18:44:16,793 [INFO] ThirdParty:1030 - CMSIS Pack Vendor :STMicroelectronics X-CUBE-AZRTOS-F4 1.1.0
2023-06-06 18:44:16,793 [INFO] ThirdParty:1030 - CMSIS Pack Vendor :STMicroelectronics LIBJPEG 8.0.0
2023-06-06 18:44:16,793 [INFO] ThirdParty:1030 - CMSIS Pack Vendor :STMicroelectronics X-CUBE-SMBUS 2.1.0
2023-06-06 18:44:16,793 [INFO] ThirdParty:1030 - CMSIS Pack Vendor :wolfSSL I-CUBE-wolfSSL 5.6.0
2023-06-06 18:44:16,793 [INFO] ThirdParty:1030 - CMSIS Pack Vendor :STMicroelectronics USB_DEVICE 3.0.0
2023-06-06 18:44:16,793 [INFO] ThirdParty:1030 - CMSIS Pack Vendor :STMicroelectronics X-CUBE-AI 8.0.0
2023-06-06 18:44:16,793 [INFO] ThirdParty:1030 - CMSIS Pack Vendor :STMicroelectronics X-CUBE-FREERTOS 1.0.1
2023-06-06 18:44:16,793 [INFO] ThirdParty:1030 - CMSIS Pack Vendor :STMicroelectronics X-CUBE-TOUCHGFX 4.21.3
2023-06-06 18:44:16,793 [INFO] ThirdParty:1030 - CMSIS Pack Vendor :STMicroelectronics X-CUBE-AZRTOS-F7 1.1.0
2023-06-06 18:44:16,793 [INFO] ThirdParty:1030 - CMSIS Pack Vendor :STMicroelectronics X-CUBE-TOUCHGFX 4.21.4
2023-06-06 18:44:16,793 [INFO] ThirdParty:1030 - CMSIS Pack Vendor :STMicroelectronics USB_DEVICE 2.0.0
2023-06-06 18:44:16,793 [INFO] ThirdParty:1030 - CMSIS Pack Vendor :STMicroelectronics X-CUBE-MEMS1 9.6.0
2023-06-06 18:44:16,793 [INFO] ThirdParty:1030 - CMSIS Pack Vendor :STMicroelectronics FP-SNS-MOTENV1 4.3.0
2023-06-06 18:44:16,797 [INFO] ThirdParty:1030 - CMSIS Pack Vendor :STMicroelectronics FP-SNS-FLIGHT1 5.0.0
2023-06-06 18:44:16,797 [INFO] ThirdParty:1030 - CMSIS Pack Vendor :STMicroelectronics FP-SNS-MOTENV1 4.3.1
2023-06-06 18:44:16,798 [INFO] ThirdParty:1030 - CMSIS Pack Vendor :STMicroelectronics FP-SNS-FLIGHT1 5.0.1
2023-06-06 18:44:16,798 [INFO] ThirdParty:1030 - CMSIS Pack Vendor :STMicroelectronics X-CUBE-ALGOBUILD 1.3.0
2023-06-06 18:44:16,798 [INFO] ThirdParty:1030 - CMSIS Pack Vendor :STMicroelectronics X-CUBE-BLE1 6.2.4
2023-06-06 18:44:16,798 [INFO] ThirdParty:1030 - CMSIS Pack Vendor :STMicroelectronics X-CUBE-AZRTOS-L5 1.1.0
2023-06-06 18:44:16,798 [INFO] ThirdParty:1030 - CMSIS Pack Vendor :STMicroelectronics FreeRTOS 0.0.1
2023-06-06 18:44:16,798 [INFO] ThirdParty:1030 - CMSIS Pack Vendor :STMicroelectronics X-CUBE-AZRTOS-G0 1.1.0
2023-06-06 18:44:16,798 [INFO] ThirdParty:1030 - CMSIS Pack Vendor :emotas I-CUBE-CANOPEN 1.1.3
2023-06-06 18:44:16,798 [INFO] ThirdParty:1030 - CMSIS Pack Vendor :STMicroelectronics X-CUBE-BLEMGR 2.0.0
2023-06-06 18:44:16,798 [INFO] ThirdParty:1030 - CMSIS Pack Vendor :STMicroelectronics X-CUBE-AI 8.0.1
2023-06-06 18:44:16,798 [INFO] ThirdParty:1030 - CMSIS Pack Vendor :STMicroelectronics X-CUBE-NFC4 3.0.0
2023-06-06 18:44:16,798 [INFO] ThirdParty:1030 - CMSIS Pack Vendor :STMicroelectronics X-CUBE-SUBG2 5.0.0
2023-06-06 18:44:16,798 [INFO] ThirdParty:1030 - CMSIS Pack Vendor :STMicroelectronics STM32_WPAN 1.0.0
2023-06-06 18:44:16,798 [INFO] ThirdParty:1030 - CMSIS Pack Vendor :STMicroelectronics lwIP 2.0.3
2023-06-06 18:44:16,798 [INFO] ThirdParty:1030 - CMSIS Pack Vendor :STMicroelectronics USB_HOST 1.0.0
2023-06-06 18:44:16,798 [INFO] ThirdParty:1030 - CMSIS Pack Vendor :STMicroelectronics X-CUBE-AZRTOS-G4 2.0.0
2023-06-06 18:44:16,798 [INFO] ThirdParty:1030 - CMSIS Pack Vendor :STMicroelectronics PDM2PCM 3.1.0
2023-06-06 18:44:16,798 [INFO] ThirdParty:1030 - CMSIS Pack Vendor :STMicroelectronics X-CUBE-AZRTOS-H7 3.1.0
2023-06-06 18:44:16,798 [INFO] ThirdParty:1030 - CMSIS Pack Vendor :STMicroelectronics X-CUBE-TOF1 3.3.0
2023-06-06 18:44:16,798 [INFO] ThirdParty:1030 - CMSIS Pack Vendor :STMicroelectronics PDM2PCM 3.3.0
2023-06-06 18:44:16,798 [INFO] ThirdParty:1030 - CMSIS Pack Vendor :STMicroelectronics X-CUBE-DISPLAY 3.0.0
2023-06-06 18:44:16,798 [INFO] ThirdParty:1030 - CMSIS Pack Vendor :STMicroelectronics FP-ATR-SIGFOX1 3.2.0
2023-06-06 18:44:16,798 [INFO] ThirdParty:1030 - CMSIS Pack Vendor :STMicroelectronics X-CUBE-AZRTOS-G4 1.0.0
2023-06-06 18:44:16,798 [INFO] ThirdParty:1030 - CMSIS Pack Vendor :STMicroelectronics X-CUBE-AZRTOS-L4 1.0.0
2023-06-06 18:44:16,798 [INFO] ThirdParty:1030 - CMSIS Pack Vendor :STMicroelectronics HAL Drivers 0.0.0
2023-06-06 18:44:16,798 [INFO] ThirdParty:1030 - CMSIS Pack Vendor :STMicroelectronics MBEDTLS 2.16.2
2023-06-06 18:44:16,798 [INFO] ThirdParty:1030 - CMSIS Pack Vendor :STMicroelectronics MBEDTLS 2.14.1
2023-06-06 18:44:16,798 [INFO] ThirdParty:1030 - CMSIS Pack Vendor :STMicroelectronics X-CUBE-NFC7 1.0.0
2023-06-06 18:44:16,798 [INFO] ThirdParty:1030 - CMSIS Pack Vendor :STMicroelectronics X-CUBE-AZRTOS-WL 1.0.0
2023-06-06 18:44:16,798 [INFO] ThirdParty:1030 - CMSIS Pack Vendor :STMicroelectronics X-CUBE-EEPRMA1 4.1.0
2023-06-06 18:44:16,798 [INFO] ThirdParty:1030 - CMSIS Pack Vendor :portGmbH I-Cube-SoM-uGOAL 1.1.0
2023-06-06 18:44:16,798 [INFO] ThirdParty:1030 - CMSIS Pack Vendor :STMicroelectronics X-CUBE-ALS 1.0.1
2023-06-06 18:44:16,798 [INFO] ThirdParty:1030 - CMSIS Pack Vendor :STMicroelectronics X-CUBE-MEMS1 9.5.0
2023-06-06 18:44:16,798 [INFO] ThirdParty:1030 - CMSIS Pack Vendor :STMicroelectronics ThreadX 1.0.0
2023-06-06 18:44:16,798 [INFO] ThirdParty:1030 - CMSIS Pack Vendor :STMicroelectronics X-CUBE-AZRTOS-WB 1.1.0
2023-06-06 18:44:16,798 [INFO] ThirdParty:1030 - CMSIS Pack Vendor :STMicroelectronics X-CUBE-AZRTOS-WL 2.0.0
2023-06-06 18:44:16,798 [INFO] ThirdParty:1030 - CMSIS Pack Vendor :SEGGER I-CUBE-embOS 1.3.1
2023-06-06 18:44:16,798 [INFO] ThirdParty:1030 - CMSIS Pack Vendor :STMicroelectronics USB_DEVICE 1.0.0
2023-06-06 18:44:16,798 [INFO] ThirdParty:1030 - CMSIS Pack Vendor :STMicroelectronics X-CUBE-AZRTOS-L4 2.0.0
2023-06-06 18:44:16,798 [INFO] ThirdParty:1030 - CMSIS Pack Vendor :STMicroelectronics ThreadX 0.0.2
2023-06-06 18:44:16,798 [INFO] ThirdParty:1030 - CMSIS Pack Vendor :WES I-CUBE-Cesium 1.3.0
2023-06-06 18:44:16,801 [INFO] ThirdParty:1030 - CMSIS Pack Vendor :STMicroelectronics FP-ATR-ASTRA1 2.0.0
2023-06-06 18:44:16,801 [INFO] ThirdParty:1030 - CMSIS Pack Vendor :STMicroelectronics lwIP 2.1.2
2023-06-06 18:44:16,801 [INFO] ThirdParty:1030 - CMSIS Pack Vendor :STMicroelectronics X-CUBE-SFXS2LP1 4.0.0
2023-06-06 18:44:16,801 [INFO] ThirdParty:1030 - CMSIS Pack Vendor :STMicroelectronics X-CUBE-BLE2 3.3.0
2023-06-06 18:44:16,801 [INFO] ThirdParty:1030 - CMSIS Pack Vendor :STMicroelectronics PDM2PCM 3.2.0
2023-06-06 18:44:16,801 [INFO] ThirdParty:841 - exiting critical section [change project]
2023-06-06 18:44:16,932 [INFO] PinOutPanel:1499 - setPackage(No Configuration,No Configuration)
2023-06-06 18:44:16,936 [INFO] PinOutPanel:1499 - setPackage(STM32F103R8Tx,LQFP64)
2023-06-06 18:44:17,402 [INFO] UtilMem:75 - Before build in PCC Used Memory: 708136600 Bytes (1073741824)
2023-06-06 18:44:17,635 [INFO] UtilMem:75 - After build in PCC Used Memory: 750605976 Bytes (1073741824)
2023-06-06 18:44:17,651 [INFO] IPUIPlugin:80 - create IPUIPlugin
2023-06-06 18:44:17,651 [INFO] IPUIPlugin:80 - create IPUIPlugin
2023-06-06 18:44:17,651 [INFO] IPUIPlugin:80 - create IPUIPlugin
2023-06-06 18:44:17,651 [INFO] IPUIPlugin:80 - create IPUIPlugin
2023-06-06 18:44:17,651 [INFO] IPUIPlugin:80 - create IPUIPlugin
2023-06-06 18:44:17,651 [INFO] IPUIPlugin:80 - create IPUIPlugin
2023-06-06 18:44:17,651 [INFO] IPUIPlugin:80 - create IPUIPlugin
2023-06-06 18:44:17,651 [INFO] IPUIPlugin:80 - create IPUIPlugin
2023-06-06 18:44:17,651 [INFO] IPUIPlugin:80 - create IPUIPlugin
2023-06-06 18:44:17,651 [INFO] IPUIPlugin:80 - create IPUIPlugin
2023-06-06 18:44:17,651 [INFO] IPUIPlugin:80 - create IPUIPlugin
2023-06-06 18:44:17,651 [INFO] IPUIPlugin:80 - create IPUIPlugin
2023-06-06 18:44:17,651 [INFO] IPUIPlugin:80 - create IPUIPlugin
2023-06-06 18:44:17,651 [INFO] IPUIPlugin:80 - create IPUIPlugin
2023-06-06 18:44:17,651 [INFO] IPUIPlugin:80 - create IPUIPlugin
2023-06-06 18:44:17,651 [INFO] IPUIPlugin:80 - create IPUIPlugin
2023-06-06 18:44:17,651 [INFO] IPUIPlugin:80 - create IPUIPlugin
2023-06-06 18:44:17,651 [INFO] IPUIPlugin:80 - create IPUIPlugin
2023-06-06 18:44:17,651 [INFO] IPUIPlugin:80 - create IPUIPlugin
2023-06-06 18:44:17,655 [INFO] IPUIPlugin:80 - create IPUIPlugin
2023-06-06 18:44:17,655 [INFO] IPUIPlugin:80 - create IPUIPlugin
2023-06-06 18:44:17,655 [INFO] IPUIPlugin:80 - create IPUIPlugin
2023-06-06 18:44:17,655 [INFO] IPUIPlugin:80 - create IPUIPlugin
2023-06-06 18:44:17,655 [INFO] IPUIPlugin:80 - create IPUIPlugin
2023-06-06 18:44:17,655 [INFO] IPUIPlugin:80 - create IPUIPlugin
2023-06-06 18:44:17,655 [INFO] IPUIPlugin:80 - create IPUIPlugin
2023-06-06 18:44:17,655 [INFO] IPUIPlugin:80 - create IPUIPlugin
2023-06-06 18:44:17,666 [INFO] Can:71 - Can Add PropertyChangeListener com.st.microxplorer.plugins.ip.can.Can@2b6ab962
2023-06-06 18:44:17,716 [INFO] CADModel:165 - CPN selected for project levelSTM32F103R8T6
2023-06-06 18:44:17,716 [INFO] CADModel:114 - Register for checkConnection events
2023-06-06 18:44:17,796 [INFO] OpenFileManager:328 - Restore cursor
2023-06-06 18:44:39,606 [INFO] MainUpdater:2854 - connection check result : 10
2023-06-06 18:44:39,606 [INFO] MainUpdater:2854 - connection check result : 10
2023-06-06 18:44:39,655 [INFO] MicroXplorer:468 - Change Database Path : 
2023-06-06 18:44:39,655 [INFO] MicroXplorer:498 - Change Database Version : DB.6.0.80
2023-06-06 18:44:39,675 [WARN] ThirdParty:871 - waiting for thirdparty lock release [close project]
2023-06-06 18:44:39,675 [INFO] ThirdParty:873 - entering critical section [close project]
2023-06-06 18:44:39,675 [INFO] ThirdParty:883 - exiting critical section [close project]
2023-06-06 18:44:39,675 [INFO] PinOutPanel:1499 - setPackage(No Configuration,No Configuration)
2023-06-06 18:44:39,679 [INFO] UtilMem:75 - Begin LoadConfig() Used Memory: 838796720 Bytes (1073741824)
2023-06-06 18:44:39,679 [INFO] MicroXplorer:468 - Change Database Path : 
2023-06-06 18:44:39,679 [INFO] MicroXplorer:498 - Change Database Version : DB.6.0.80
2023-06-06 18:44:39,679 [INFO] OpenFileManager:308 - Change cursor
2023-06-06 18:44:39,695 [INFO] Mcu:1937 - Initializing MCU STM32L4P5R(G-E)Tx STM32L4P5RETx STM32L4P5RET6
2023-06-06 18:44:42,201 [INFO] Context:659 - Trying to add GPIOservice into a context  which must be forbidden
2023-06-06 18:44:42,778 [INFO] RtosManager:555 - Registered RTOS mode: class=CMSIS, group=RTOS, mode=CMSIS_V1, owner=FREERTOS
2023-06-06 18:44:42,778 [INFO] RtosManager:555 - Registered RTOS mode: class=CMSIS, group=RTOS2, mode=CMSIS_V2, owner=FREERTOS
2023-06-06 18:44:42,782 [INFO] RtosManager:555 - Registered RTOS mode: class=RTOS, group=Core, mode=CMSIS_V1, owner=FREERTOS
2023-06-06 18:44:42,782 [INFO] RtosManager:555 - Registered RTOS mode: class=RTOS, group=Core, mode=CMSIS_V2, owner=FREERTOS
2023-06-06 18:44:42,782 [WARN] ModelIntegratedComponent:184 - Missing modes for component STMicroelectronics:FreeRTOS:0.0.1:STMicroelectronics:RTOS:FreeRTOS:Core:::10.2.0:
2023-06-06 18:44:42,790 [WARN] ModelIntegratedComponent:63 - No mode defined for component null
2023-06-06 18:44:42,790 [WARN] ModelIntegratedComponent:63 - No mode defined for component null
2023-06-06 18:44:42,790 [WARN] ModelIntegratedComponent:63 - No mode defined for component null
2023-06-06 18:44:42,790 [WARN] ModelIntegratedComponent:63 - No mode defined for component null
2023-06-06 18:44:42,790 [WARN] ModelIntegratedComponent:63 - No mode defined for component null
2023-06-06 18:44:42,790 [WARN] ModelIntegratedComponent:63 - No mode defined for component null
2023-06-06 18:44:42,790 [WARN] ModelIntegratedComponent:63 - No mode defined for component null
2023-06-06 18:44:42,790 [WARN] ModelIntegratedComponent:63 - No mode defined for component null
2023-06-06 18:44:42,790 [WARN] ModelIntegratedComponent:63 - No mode defined for component null
2023-06-06 18:44:42,790 [WARN] ModelIntegratedComponent:63 - No mode defined for component null
2023-06-06 18:44:42,790 [WARN] ModelIntegratedComponent:63 - No mode defined for component null
2023-06-06 18:44:42,790 [WARN] ModelIntegratedComponent:63 - No mode defined for component null
2023-06-06 18:44:42,790 [WARN] ModelIntegratedComponent:63 - No mode defined for component null
2023-06-06 18:44:42,790 [WARN] ModelIntegratedComponent:63 - No mode defined for component null
2023-06-06 18:44:42,790 [WARN] ModelIntegratedComponent:63 - No mode defined for component null
2023-06-06 18:44:42,790 [WARN] ModelIntegratedComponent:63 - No mode defined for component null
2023-06-06 18:44:42,790 [WARN] ModelIntegratedComponent:63 - No mode defined for component null
2023-06-06 18:44:42,790 [WARN] ModelIntegratedComponent:63 - No mode defined for component null
2023-06-06 18:44:42,790 [WARN] ModelIntegratedComponent:63 - No mode defined for component null
2023-06-06 18:44:42,790 [WARN] ModelIntegratedComponent:63 - No mode defined for component null
2023-06-06 18:44:42,790 [WARN] ModelIntegratedComponent:63 - No mode defined for component null
2023-06-06 18:44:42,790 [WARN] ModelIntegratedComponent:63 - No mode defined for component null
2023-06-06 18:44:42,790 [WARN] ModelIntegratedComponent:63 - No mode defined for component null
2023-06-06 18:44:42,790 [WARN] ModelIntegratedComponent:63 - No mode defined for component null
2023-06-06 18:44:42,790 [WARN] ModelIntegratedComponent:63 - No mode defined for component null
2023-06-06 18:44:42,790 [WARN] ModelIntegratedComponent:63 - No mode defined for component null
2023-06-06 18:44:42,790 [WARN] ModelIntegratedComponent:63 - No mode defined for component null
2023-06-06 18:44:42,790 [WARN] ModelIntegratedComponent:63 - No mode defined for component null
2023-06-06 18:44:42,790 [WARN] ModelIntegratedComponent:63 - No mode defined for component null
2023-06-06 18:44:42,790 [WARN] ModelIntegratedComponent:63 - No mode defined for component null
2023-06-06 18:44:42,790 [WARN] ModelIntegratedComponent:63 - No mode defined for component null
2023-06-06 18:44:42,790 [WARN] ModelIntegratedComponent:63 - No mode defined for component null
2023-06-06 18:44:42,790 [WARN] ModelIntegratedComponent:63 - No mode defined for component null
2023-06-06 18:44:42,883 [INFO] ThirdPartyModel:298 - Start build external matchings
2023-06-06 18:44:43,687 [INFO] ThirdPartyModel:316 - End build external matchings
2023-06-06 18:44:43,702 [INFO] ImportTextPane:194 - (OptionalMessage_ERROR) IP (RCC) : Invalid parameter (FamilyName)
2023-06-06 18:44:43,702 [INFO] ImportTextPane:194 - (OptionalMessage_ERROR) IP (RCC) : Parameter (RNGFreq_Value) has invalid value (64000000)
2023-06-06 18:44:43,702 [INFO] ImportTextPane:194 - (OptionalMessage_ERROR) IP (RCC) : Parameter (USBFreq_Value) has invalid value (64000000)
2023-06-06 18:44:44,073 [INFO] UtilMem:75 - End LoadConfig() Used Memory: 832695848 Bytes (1073741824)
2023-06-06 18:44:44,120 [WARN] ThirdParty:833 - waiting for thirdparty lock release [change project]
2023-06-06 18:44:44,120 [INFO] ThirdParty:835 - entering critical section [change project]
2023-06-06 18:44:44,120 [INFO] ThirdParty:1030 - CMSIS Pack Vendor :STMicroelectronics X-CUBE-ISPU 1.1.0
2023-06-06 18:44:44,120 [INFO] ThirdParty:1030 - CMSIS Pack Vendor :STMicroelectronics X-CUBE-GNSS1 6.0.0
2023-06-06 18:44:44,120 [INFO] ThirdParty:1030 - CMSIS Pack Vendor :STMicroelectronics USB_HOST 2.0.0
2023-06-06 18:44:44,120 [INFO] ThirdParty:1030 - CMSIS Pack Vendor :STMicroelectronics X-CUBE-AZRTOS-F4 1.1.0
2023-06-06 18:44:44,120 [INFO] ThirdParty:1030 - CMSIS Pack Vendor :STMicroelectronics LIBJPEG 8.0.0
2023-06-06 18:44:44,120 [INFO] ThirdParty:1030 - CMSIS Pack Vendor :STMicroelectronics X-CUBE-SMBUS 2.1.0
2023-06-06 18:44:44,120 [INFO] ThirdParty:1030 - CMSIS Pack Vendor :wolfSSL I-CUBE-wolfSSL 5.6.0
2023-06-06 18:44:44,120 [INFO] ThirdParty:1030 - CMSIS Pack Vendor :STMicroelectronics USB_DEVICE 3.0.0
2023-06-06 18:44:44,120 [INFO] ThirdParty:1030 - CMSIS Pack Vendor :STMicroelectronics X-CUBE-AI 8.0.0
2023-06-06 18:44:44,120 [INFO] ThirdParty:1030 - CMSIS Pack Vendor :STMicroelectronics X-CUBE-FREERTOS 1.0.1
2023-06-06 18:44:44,120 [INFO] ThirdParty:1030 - CMSIS Pack Vendor :STMicroelectronics X-CUBE-TOUCHGFX 4.21.3
2023-06-06 18:44:44,120 [INFO] ThirdParty:1030 - CMSIS Pack Vendor :STMicroelectronics X-CUBE-AZRTOS-F7 1.1.0
2023-06-06 18:44:44,120 [INFO] ThirdParty:1030 - CMSIS Pack Vendor :STMicroelectronics X-CUBE-TOUCHGFX 4.21.4
2023-06-06 18:44:44,120 [INFO] ThirdParty:1030 - CMSIS Pack Vendor :STMicroelectronics USB_DEVICE 2.0.0
2023-06-06 18:44:44,120 [INFO] ThirdParty:1030 - CMSIS Pack Vendor :STMicroelectronics X-CUBE-MEMS1 9.6.0
2023-06-06 18:44:44,120 [INFO] ThirdParty:1030 - CMSIS Pack Vendor :STMicroelectronics FP-SNS-MOTENV1 4.3.0
2023-06-06 18:44:44,120 [INFO] ThirdParty:1030 - CMSIS Pack Vendor :STMicroelectronics FP-SNS-FLIGHT1 5.0.0
2023-06-06 18:44:44,120 [INFO] ThirdParty:1030 - CMSIS Pack Vendor :STMicroelectronics FP-SNS-MOTENV1 4.3.1
2023-06-06 18:44:44,120 [INFO] ThirdParty:1030 - CMSIS Pack Vendor :STMicroelectronics FP-SNS-FLIGHT1 5.0.1
2023-06-06 18:44:44,120 [INFO] ThirdParty:1030 - CMSIS Pack Vendor :STMicroelectronics X-CUBE-ALGOBUILD 1.3.0
2023-06-06 18:44:44,124 [INFO] ThirdParty:1030 - CMSIS Pack Vendor :STMicroelectronics X-CUBE-BLE1 6.2.4
2023-06-06 18:44:44,124 [INFO] ThirdParty:1030 - CMSIS Pack Vendor :STMicroelectronics X-CUBE-AZRTOS-L5 1.1.0
2023-06-06 18:44:44,124 [INFO] ThirdParty:1030 - CMSIS Pack Vendor :STMicroelectronics FreeRTOS 0.0.1
2023-06-06 18:44:44,124 [INFO] ThirdParty:1030 - CMSIS Pack Vendor :STMicroelectronics X-CUBE-AZRTOS-G0 1.1.0
2023-06-06 18:44:44,124 [INFO] ThirdParty:1030 - CMSIS Pack Vendor :emotas I-CUBE-CANOPEN 1.1.3
2023-06-06 18:44:44,124 [INFO] ThirdParty:1030 - CMSIS Pack Vendor :STMicroelectronics X-CUBE-BLEMGR 2.0.0
2023-06-06 18:44:44,124 [INFO] ThirdParty:1030 - CMSIS Pack Vendor :STMicroelectronics X-CUBE-AI 8.0.1
2023-06-06 18:44:44,124 [INFO] ThirdParty:1030 - CMSIS Pack Vendor :STMicroelectronics X-CUBE-NFC4 3.0.0
2023-06-06 18:44:44,124 [INFO] ThirdParty:1030 - CMSIS Pack Vendor :STMicroelectronics X-CUBE-SUBG2 5.0.0
2023-06-06 18:44:44,124 [INFO] ThirdParty:1030 - CMSIS Pack Vendor :STMicroelectronics STM32_WPAN 1.0.0
2023-06-06 18:44:44,124 [INFO] ThirdParty:1030 - CMSIS Pack Vendor :STMicroelectronics lwIP 2.0.3
2023-06-06 18:44:44,124 [INFO] ThirdParty:1030 - CMSIS Pack Vendor :STMicroelectronics USB_HOST 1.0.0
2023-06-06 18:44:44,124 [INFO] ThirdParty:1030 - CMSIS Pack Vendor :STMicroelectronics X-CUBE-AZRTOS-G4 2.0.0
2023-06-06 18:44:44,124 [INFO] ThirdParty:1030 - CMSIS Pack Vendor :STMicroelectronics PDM2PCM 3.1.0
2023-06-06 18:44:44,124 [INFO] ThirdParty:1030 - CMSIS Pack Vendor :STMicroelectronics X-CUBE-AZRTOS-H7 3.1.0
2023-06-06 18:44:44,124 [INFO] ThirdParty:1030 - CMSIS Pack Vendor :STMicroelectronics X-CUBE-TOF1 3.3.0
2023-06-06 18:44:44,124 [INFO] ThirdParty:1030 - CMSIS Pack Vendor :STMicroelectronics PDM2PCM 3.3.0
2023-06-06 18:44:44,124 [INFO] ThirdParty:1030 - CMSIS Pack Vendor :STMicroelectronics X-CUBE-DISPLAY 3.0.0
2023-06-06 18:44:44,124 [INFO] ThirdParty:1030 - CMSIS Pack Vendor :STMicroelectronics FP-ATR-SIGFOX1 3.2.0
2023-06-06 18:44:44,124 [INFO] ThirdParty:1030 - CMSIS Pack Vendor :STMicroelectronics X-CUBE-AZRTOS-G4 1.0.0
2023-06-06 18:44:44,124 [INFO] ThirdParty:1030 - CMSIS Pack Vendor :STMicroelectronics X-CUBE-AZRTOS-L4 1.0.0
2023-06-06 18:44:44,124 [INFO] ThirdParty:1030 - CMSIS Pack Vendor :STMicroelectronics HAL Drivers 0.0.0
2023-06-06 18:44:44,124 [INFO] ThirdParty:1030 - CMSIS Pack Vendor :STMicroelectronics MBEDTLS 2.16.2
2023-06-06 18:44:44,124 [INFO] ThirdParty:1030 - CMSIS Pack Vendor :STMicroelectronics MBEDTLS 2.14.1
2023-06-06 18:44:44,124 [INFO] ThirdParty:1030 - CMSIS Pack Vendor :STMicroelectronics X-CUBE-NFC7 1.0.0
2023-06-06 18:44:44,124 [INFO] ThirdParty:1030 - CMSIS Pack Vendor :STMicroelectronics X-CUBE-AZRTOS-WL 1.0.0
2023-06-06 18:44:44,124 [INFO] ThirdParty:1030 - CMSIS Pack Vendor :STMicroelectronics X-CUBE-EEPRMA1 4.1.0
2023-06-06 18:44:44,124 [INFO] ThirdParty:1030 - CMSIS Pack Vendor :portGmbH I-Cube-SoM-uGOAL 1.1.0
2023-06-06 18:44:44,124 [INFO] ThirdParty:1030 - CMSIS Pack Vendor :STMicroelectronics X-CUBE-ALS 1.0.1
2023-06-06 18:44:44,124 [INFO] ThirdParty:1030 - CMSIS Pack Vendor :STMicroelectronics X-CUBE-MEMS1 9.5.0
2023-06-06 18:44:44,124 [INFO] ThirdParty:1030 - CMSIS Pack Vendor :STMicroelectronics ThreadX 1.0.0
2023-06-06 18:44:44,124 [INFO] ThirdParty:1030 - CMSIS Pack Vendor :STMicroelectronics X-CUBE-AZRTOS-WB 1.1.0
2023-06-06 18:44:44,124 [INFO] ThirdParty:1030 - CMSIS Pack Vendor :STMicroelectronics X-CUBE-AZRTOS-WL 2.0.0
2023-06-06 18:44:44,124 [INFO] ThirdParty:1030 - CMSIS Pack Vendor :SEGGER I-CUBE-embOS 1.3.1
2023-06-06 18:44:44,124 [INFO] ThirdParty:1030 - CMSIS Pack Vendor :STMicroelectronics USB_DEVICE 1.0.0
2023-06-06 18:44:44,124 [INFO] ThirdParty:1030 - CMSIS Pack Vendor :STMicroelectronics X-CUBE-AZRTOS-L4 2.0.0
2023-06-06 18:44:44,124 [INFO] ThirdParty:1030 - CMSIS Pack Vendor :STMicroelectronics ThreadX 0.0.2
2023-06-06 18:44:44,124 [INFO] ThirdParty:1030 - CMSIS Pack Vendor :WES I-CUBE-Cesium 1.3.0
2023-06-06 18:44:44,124 [INFO] ThirdParty:1030 - CMSIS Pack Vendor :STMicroelectronics FP-ATR-ASTRA1 2.0.0
2023-06-06 18:44:44,124 [INFO] ThirdParty:1030 - CMSIS Pack Vendor :STMicroelectronics lwIP 2.1.2
2023-06-06 18:44:44,124 [INFO] ThirdParty:1030 - CMSIS Pack Vendor :STMicroelectronics X-CUBE-SFXS2LP1 4.0.0
2023-06-06 18:44:44,124 [INFO] ThirdParty:1030 - CMSIS Pack Vendor :STMicroelectronics X-CUBE-BLE2 3.3.0
2023-06-06 18:44:44,124 [INFO] ThirdParty:1030 - CMSIS Pack Vendor :STMicroelectronics PDM2PCM 3.2.0
2023-06-06 18:44:44,124 [INFO] ThirdParty:841 - exiting critical section [change project]
2023-06-06 18:44:44,308 [INFO] PinOutPanel:1499 - setPackage(No Configuration,No Configuration)
2023-06-06 18:44:44,310 [INFO] PinOutPanel:1499 - setPackage(STM32L4P5RETx,LQFP64)
2023-06-06 18:44:44,831 [INFO] UtilMem:75 - Before build in PCC Used Memory: 699122408 Bytes (1073741824)
2023-06-06 18:44:45,285 [INFO] UtilMem:75 - After build in PCC Used Memory: 804502248 Bytes (1073741824)
2023-06-06 18:44:45,313 [INFO] IPUIPlugin:80 - create IPUIPlugin
2023-06-06 18:44:45,313 [INFO] IPUIPlugin:80 - create IPUIPlugin
2023-06-06 18:44:45,313 [INFO] IPUIPlugin:80 - create IPUIPlugin
2023-06-06 18:44:45,313 [INFO] IPUIPlugin:80 - create IPUIPlugin
2023-06-06 18:44:45,318 [INFO] IPUIPlugin:80 - create IPUIPlugin
2023-06-06 18:44:45,318 [INFO] IPUIPlugin:80 - create IPUIPlugin
2023-06-06 18:44:45,318 [INFO] IPUIPlugin:80 - create IPUIPlugin
2023-06-06 18:44:45,318 [INFO] IPUIPlugin:80 - create IPUIPlugin
2023-06-06 18:44:45,318 [INFO] IPUIPlugin:80 - create IPUIPlugin
2023-06-06 18:44:45,318 [INFO] IPUIPlugin:80 - create IPUIPlugin
2023-06-06 18:44:45,318 [INFO] IPUIPlugin:80 - create IPUIPlugin
2023-06-06 18:44:45,318 [INFO] IPUIPlugin:80 - create IPUIPlugin
2023-06-06 18:44:45,318 [INFO] IPUIPlugin:80 - create IPUIPlugin
2023-06-06 18:44:45,318 [INFO] IPUIPlugin:80 - create IPUIPlugin
2023-06-06 18:44:45,318 [INFO] IPUIPlugin:80 - create IPUIPlugin
2023-06-06 18:44:45,318 [INFO] IPUIPlugin:80 - create IPUIPlugin
2023-06-06 18:44:45,318 [INFO] IPUIPlugin:80 - create IPUIPlugin
2023-06-06 18:44:45,318 [INFO] IPUIPlugin:80 - create IPUIPlugin
2023-06-06 18:44:45,318 [INFO] IPUIPlugin:80 - create IPUIPlugin
2023-06-06 18:44:45,318 [INFO] IPUIPlugin:80 - create IPUIPlugin
2023-06-06 18:44:45,318 [INFO] IPUIPlugin:80 - create IPUIPlugin
2023-06-06 18:44:45,318 [INFO] IPUIPlugin:80 - create IPUIPlugin
2023-06-06 18:44:45,322 [INFO] IPUIPlugin:80 - create IPUIPlugin
2023-06-06 18:44:45,322 [INFO] IPUIPlugin:80 - create IPUIPlugin
2023-06-06 18:44:45,322 [INFO] IPUIPlugin:80 - create IPUIPlugin
2023-06-06 18:44:45,322 [INFO] IPUIPlugin:80 - create IPUIPlugin
2023-06-06 18:44:45,322 [INFO] IPUIPlugin:80 - create IPUIPlugin
2023-06-06 18:44:45,322 [INFO] IPUIPlugin:80 - create IPUIPlugin
2023-06-06 18:44:45,322 [INFO] IPUIPlugin:80 - create IPUIPlugin
2023-06-06 18:44:45,322 [INFO] IPUIPlugin:80 - create IPUIPlugin
2023-06-06 18:44:45,322 [INFO] IPUIPlugin:80 - create IPUIPlugin
2023-06-06 18:44:45,322 [INFO] IPUIPlugin:80 - create IPUIPlugin
2023-06-06 18:44:45,322 [INFO] IPUIPlugin:80 - create IPUIPlugin
2023-06-06 18:44:45,322 [INFO] IPUIPlugin:80 - create IPUIPlugin
2023-06-06 18:44:45,322 [INFO] IPUIPlugin:80 - create IPUIPlugin
2023-06-06 18:44:45,326 [INFO] IPUIPlugin:80 - create IPUIPlugin
2023-06-06 18:44:45,326 [INFO] IPUIPlugin:80 - create IPUIPlugin
2023-06-06 18:44:45,326 [INFO] IPUIPlugin:80 - create IPUIPlugin
2023-06-06 18:44:45,326 [INFO] IPUIPlugin:80 - create IPUIPlugin
2023-06-06 18:44:45,326 [INFO] IPUIPlugin:80 - create IPUIPlugin
2023-06-06 18:44:45,326 [INFO] IPUIPlugin:80 - create IPUIPlugin
2023-06-06 18:44:45,328 [INFO] IPUIPlugin:80 - create IPUIPlugin
2023-06-06 18:44:45,328 [INFO] IPUIPlugin:80 - create IPUIPlugin
2023-06-06 18:44:45,328 [INFO] IPUIPlugin:80 - create IPUIPlugin
2023-06-06 18:44:45,330 [INFO] IPUIPlugin:80 - create IPUIPlugin
2023-06-06 18:44:45,330 [INFO] IPUIPlugin:80 - create IPUIPlugin
2023-06-06 18:44:45,330 [INFO] IPUIPlugin:80 - create IPUIPlugin
2023-06-06 18:44:45,330 [INFO] IPUIPlugin:80 - create IPUIPlugin
2023-06-06 18:44:45,330 [INFO] IPUIPlugin:80 - create IPUIPlugin
2023-06-06 18:44:45,330 [INFO] IPUIPlugin:80 - create IPUIPlugin
2023-06-06 18:44:45,330 [INFO] IPUIPlugin:80 - create IPUIPlugin
2023-06-06 18:44:45,330 [INFO] IPUIPlugin:80 - create IPUIPlugin
2023-06-06 18:44:45,334 [INFO] IPUIPlugin:80 - create IPUIPlugin
2023-06-06 18:44:45,334 [INFO] IPUIPlugin:80 - create IPUIPlugin
2023-06-06 18:44:45,334 [INFO] IPUIPlugin:80 - create IPUIPlugin
2023-06-06 18:44:45,334 [INFO] IPUIPlugin:80 - create IPUIPlugin
2023-06-06 18:44:45,334 [INFO] IPUIPlugin:80 - create IPUIPlugin
2023-06-06 18:44:45,334 [INFO] IPUIPlugin:80 - create IPUIPlugin
2023-06-06 18:44:45,334 [INFO] IPUIPlugin:80 - create IPUIPlugin
2023-06-06 18:44:45,338 [INFO] IPUIPlugin:80 - create IPUIPlugin
2023-06-06 18:44:45,338 [INFO] IPUIPlugin:80 - create IPUIPlugin
2023-06-06 18:44:45,338 [INFO] IPUIPlugin:80 - create IPUIPlugin
2023-06-06 18:44:45,338 [INFO] IPUIPlugin:80 - create IPUIPlugin
2023-06-06 18:44:45,338 [INFO] IPUIPlugin:80 - create IPUIPlugin
2023-06-06 18:44:45,358 [INFO] CADModel:165 - CPN selected for project levelSTM32L4P5RET6
2023-06-06 18:44:45,361 [INFO] CADModel:114 - Register for checkConnection events
2023-06-06 18:44:45,426 [INFO] OpenFileManager:328 - Restore cursor
2023-06-06 18:45:11,730 [INFO] UtilMem:75 - End SaveConfig() Used Memory: 637398832 Bytes (1073741824)
2023-06-06 18:45:11,830 [INFO] UtilMem:75 - End SaveConfig() Used Memory: 663548776 Bytes (1073741824)
2023-06-06 18:45:21,499 [INFO] UtilMem:75 - End SaveConfig() Used Memory: 890900352 Bytes (1073741824)
2023-06-06 18:45:21,844 [INFO] BlockDiagram:2759 - set Specific Code input for plugin: SYS
2023-06-06 18:45:21,844 [INFO] BlockDiagram:2759 - set Specific Code input for plugin: RCC
2023-06-06 18:45:21,844 [INFO] BlockDiagram:2759 - set Specific Code input for plugin: NVIC
2023-06-06 18:45:21,844 [INFO] BlockDiagram:2759 - set Specific Code input for plugin: GPIO
2023-06-06 18:45:21,848 [INFO] CodeGenerator:793 - code generatio: config db path: C:\ST\STM32CubeIDE_1.12.0\STM32CubeIDE\plugins\com.st.stm32cube.common.mx_6.8.0.202302231600\\db\
2023-06-06 18:45:22,164 [INFO] CodeEngine:255 - oldGeneratedFile, C:\Users\przem\OneDrive\Pulpit\PUTM\PUTM_DV_ASB_2023\software\EBS_Supervisor_L4\MXTmpFiles\license.tmp_save
2023-06-06 18:45:22,279 [INFO] CodeEngine:279 - Generated code: C:\Users\przem\OneDrive\Pulpit\PUTM\PUTM_DV_ASB_2023\software\EBS_Supervisor_L4\MXTmpFiles\license.tmp
2023-06-06 18:45:22,412 [INFO] CodeEngine:255 - oldGeneratedFile, C:\Users\przem\OneDrive\Pulpit\PUTM\PUTM_DV_ASB_2023\software\EBS_Supervisor_L4\MXTmpFiles\gpio.tmp_save
2023-06-06 18:45:22,540 [INFO] CodeEngine:279 - Generated code: C:\Users\przem\OneDrive\Pulpit\PUTM\PUTM_DV_ASB_2023\software\EBS_Supervisor_L4\MXTmpFiles\gpio.tmp
2023-06-06 18:45:22,624 [INFO] CodeEngine:255 - oldGeneratedFile, C:\Users\przem\OneDrive\Pulpit\PUTM\PUTM_DV_ASB_2023\software\EBS_Supervisor_L4\Core\Src\stm32l4xx_it.c_save
2023-06-06 18:45:22,752 [INFO] CodeEngine:279 - Generated code: C:\Users\przem\OneDrive\Pulpit\PUTM\PUTM_DV_ASB_2023\software\EBS_Supervisor_L4\Core\Src\stm32l4xx_it.c
2023-06-06 18:45:22,760 [INFO] CodeEngine:255 - oldGeneratedFile, C:\Users\przem\OneDrive\Pulpit\PUTM\PUTM_DV_ASB_2023\software\EBS_Supervisor_L4\Core\Inc\stm32l4xx_it.h_save
2023-06-06 18:45:22,842 [INFO] CodeEngine:279 - Generated code: C:\Users\przem\OneDrive\Pulpit\PUTM\PUTM_DV_ASB_2023\software\EBS_Supervisor_L4\Core\Inc\stm32l4xx_it.h
2023-06-06 18:45:22,862 [INFO] CodeEngine:255 - oldGeneratedFile, C:\Users\przem\OneDrive\Pulpit\PUTM\PUTM_DV_ASB_2023\software\EBS_Supervisor_L4\Core\Src\stm32l4xx_hal_msp.c_save
2023-06-06 18:45:23,039 [INFO] CodeEngine:279 - Generated code: C:\Users\przem\OneDrive\Pulpit\PUTM\PUTM_DV_ASB_2023\software\EBS_Supervisor_L4\Core\Src\stm32l4xx_hal_msp.c
2023-06-06 18:45:23,046 [INFO] CodeEngine:255 - oldGeneratedFile, C:\Users\przem\OneDrive\Pulpit\PUTM\PUTM_DV_ASB_2023\software\EBS_Supervisor_L4\MXTmpFiles\system.tmp_save
2023-06-06 18:45:23,153 [INFO] CodeEngine:279 - Generated code: C:\Users\przem\OneDrive\Pulpit\PUTM\PUTM_DV_ASB_2023\software\EBS_Supervisor_L4\MXTmpFiles\system.tmp
2023-06-06 18:45:23,176 [INFO] CodeEngine:311 - oldGeneratedFile, C:\Users\przem\OneDrive\Pulpit\PUTM\PUTM_DV_ASB_2023\software\EBS_Supervisor_L4\Core\Inc\stm32l4xx_hal_conf.h_save
2023-06-06 18:45:23,289 [INFO] CodeEngine:335 - Generated code: C:\Users\przem\OneDrive\Pulpit\PUTM\PUTM_DV_ASB_2023\software\EBS_Supervisor_L4\Core\Inc\stm32l4xx_hal_conf.h
2023-06-06 18:45:23,326 [INFO] CodeEngine:255 - oldGeneratedFile, C:\Users\przem\OneDrive\Pulpit\PUTM\PUTM_DV_ASB_2023\software\EBS_Supervisor_L4\Core\Inc\main.h_save
2023-06-06 18:45:23,438 [INFO] CodeEngine:279 - Generated code: C:\Users\przem\OneDrive\Pulpit\PUTM\PUTM_DV_ASB_2023\software\EBS_Supervisor_L4\Core\Inc\main.h
2023-06-06 18:45:23,446 [INFO] CodeEngine:255 - oldGeneratedFile, C:\Users\przem\OneDrive\Pulpit\PUTM\PUTM_DV_ASB_2023\software\EBS_Supervisor_L4\Core\Src\main.c_save
2023-06-06 18:45:23,555 [INFO] CodeEngine:279 - Generated code: C:\Users\przem\OneDrive\Pulpit\PUTM\PUTM_DV_ASB_2023\software\EBS_Supervisor_L4\Core\Src\main.c
2023-06-06 18:45:24,066 [INFO] ProjectBuilder:2996 - Time for Copy HAL[2] : 0mS.
2023-06-06 18:45:24,070 [INFO] ProjectBuilder:4304 - Project Generator version: 3.19.2
2023-06-06 18:45:24,548 [INFO] ConfigFileManager:1483 - The Die is : DIE471
2023-06-06 18:45:24,560 [INFO] ApiDbMcu:507 - Load IP Config File for FATFS
2023-06-06 18:45:24,576 [INFO] ApiDbMcu:507 - Load IP Config File for FREERTOS
2023-06-06 18:45:24,604 [INFO] ApiDbMcu:507 - Load IP Config File for TOUCHSENSING
2023-06-06 18:45:24,620 [INFO] ApiDbMcu:507 - Load IP Config File for USB_DEVICE
2023-06-06 18:45:24,632 [INFO] ApiDbMcu:507 - Load IP Config File for USB_HOST
2023-06-06 18:45:26,521 [INFO] ProjectBuilder:4505 - Time for Generating toolchain IDE Files: 2451mS.
2023-06-06 18:45:26,521 [INFO] ProjectBuilder:2867 - Time for Copy CMSIS : 0mS.
2023-06-06 18:45:26,529 [INFO] ProjectBuilder:2867 - Time for Copy CMSIS : 0mS.
2023-06-06 18:45:27,075 [INFO] MainUpdater:2854 - connection check result : 10
2023-06-06 18:45:27,075 [INFO] MainUpdater:2854 - connection check result : 10
2023-06-06 18:45:27,156 [INFO] MicroXplorer:468 - Change Database Path : 
2023-06-06 18:45:27,156 [INFO] MicroXplorer:498 - Change Database Version : DB.6.0.80
2023-06-06 18:45:27,177 [WARN] ThirdParty:871 - waiting for thirdparty lock release [close project]
2023-06-06 18:45:27,177 [INFO] ThirdParty:873 - entering critical section [close project]
2023-06-06 18:45:27,177 [INFO] ThirdParty:883 - exiting critical section [close project]
2023-06-06 18:45:27,177 [INFO] PinOutPanel:1499 - setPackage(No Configuration,No Configuration)
2023-06-06 18:45:27,180 [INFO] UtilMem:75 - Begin LoadConfig() Used Memory: 697859208 Bytes (1073741824)
2023-06-06 18:45:27,187 [INFO] MicroXplorer:468 - Change Database Path : C:/Users/przem/.stm32cubemx/databases/DB.6.0.70/db/
2023-06-06 18:45:27,187 [INFO] MicroXplorer:498 - Change Database Version : DB.6.0.70
2023-06-06 18:45:32,943 [INFO] OpenFileManager:308 - Change cursor
2023-06-06 18:45:32,951 [INFO] RulesReader:64 - Compatibility file has been processed (283 Rules)
2023-06-06 18:45:32,955 [INFO] Mcu:1937 - Initializing MCU STM32F103R(8-B)Tx STM32F103R8Tx STM32F103R8T6
2023-06-06 18:45:33,483 [INFO] Context:659 - Trying to add GPIOservice into a context  which must be forbidden
2023-06-06 18:45:33,697 [INFO] RtosManager:555 - Registered RTOS mode: class=CMSIS, group=RTOS, mode=CMSIS_V1, owner=FREERTOS
2023-06-06 18:45:33,697 [INFO] RtosManager:555 - Registered RTOS mode: class=CMSIS, group=RTOS2, mode=CMSIS_V2, owner=FREERTOS
2023-06-06 18:45:33,697 [INFO] RtosManager:555 - Registered RTOS mode: class=RTOS, group=Core, mode=CMSIS_V1, owner=FREERTOS
2023-06-06 18:45:33,697 [INFO] RtosManager:555 - Registered RTOS mode: class=RTOS, group=Core, mode=CMSIS_V2, owner=FREERTOS
2023-06-06 18:45:33,701 [WARN] ModelIntegratedComponent:184 - Missing modes for component STMicroelectronics:FreeRTOS:0.0.1:STMicroelectronics:RTOS:FreeRTOS:Core:::10.2.0:
2023-06-06 18:45:33,709 [WARN] ModelIntegratedComponent:63 - No mode defined for component null
2023-06-06 18:45:33,709 [WARN] ModelIntegratedComponent:63 - No mode defined for component null
2023-06-06 18:45:33,709 [WARN] ModelIntegratedComponent:63 - No mode defined for component null
2023-06-06 18:45:33,709 [WARN] ModelIntegratedComponent:63 - No mode defined for component null
2023-06-06 18:45:33,709 [WARN] ModelIntegratedComponent:63 - No mode defined for component null
2023-06-06 18:45:33,709 [WARN] ModelIntegratedComponent:63 - No mode defined for component null
2023-06-06 18:45:33,709 [WARN] ModelIntegratedComponent:63 - No mode defined for component null
2023-06-06 18:45:33,709 [WARN] ModelIntegratedComponent:63 - No mode defined for component null
2023-06-06 18:45:33,709 [WARN] ModelIntegratedComponent:63 - No mode defined for component null
2023-06-06 18:45:33,709 [WARN] ModelIntegratedComponent:63 - No mode defined for component null
2023-06-06 18:45:33,709 [WARN] ModelIntegratedComponent:63 - No mode defined for component null
2023-06-06 18:45:33,709 [WARN] ModelIntegratedComponent:63 - No mode defined for component null
2023-06-06 18:45:33,709 [WARN] ModelIntegratedComponent:63 - No mode defined for component null
2023-06-06 18:45:33,709 [WARN] ModelIntegratedComponent:63 - No mode defined for component null
2023-06-06 18:45:33,709 [WARN] ModelIntegratedComponent:63 - No mode defined for component null
2023-06-06 18:45:33,709 [WARN] ModelIntegratedComponent:63 - No mode defined for component null
2023-06-06 18:45:33,709 [WARN] ModelIntegratedComponent:63 - No mode defined for component null
2023-06-06 18:45:33,709 [WARN] ModelIntegratedComponent:63 - No mode defined for component null
2023-06-06 18:45:33,709 [WARN] ModelIntegratedComponent:63 - No mode defined for component null
2023-06-06 18:45:33,709 [WARN] ModelIntegratedComponent:63 - No mode defined for component null
2023-06-06 18:45:33,709 [WARN] ModelIntegratedComponent:63 - No mode defined for component null
2023-06-06 18:45:33,709 [WARN] ModelIntegratedComponent:63 - No mode defined for component null
2023-06-06 18:45:33,709 [WARN] ModelIntegratedComponent:63 - No mode defined for component null
2023-06-06 18:45:33,709 [WARN] ModelIntegratedComponent:63 - No mode defined for component null
2023-06-06 18:45:33,709 [WARN] ModelIntegratedComponent:63 - No mode defined for component null
2023-06-06 18:45:33,709 [WARN] ModelIntegratedComponent:63 - No mode defined for component null
2023-06-06 18:45:33,709 [WARN] ModelIntegratedComponent:63 - No mode defined for component null
2023-06-06 18:45:33,709 [WARN] ModelIntegratedComponent:63 - No mode defined for component null
2023-06-06 18:45:33,709 [WARN] ModelIntegratedComponent:63 - No mode defined for component null
2023-06-06 18:45:33,709 [WARN] ModelIntegratedComponent:63 - No mode defined for component null
2023-06-06 18:45:33,709 [WARN] ModelIntegratedComponent:63 - No mode defined for component null
2023-06-06 18:45:33,709 [WARN] ModelIntegratedComponent:63 - No mode defined for component null
2023-06-06 18:45:33,709 [WARN] ModelIntegratedComponent:63 - No mode defined for component null
2023-06-06 18:45:33,922 [INFO] ThirdPartyModel:298 - Start build external matchings
2023-06-06 18:45:34,829 [INFO] ThirdPartyModel:316 - End build external matchings
2023-06-06 18:45:34,861 [INFO] ImportTextPane:194 - (OptionalMessage_ERROR) IP (DMA) : Parameter (Instance) has Id (ADC1) currently not set
2023-06-06 18:45:34,861 [INFO] ImportTextPane:194 - (OptionalMessage_ERROR) IP (DMA) : Parameter (Direction) has Id (ADC1) currently not set
2023-06-06 18:45:34,861 [INFO] ImportTextPane:194 - (OptionalMessage_ERROR) IP (DMA) : Parameter (PeriphInc) has Id (ADC1) currently not set
2023-06-06 18:45:34,861 [INFO] ImportTextPane:194 - (OptionalMessage_ERROR) IP (DMA) : Parameter (MemInc) has Id (ADC1) currently not set
2023-06-06 18:45:34,861 [INFO] ImportTextPane:194 - (OptionalMessage_ERROR) IP (DMA) : Parameter (PeriphDataAlignment) has Id (ADC1) currently not set
2023-06-06 18:45:34,861 [INFO] ImportTextPane:194 - (OptionalMessage_ERROR) IP (DMA) : Parameter (MemDataAlignment) has Id (ADC1) currently not set
2023-06-06 18:45:34,861 [INFO] ImportTextPane:194 - (OptionalMessage_ERROR) IP (DMA) : Parameter (Mode) has Id (ADC1) currently not set
2023-06-06 18:45:34,861 [INFO] ImportTextPane:194 - (OptionalMessage_ERROR) IP (DMA) : Parameter (Priority) has Id (ADC1) currently not set
2023-06-06 18:45:34,861 [INFO] ImportTextPane:194 - (OptionalMessage_ERROR) IP (RCC) : Parameter (MCOFreq_Value) has invalid value (72000000)
2023-06-06 18:45:34,861 [INFO] ImportTextPane:194 - (OptionalMessage_ERROR) IP (RCC) : Parameter (USBFreq_Value) has invalid value (72000000)
2023-06-06 18:45:35,079 [INFO] UtilMem:75 - End LoadConfig() Used Memory: 692581728 Bytes (1073741824)
2023-06-06 18:45:35,130 [WARN] ThirdParty:833 - waiting for thirdparty lock release [change project]
2023-06-06 18:45:35,130 [INFO] ThirdParty:835 - entering critical section [change project]
2023-06-06 18:45:35,130 [INFO] ThirdParty:1030 - CMSIS Pack Vendor :STMicroelectronics X-CUBE-ISPU 1.1.0
2023-06-06 18:45:35,130 [INFO] ThirdParty:1030 - CMSIS Pack Vendor :STMicroelectronics X-CUBE-GNSS1 6.0.0
2023-06-06 18:45:35,130 [INFO] ThirdParty:1030 - CMSIS Pack Vendor :STMicroelectronics USB_HOST 2.0.0
2023-06-06 18:45:35,130 [INFO] ThirdParty:1030 - CMSIS Pack Vendor :STMicroelectronics X-CUBE-AZRTOS-F4 1.1.0
2023-06-06 18:45:35,130 [INFO] ThirdParty:1030 - CMSIS Pack Vendor :STMicroelectronics LIBJPEG 8.0.0
2023-06-06 18:45:35,130 [INFO] ThirdParty:1030 - CMSIS Pack Vendor :STMicroelectronics X-CUBE-SMBUS 2.1.0
2023-06-06 18:45:35,130 [INFO] ThirdParty:1030 - CMSIS Pack Vendor :wolfSSL I-CUBE-wolfSSL 5.6.0
2023-06-06 18:45:35,130 [INFO] ThirdParty:1030 - CMSIS Pack Vendor :STMicroelectronics USB_DEVICE 3.0.0
2023-06-06 18:45:35,130 [INFO] ThirdParty:1030 - CMSIS Pack Vendor :STMicroelectronics X-CUBE-AI 8.0.0
2023-06-06 18:45:35,130 [INFO] ThirdParty:1030 - CMSIS Pack Vendor :STMicroelectronics X-CUBE-FREERTOS 1.0.1
2023-06-06 18:45:35,131 [INFO] ThirdParty:1030 - CMSIS Pack Vendor :STMicroelectronics X-CUBE-TOUCHGFX 4.21.3
2023-06-06 18:45:35,131 [INFO] ThirdParty:1030 - CMSIS Pack Vendor :STMicroelectronics X-CUBE-AZRTOS-F7 1.1.0
2023-06-06 18:45:35,131 [INFO] ThirdParty:1030 - CMSIS Pack Vendor :STMicroelectronics X-CUBE-TOUCHGFX 4.21.4
2023-06-06 18:45:35,131 [INFO] ThirdParty:1030 - CMSIS Pack Vendor :STMicroelectronics USB_DEVICE 2.0.0
2023-06-06 18:45:35,131 [INFO] ThirdParty:1030 - CMSIS Pack Vendor :STMicroelectronics X-CUBE-MEMS1 9.6.0
2023-06-06 18:45:35,131 [INFO] ThirdParty:1030 - CMSIS Pack Vendor :STMicroelectronics FP-SNS-MOTENV1 4.3.0
2023-06-06 18:45:35,131 [INFO] ThirdParty:1030 - CMSIS Pack Vendor :STMicroelectronics FP-SNS-FLIGHT1 5.0.0
2023-06-06 18:45:35,131 [INFO] ThirdParty:1030 - CMSIS Pack Vendor :STMicroelectronics FP-SNS-MOTENV1 4.3.1
2023-06-06 18:45:35,131 [INFO] ThirdParty:1030 - CMSIS Pack Vendor :STMicroelectronics FP-SNS-FLIGHT1 5.0.1
2023-06-06 18:45:35,131 [INFO] ThirdParty:1030 - CMSIS Pack Vendor :STMicroelectronics X-CUBE-ALGOBUILD 1.3.0
2023-06-06 18:45:35,131 [INFO] ThirdParty:1030 - CMSIS Pack Vendor :STMicroelectronics X-CUBE-BLE1 6.2.4
2023-06-06 18:45:35,131 [INFO] ThirdParty:1030 - CMSIS Pack Vendor :STMicroelectronics X-CUBE-AZRTOS-L5 1.1.0
2023-06-06 18:45:35,131 [INFO] ThirdParty:1030 - CMSIS Pack Vendor :STMicroelectronics FreeRTOS 0.0.1
2023-06-06 18:45:35,131 [INFO] ThirdParty:1030 - CMSIS Pack Vendor :STMicroelectronics X-CUBE-AZRTOS-G0 1.1.0
2023-06-06 18:45:35,131 [INFO] ThirdParty:1030 - CMSIS Pack Vendor :emotas I-CUBE-CANOPEN 1.1.3
2023-06-06 18:45:35,131 [INFO] ThirdParty:1030 - CMSIS Pack Vendor :STMicroelectronics X-CUBE-BLEMGR 2.0.0
2023-06-06 18:45:35,131 [INFO] ThirdParty:1030 - CMSIS Pack Vendor :STMicroelectronics X-CUBE-AI 8.0.1
2023-06-06 18:45:35,131 [INFO] ThirdParty:1030 - CMSIS Pack Vendor :STMicroelectronics X-CUBE-NFC4 3.0.0
2023-06-06 18:45:35,131 [INFO] ThirdParty:1030 - CMSIS Pack Vendor :STMicroelectronics X-CUBE-SUBG2 5.0.0
2023-06-06 18:45:35,131 [INFO] ThirdParty:1030 - CMSIS Pack Vendor :STMicroelectronics STM32_WPAN 1.0.0
2023-06-06 18:45:35,131 [INFO] ThirdParty:1030 - CMSIS Pack Vendor :STMicroelectronics lwIP 2.0.3
2023-06-06 18:45:35,131 [INFO] ThirdParty:1030 - CMSIS Pack Vendor :STMicroelectronics USB_HOST 1.0.0
2023-06-06 18:45:35,131 [INFO] ThirdParty:1030 - CMSIS Pack Vendor :STMicroelectronics X-CUBE-AZRTOS-G4 2.0.0
2023-06-06 18:45:35,131 [INFO] ThirdParty:1030 - CMSIS Pack Vendor :STMicroelectronics PDM2PCM 3.1.0
2023-06-06 18:45:35,131 [INFO] ThirdParty:1030 - CMSIS Pack Vendor :STMicroelectronics X-CUBE-AZRTOS-H7 3.1.0
2023-06-06 18:45:35,131 [INFO] ThirdParty:1030 - CMSIS Pack Vendor :STMicroelectronics X-CUBE-TOF1 3.3.0
2023-06-06 18:45:35,131 [INFO] ThirdParty:1030 - CMSIS Pack Vendor :STMicroelectronics PDM2PCM 3.3.0
2023-06-06 18:45:35,131 [INFO] ThirdParty:1030 - CMSIS Pack Vendor :STMicroelectronics X-CUBE-DISPLAY 3.0.0
2023-06-06 18:45:35,131 [INFO] ThirdParty:1030 - CMSIS Pack Vendor :STMicroelectronics FP-ATR-SIGFOX1 3.2.0
2023-06-06 18:45:35,131 [INFO] ThirdParty:1030 - CMSIS Pack Vendor :STMicroelectronics X-CUBE-AZRTOS-G4 1.0.0
2023-06-06 18:45:35,131 [INFO] ThirdParty:1030 - CMSIS Pack Vendor :STMicroelectronics X-CUBE-AZRTOS-L4 1.0.0
2023-06-06 18:45:35,131 [INFO] ThirdParty:1030 - CMSIS Pack Vendor :STMicroelectronics HAL Drivers 0.0.0
2023-06-06 18:45:35,131 [INFO] ThirdParty:1030 - CMSIS Pack Vendor :STMicroelectronics MBEDTLS 2.16.2
2023-06-06 18:45:35,131 [INFO] ThirdParty:1030 - CMSIS Pack Vendor :STMicroelectronics MBEDTLS 2.14.1
2023-06-06 18:45:35,131 [INFO] ThirdParty:1030 - CMSIS Pack Vendor :STMicroelectronics X-CUBE-NFC7 1.0.0
2023-06-06 18:45:35,131 [INFO] ThirdParty:1030 - CMSIS Pack Vendor :STMicroelectronics X-CUBE-AZRTOS-WL 1.0.0
2023-06-06 18:45:35,131 [INFO] ThirdParty:1030 - CMSIS Pack Vendor :STMicroelectronics X-CUBE-EEPRMA1 4.1.0
2023-06-06 18:45:35,131 [INFO] ThirdParty:1030 - CMSIS Pack Vendor :portGmbH I-Cube-SoM-uGOAL 1.1.0
2023-06-06 18:45:35,131 [INFO] ThirdParty:1030 - CMSIS Pack Vendor :STMicroelectronics X-CUBE-ALS 1.0.1
2023-06-06 18:45:35,131 [INFO] ThirdParty:1030 - CMSIS Pack Vendor :STMicroelectronics X-CUBE-MEMS1 9.5.0
2023-06-06 18:45:35,131 [INFO] ThirdParty:1030 - CMSIS Pack Vendor :STMicroelectronics ThreadX 1.0.0
2023-06-06 18:45:35,131 [INFO] ThirdParty:1030 - CMSIS Pack Vendor :STMicroelectronics X-CUBE-AZRTOS-WB 1.1.0
2023-06-06 18:45:35,131 [INFO] ThirdParty:1030 - CMSIS Pack Vendor :STMicroelectronics X-CUBE-AZRTOS-WL 2.0.0
2023-06-06 18:45:35,131 [INFO] ThirdParty:1030 - CMSIS Pack Vendor :SEGGER I-CUBE-embOS 1.3.1
2023-06-06 18:45:35,131 [INFO] ThirdParty:1030 - CMSIS Pack Vendor :STMicroelectronics USB_DEVICE 1.0.0
2023-06-06 18:45:35,131 [INFO] ThirdParty:1030 - CMSIS Pack Vendor :STMicroelectronics X-CUBE-AZRTOS-L4 2.0.0
2023-06-06 18:45:35,131 [INFO] ThirdParty:1030 - CMSIS Pack Vendor :STMicroelectronics ThreadX 0.0.2
2023-06-06 18:45:35,131 [INFO] ThirdParty:1030 - CMSIS Pack Vendor :WES I-CUBE-Cesium 1.3.0
2023-06-06 18:45:35,131 [INFO] ThirdParty:1030 - CMSIS Pack Vendor :STMicroelectronics FP-ATR-ASTRA1 2.0.0
2023-06-06 18:45:35,131 [INFO] ThirdParty:1030 - CMSIS Pack Vendor :STMicroelectronics lwIP 2.1.2
2023-06-06 18:45:35,131 [INFO] ThirdParty:1030 - CMSIS Pack Vendor :STMicroelectronics X-CUBE-SFXS2LP1 4.0.0
2023-06-06 18:45:35,131 [INFO] ThirdParty:1030 - CMSIS Pack Vendor :STMicroelectronics X-CUBE-BLE2 3.3.0
2023-06-06 18:45:35,131 [INFO] ThirdParty:1030 - CMSIS Pack Vendor :STMicroelectronics PDM2PCM 3.2.0
2023-06-06 18:45:35,131 [INFO] ThirdParty:841 - exiting critical section [change project]
2023-06-06 18:45:35,235 [INFO] PinOutPanel:1499 - setPackage(No Configuration,No Configuration)
2023-06-06 18:45:35,235 [INFO] PinOutPanel:1499 - setPackage(STM32F103R8Tx,LQFP64)
2023-06-06 18:45:35,534 [INFO] UtilMem:75 - Before build in PCC Used Memory: 609603856 Bytes (1073741824)
2023-06-06 18:45:35,754 [INFO] UtilMem:75 - After build in PCC Used Memory: 651024656 Bytes (1073741824)
2023-06-06 18:45:35,778 [INFO] IPUIPlugin:80 - create IPUIPlugin
2023-06-06 18:45:35,778 [INFO] IPUIPlugin:80 - create IPUIPlugin
2023-06-06 18:45:35,778 [INFO] IPUIPlugin:80 - create IPUIPlugin
2023-06-06 18:45:35,778 [INFO] IPUIPlugin:80 - create IPUIPlugin
2023-06-06 18:45:35,778 [INFO] IPUIPlugin:80 - create IPUIPlugin
2023-06-06 18:45:35,778 [INFO] IPUIPlugin:80 - create IPUIPlugin
2023-06-06 18:45:35,778 [INFO] IPUIPlugin:80 - create IPUIPlugin
2023-06-06 18:45:35,778 [INFO] IPUIPlugin:80 - create IPUIPlugin
2023-06-06 18:45:35,778 [INFO] IPUIPlugin:80 - create IPUIPlugin
2023-06-06 18:45:35,778 [INFO] IPUIPlugin:80 - create IPUIPlugin
2023-06-06 18:45:35,778 [INFO] IPUIPlugin:80 - create IPUIPlugin
2023-06-06 18:45:35,778 [INFO] IPUIPlugin:80 - create IPUIPlugin
2023-06-06 18:45:35,778 [INFO] IPUIPlugin:80 - create IPUIPlugin
2023-06-06 18:45:35,778 [INFO] IPUIPlugin:80 - create IPUIPlugin
2023-06-06 18:45:35,778 [INFO] IPUIPlugin:80 - create IPUIPlugin
2023-06-06 18:45:35,778 [INFO] IPUIPlugin:80 - create IPUIPlugin
2023-06-06 18:45:35,778 [INFO] IPUIPlugin:80 - create IPUIPlugin
2023-06-06 18:45:35,778 [INFO] IPUIPlugin:80 - create IPUIPlugin
2023-06-06 18:45:35,782 [INFO] IPUIPlugin:80 - create IPUIPlugin
2023-06-06 18:45:35,782 [INFO] IPUIPlugin:80 - create IPUIPlugin
2023-06-06 18:45:35,782 [INFO] IPUIPlugin:80 - create IPUIPlugin
2023-06-06 18:45:35,782 [INFO] IPUIPlugin:80 - create IPUIPlugin
2023-06-06 18:45:35,782 [INFO] IPUIPlugin:80 - create IPUIPlugin
2023-06-06 18:45:35,782 [INFO] IPUIPlugin:80 - create IPUIPlugin
2023-06-06 18:45:35,782 [INFO] IPUIPlugin:80 - create IPUIPlugin
2023-06-06 18:45:35,782 [INFO] IPUIPlugin:80 - create IPUIPlugin
2023-06-06 18:45:35,782 [INFO] IPUIPlugin:80 - create IPUIPlugin
2023-06-06 18:45:35,782 [INFO] Can:71 - Can Add PropertyChangeListener com.st.microxplorer.plugins.ip.can.Can@7f11775f
2023-06-06 18:45:35,865 [INFO] CADModel:165 - CPN selected for project levelSTM32F103R8T6
2023-06-06 18:45:35,865 [INFO] CADModel:114 - Register for checkConnection events
2023-06-06 18:45:35,939 [INFO] OpenFileManager:328 - Restore cursor
