../Core/Inc/gpioElements.hpp:18:16:virtual void GpioElement::handle()	16	static
../Core/Inc/gpioElements.hpp:20:11:GpioElement::~GpioElement()	16	static
../Core/Inc/gpioElements.hpp:20:11:virtual GpioElement::~GpioElement()	16	static
../Core/Inc/gpioElements.hpp:43:3:GpioOutElement::~GpioOutElement()	16	static
../Core/Inc/gpioElements.hpp:43:3:virtual GpioOutElement::~GpioOutElement()	16	static
../Core/Inc/gpioElements.hpp:56:3:GpioInElement::~GpioInElement()	16	static
../Core/Inc/gpioElements.hpp:56:3:virtual GpioInElement::~GpioInElement()	16	static
../Core/Src/gpioElements.cpp:10:1:GpioElement::GpioElement(const GPIO_TypeDef*, uint32_t, bool)	24	static
../Core/Src/gpioElements.cpp:13:1:GpioOutElement::GpioOutElement(const GPIO_TypeDef*, uint32_t)	24	static
../Core/Src/gpioElements.cpp:16:1:GpioOutElement::GpioOutElement(const GPIO_TypeDef*, uint32_t, bool)	24	static
../Core/Src/gpioElements.cpp:19:6:void GpioOutElement::activate()	16	static
../Core/Src/gpioElements.cpp:24:6:void GpioOutElement::deactivate()	16	static
../Core/Src/gpioElements.cpp:29:6:void GpioOutElement::toggle()	16	static
../Core/Src/gpioElements.cpp:34:1:GpioInElement::GpioInElement(const GPIO_TypeDef*, uint32_t)	24	static
../Core/Src/gpioElements.cpp:37:1:GpioInElement::GpioInElement(const GPIO_TypeDef*, uint32_t, bool)	24	static
../Core/Src/gpioElements.cpp:40:6:bool GpioInElement::isActive()	16	static
