../Core/Inc/gpioElements.hpp:18:16:virtual void GpioElement::handle()	16	static
../Core/Inc/gpioElements.hpp:20:11:GpioElement::~GpioElement()	16	static
../Core/Inc/gpioElements.hpp:20:11:virtual GpioElement::~GpioElement()	16	static
../Core/Inc/gpioElements.hpp:43:3:GpioOutElement::~GpioOutElement()	16	static
../Core/Inc/gpioElements.hpp:43:3:virtual GpioOutElement::~GpioOutElement()	16	static
../Core/Inc/gpioElements.hpp:56:3:GpioInElement::~GpioInElement()	16	static
../Core/Inc/gpioElements.hpp:56:3:virtual GpioInElement::~GpioInElement()	16	static
../Core/Inc/PUTM_EV_CAN_LIBRARY/lib/message_abstraction.hpp:20:3:PUTM_CAN::Can_rx_message::Can_rx_message(CAN_HandleTypeDef&, uint32_t)	24	static
../Core/Inc/PUTM_EV_CAN_LIBRARY/lib/message_abstraction.hpp:105:36:constexpr uint32_t PUTM_CAN::Device_base::get_ID()	16	static
../Core/Inc/PUTM_EV_CAN_LIBRARY/lib/can_interface.hpp:120:8:bool PUTM_CAN::Can_interface::parse_message(const PUTM_CAN::Can_rx_message&)	32	static
../Core/Inc/PUTM_EV_CAN_LIBRARY/lib/can_interface.hpp:248:6:void HAL_CAN_RxFifo0MsgPendingCallback(CAN_HandleTypeDef*)	56	static
../Core/Src/main.cpp:52:8:float Fun::solve(float)	16	static
../Core/Src/main.cpp:153:5:int main()	8	static
../Core/Src/main.cpp:350:6:void SystemClock_Config()	104	static
../Core/Src/main.cpp:399:13:void MX_ADC1_Init()	48	static
../Core/Src/main.cpp:467:13:void MX_CAN1_Init()	8	static
../Core/Src/main.cpp:504:13:void MX_TIM3_Init()	64	static
../Core/Src/main.cpp:561:13:void MX_DMA_Init()	16	static
../Core/Src/main.cpp:580:13:void MX_GPIO_Init()	48	static
../Core/Src/main.cpp:627:6:void HAL_ADC_ConsCpltCallback(ADC_HandleTypeDef*)	16	static
../Core/Src/main.cpp:635:6:void starTogglingWatchdog()	8	static
../Core/Src/main.cpp:640:6:void stopTogglingWatchdog()	8	static
../Core/Src/main.cpp:651:6:void Error_Handler()	4	static,ignoring_inline_asm
c:\st\stm32cubeide_1.12.0\stm32cubeide\plugins\com.st.stm32cube.ide.mcu.externaltools.gnu-tools-for-stm32.10.3-2021.10.win32_1.0.200.202301161003\tools\arm-none-eabi\include\c++\10.3.1\array:126:7:std::array<_Tp, _Nm>::value_type* std::array<_Tp, _Nm>::begin() [with _Tp = PUTM_CAN::Device_base*; unsigned int _Nm = 37]	16	static
c:\st\stm32cubeide_1.12.0\stm32cubeide\plugins\com.st.stm32cube.ide.mcu.externaltools.gnu-tools-for-stm32.10.3-2021.10.win32_1.0.200.202301161003\tools\arm-none-eabi\include\c++\10.3.1\array:134:7:std::array<_Tp, _Nm>::value_type* std::array<_Tp, _Nm>::end() [with _Tp = PUTM_CAN::Device_base*; unsigned int _Nm = 37]	16	static
c:\st\stm32cubeide_1.12.0\stm32cubeide\plugins\com.st.stm32cube.ide.mcu.externaltools.gnu-tools-for-stm32.10.3-2021.10.win32_1.0.200.202301161003\tools\arm-none-eabi\include\c++\10.3.1\array:234:7:std::array<_Tp, _Nm>::value_type* std::array<_Tp, _Nm>::data() [with _Tp = PUTM_CAN::Device_base*; unsigned int _Nm = 37]	16	static
c:\st\stm32cubeide_1.12.0\stm32cubeide\plugins\com.st.stm32cube.ide.mcu.externaltools.gnu-tools-for-stm32.10.3-2021.10.win32_1.0.200.202301161003\tools\arm-none-eabi\include\c++\10.3.1\array:59:7:static constexpr _Tp* std::__array_traits<_Tp, _Nm>::_S_ptr(const _Tp (&)[_Nm]) [with _Tp = PUTM_CAN::Device_base*; unsigned int _Nm = 37]	16	static
../Core/Src/main.cpp:660:1:void __static_initialization_and_destruction_0(int, int)	16	static
../Core/Inc/PUTM_EV_CAN_LIBRARY/lib/message_abstraction.hpp:126:8:void PUTM_CAN::Device<Device_data_type>::set_data(const PUTM_CAN::Can_rx_message&) [with Device_data_type = PUTM_CAN::YawProbe_air_flow]	16	static
../Core/Inc/PUTM_EV_CAN_LIBRARY/lib/message_abstraction.hpp:126:8:void PUTM_CAN::Device<Device_data_type>::set_data(const PUTM_CAN::Can_rx_message&) [with Device_data_type = PUTM_CAN::WheelTemp_main]	16	static
../Core/Inc/PUTM_EV_CAN_LIBRARY/lib/message_abstraction.hpp:126:8:void PUTM_CAN::Device<Device_data_type>::set_data(const PUTM_CAN::Can_rx_message&) [with Device_data_type = PUTM_CAN::Telemetry_Main]	16	static
../Core/Inc/PUTM_EV_CAN_LIBRARY/lib/message_abstraction.hpp:126:8:void PUTM_CAN::Device<Device_data_type>::set_data(const PUTM_CAN::Can_rx_message&) [with Device_data_type = PUTM_CAN::TC_imu_gyro]	16	static
../Core/Inc/PUTM_EV_CAN_LIBRARY/lib/message_abstraction.hpp:126:8:void PUTM_CAN::Device<Device_data_type>::set_data(const PUTM_CAN::Can_rx_message&) [with Device_data_type = PUTM_CAN::TC_imu_acc]	16	static
../Core/Inc/PUTM_EV_CAN_LIBRARY/lib/message_abstraction.hpp:126:8:void PUTM_CAN::Device<Device_data_type>::set_data(const PUTM_CAN::Can_rx_message&) [with Device_data_type = PUTM_CAN::TC_temperatures]	16	static
../Core/Inc/PUTM_EV_CAN_LIBRARY/lib/message_abstraction.hpp:126:8:void PUTM_CAN::Device<Device_data_type>::set_data(const PUTM_CAN::Can_rx_message&) [with Device_data_type = PUTM_CAN::TC_wheel_velocities]	16	static
../Core/Inc/PUTM_EV_CAN_LIBRARY/lib/message_abstraction.hpp:126:8:void PUTM_CAN::Device<Device_data_type>::set_data(const PUTM_CAN::Can_rx_message&) [with Device_data_type = PUTM_CAN::TC_rear_suspension]	16	static
../Core/Inc/PUTM_EV_CAN_LIBRARY/lib/message_abstraction.hpp:126:8:void PUTM_CAN::Device<Device_data_type>::set_data(const PUTM_CAN::Can_rx_message&) [with Device_data_type = PUTM_CAN::TC_main]	16	static
../Core/Inc/PUTM_EV_CAN_LIBRARY/lib/message_abstraction.hpp:126:8:void PUTM_CAN::Device<Device_data_type>::set_data(const PUTM_CAN::Can_rx_message&) [with Device_data_type = PUTM_CAN::SWPS_main]	16	static
../Core/Inc/PUTM_EV_CAN_LIBRARY/lib/message_abstraction.hpp:126:8:void PUTM_CAN::Device<Device_data_type>::set_data(const PUTM_CAN::Can_rx_message&) [with Device_data_type = PUTM_CAN::Steering_Wheel_event]	16	static
../Core/Inc/PUTM_EV_CAN_LIBRARY/lib/message_abstraction.hpp:126:8:void PUTM_CAN::Device<Device_data_type>::set_data(const PUTM_CAN::Can_rx_message&) [with Device_data_type = PUTM_CAN::Steering_Wheel_main]	16	static
../Core/Inc/PUTM_EV_CAN_LIBRARY/lib/message_abstraction.hpp:126:8:void PUTM_CAN::Device<Device_data_type>::set_data(const PUTM_CAN::Can_rx_message&) [with Device_data_type = PUTM_CAN::SF_safety]	16	static
../Core/Inc/PUTM_EV_CAN_LIBRARY/lib/message_abstraction.hpp:126:8:void PUTM_CAN::Device<Device_data_type>::set_data(const PUTM_CAN::Can_rx_message&) [with Device_data_type = PUTM_CAN::SF_PassiveElements]	16	static
../Core/Inc/PUTM_EV_CAN_LIBRARY/lib/message_abstraction.hpp:126:8:void PUTM_CAN::Device<Device_data_type>::set_data(const PUTM_CAN::Can_rx_message&) [with Device_data_type = PUTM_CAN::SF_Supply]	16	static
../Core/Inc/PUTM_EV_CAN_LIBRARY/lib/message_abstraction.hpp:126:8:void PUTM_CAN::Device<Device_data_type>::set_data(const PUTM_CAN::Can_rx_message&) [with Device_data_type = PUTM_CAN::SF_LegendaryDVAndSupply]	16	static
../Core/Inc/PUTM_EV_CAN_LIBRARY/lib/message_abstraction.hpp:126:8:void PUTM_CAN::Device<Device_data_type>::set_data(const PUTM_CAN::Can_rx_message&) [with Device_data_type = PUTM_CAN::SF_main]	16	static
../Core/Inc/PUTM_EV_CAN_LIBRARY/lib/message_abstraction.hpp:126:8:void PUTM_CAN::Device<Device_data_type>::set_data(const PUTM_CAN::Can_rx_message&) [with Device_data_type = PUTM_CAN::Lap_timer_Skidpad_time]	16	static
../Core/Inc/PUTM_EV_CAN_LIBRARY/lib/message_abstraction.hpp:126:8:void PUTM_CAN::Device<Device_data_type>::set_data(const PUTM_CAN::Can_rx_message&) [with Device_data_type = PUTM_CAN::Lap_timer_Lap_time]	16	static
../Core/Inc/PUTM_EV_CAN_LIBRARY/lib/message_abstraction.hpp:126:8:void PUTM_CAN::Device<Device_data_type>::set_data(const PUTM_CAN::Can_rx_message&) [with Device_data_type = PUTM_CAN::Lap_timer_Acc_time]	16	static
../Core/Inc/PUTM_EV_CAN_LIBRARY/lib/message_abstraction.hpp:126:8:void PUTM_CAN::Device<Device_data_type>::set_data(const PUTM_CAN::Can_rx_message&) [with Device_data_type = PUTM_CAN::Lap_timer_Sector]	16	static
../Core/Inc/PUTM_EV_CAN_LIBRARY/lib/message_abstraction.hpp:126:8:void PUTM_CAN::Device<Device_data_type>::set_data(const PUTM_CAN::Can_rx_message&) [with Device_data_type = PUTM_CAN::Lap_timer_Main]	16	static
../Core/Inc/PUTM_EV_CAN_LIBRARY/lib/message_abstraction.hpp:126:8:void PUTM_CAN::Device<Device_data_type>::set_data(const PUTM_CAN::Can_rx_message&) [with Device_data_type = PUTM_CAN::DV_Ass]	16	static
../Core/Inc/PUTM_EV_CAN_LIBRARY/lib/message_abstraction.hpp:126:8:void PUTM_CAN::Device<Device_data_type>::set_data(const PUTM_CAN::Can_rx_message&) [with Device_data_type = PUTM_CAN::Dash_steering_wheel_angle]	16	static
../Core/Inc/PUTM_EV_CAN_LIBRARY/lib/message_abstraction.hpp:126:8:void PUTM_CAN::Device<Device_data_type>::set_data(const PUTM_CAN::Can_rx_message&) [with Device_data_type = PUTM_CAN::Dash_lap_finished]	16	static
../Core/Inc/PUTM_EV_CAN_LIBRARY/lib/message_abstraction.hpp:126:8:void PUTM_CAN::Device<Device_data_type>::set_data(const PUTM_CAN::Can_rx_message&) [with Device_data_type = PUTM_CAN::Dash_steering_wheel_request]	16	static
../Core/Inc/PUTM_EV_CAN_LIBRARY/lib/message_abstraction.hpp:126:8:void PUTM_CAN::Device<Device_data_type>::set_data(const PUTM_CAN::Can_rx_message&) [with Device_data_type = PUTM_CAN::Dash_Smart_Fuses_FAN_speed]	16	static
../Core/Inc/PUTM_EV_CAN_LIBRARY/lib/message_abstraction.hpp:126:8:void PUTM_CAN::Device<Device_data_type>::set_data(const PUTM_CAN::Can_rx_message&) [with Device_data_type = PUTM_CAN::Dash_TCS]	16	static
../Core/Inc/PUTM_EV_CAN_LIBRARY/lib/message_abstraction.hpp:126:8:void PUTM_CAN::Device<Device_data_type>::set_data(const PUTM_CAN::Can_rx_message&) [with Device_data_type = PUTM_CAN::Dash_Main]	16	static
../Core/Inc/PUTM_EV_CAN_LIBRARY/lib/message_abstraction.hpp:126:8:void PUTM_CAN::Device<Device_data_type>::set_data(const PUTM_CAN::Can_rx_message&) [with Device_data_type = PUTM_CAN::BMS_LV_temperature]	16	static
../Core/Inc/PUTM_EV_CAN_LIBRARY/lib/message_abstraction.hpp:126:8:void PUTM_CAN::Device<Device_data_type>::set_data(const PUTM_CAN::Can_rx_message&) [with Device_data_type = PUTM_CAN::BMS_LV_main]	16	static
../Core/Inc/PUTM_EV_CAN_LIBRARY/lib/message_abstraction.hpp:126:8:void PUTM_CAN::Device<Device_data_type>::set_data(const PUTM_CAN::Can_rx_message&) [with Device_data_type = PUTM_CAN::BMS_HV_main]	16	static
../Core/Inc/PUTM_EV_CAN_LIBRARY/lib/message_abstraction.hpp:126:8:void PUTM_CAN::Device<Device_data_type>::set_data(const PUTM_CAN::Can_rx_message&) [with Device_data_type = PUTM_CAN::AQ_ts_button]	16	static
../Core/Inc/PUTM_EV_CAN_LIBRARY/lib/message_abstraction.hpp:126:8:void PUTM_CAN::Device<Device_data_type>::set_data(const PUTM_CAN::Can_rx_message&) [with Device_data_type = PUTM_CAN::AQ_gyroscope]	16	static
../Core/Inc/PUTM_EV_CAN_LIBRARY/lib/message_abstraction.hpp:126:8:void PUTM_CAN::Device<Device_data_type>::set_data(const PUTM_CAN::Can_rx_message&) [with Device_data_type = PUTM_CAN::AQ_acceleration]	16	static
../Core/Inc/PUTM_EV_CAN_LIBRARY/lib/message_abstraction.hpp:126:8:void PUTM_CAN::Device<Device_data_type>::set_data(const PUTM_CAN::Can_rx_message&) [with Device_data_type = PUTM_CAN::AQ_main]	16	static
../Core/Inc/PUTM_EV_CAN_LIBRARY/lib/message_abstraction.hpp:126:8:void PUTM_CAN::Device<Device_data_type>::set_data(const PUTM_CAN::Can_rx_message&) [with Device_data_type = PUTM_CAN::Apps_main]	16	static
../Core/Src/main.cpp:660:1:cpp)	8	static
../Core/Src/main.cpp:660:1:cpp)	8	static
