21:31:06 **** Build of configuration Debug for project EBS_Supervisor ****
make -j8 all 
arm-none-eabi-gcc "../Drivers/STM32F1xx_HAL_Driver/Src/stm32f1xx_hal.c" -mcpu=cortex-m3 -std=gnu11 -g3 -DDEBUG -DUSE_HAL_DRIVER -DSTM32F103xB -c -I../Core/Inc -I../Drivers/STM32F1xx_HAL_Driver/Inc -I../Drivers/STM32F1xx_HAL_Driver/Inc/Legacy -I../Drivers/CMSIS/Device/ST/STM32F1xx/Include -I../Drivers/CMSIS/Include -O0 -ffunction-sections -fdata-sections -Wall -fstack-usage -fcyclomatic-complexity -MMD -MP -MF"Drivers/STM32F1xx_HAL_Driver/Src/stm32f1xx_hal.d" -MT"Drivers/STM32F1xx_HAL_Driver/Src/stm32f1xx_hal.o" --specs=nano.specs -mfloat-abi=soft -mthumb -o "Drivers/STM32F1xx_HAL_Driver/Src/stm32f1xx_hal.o"
arm-none-eabi-gcc "../Drivers/STM32F1xx_HAL_Driver/Src/stm32f1xx_hal_adc.c" -mcpu=cortex-m3 -std=gnu11 -g3 -DDEBUG -DUSE_HAL_DRIVER -DSTM32F103xB -c -I../Core/Inc -I../Drivers/STM32F1xx_HAL_Driver/Inc -I../Drivers/STM32F1xx_HAL_Driver/Inc/Legacy -I../Drivers/CMSIS/Device/ST/STM32F1xx/Include -I../Drivers/CMSIS/Include -O0 -ffunction-sections -fdata-sections -Wall -fstack-usage -fcyclomatic-complexity -MMD -MP -MF"Drivers/STM32F1xx_HAL_Driver/Src/stm32f1xx_hal_adc.d" -MT"Drivers/STM32F1xx_HAL_Driver/Src/stm32f1xx_hal_adc.o" --specs=nano.specs -mfloat-abi=soft -mthumb -o "Drivers/STM32F1xx_HAL_Driver/Src/stm32f1xx_hal_adc.o"
arm-none-eabi-gcc "../Drivers/STM32F1xx_HAL_Driver/Src/stm32f1xx_hal_adc_ex.c" -mcpu=cortex-m3 -std=gnu11 -g3 -DDEBUG -DUSE_HAL_DRIVER -DSTM32F103xB -c -I../Core/Inc -I../Drivers/STM32F1xx_HAL_Driver/Inc -I../Drivers/STM32F1xx_HAL_Driver/Inc/Legacy -I../Drivers/CMSIS/Device/ST/STM32F1xx/Include -I../Drivers/CMSIS/Include -O0 -ffunction-sections -fdata-sections -Wall -fstack-usage -fcyclomatic-complexity -MMD -MP -MF"Drivers/STM32F1xx_HAL_Driver/Src/stm32f1xx_hal_adc_ex.d" -MT"Drivers/STM32F1xx_HAL_Driver/Src/stm32f1xx_hal_adc_ex.o" --specs=nano.specs -mfloat-abi=soft -mthumb -o "Drivers/STM32F1xx_HAL_Driver/Src/stm32f1xx_hal_adc_ex.o"
arm-none-eabi-gcc "../Drivers/STM32F1xx_HAL_Driver/Src/stm32f1xx_hal_can.c" -mcpu=cortex-m3 -std=gnu11 -g3 -DDEBUG -DUSE_HAL_DRIVER -DSTM32F103xB -c -I../Core/Inc -I../Drivers/STM32F1xx_HAL_Driver/Inc -I../Drivers/STM32F1xx_HAL_Driver/Inc/Legacy -I../Drivers/CMSIS/Device/ST/STM32F1xx/Include -I../Drivers/CMSIS/Include -O0 -ffunction-sections -fdata-sections -Wall -fstack-usage -fcyclomatic-complexity -MMD -MP -MF"Drivers/STM32F1xx_HAL_Driver/Src/stm32f1xx_hal_can.d" -MT"Drivers/STM32F1xx_HAL_Driver/Src/stm32f1xx_hal_can.o" --specs=nano.specs -mfloat-abi=soft -mthumb -o "Drivers/STM32F1xx_HAL_Driver/Src/stm32f1xx_hal_can.o"
arm-none-eabi-gcc "../Drivers/STM32F1xx_HAL_Driver/Src/stm32f1xx_hal_cortex.c" -mcpu=cortex-m3 -std=gnu11 -g3 -DDEBUG -DUSE_HAL_DRIVER -DSTM32F103xB -c -I../Core/Inc -I../Drivers/STM32F1xx_HAL_Driver/Inc -I../Drivers/STM32F1xx_HAL_Driver/Inc/Legacy -I../Drivers/CMSIS/Device/ST/STM32F1xx/Include -I../Drivers/CMSIS/Include -O0 -ffunction-sections -fdata-sections -Wall -fstack-usage -fcyclomatic-complexity -MMD -MP -MF"Drivers/STM32F1xx_HAL_Driver/Src/stm32f1xx_hal_cortex.d" -MT"Drivers/STM32F1xx_HAL_Driver/Src/stm32f1xx_hal_cortex.o" --specs=nano.specs -mfloat-abi=soft -mthumb -o "Drivers/STM32F1xx_HAL_Driver/Src/stm32f1xx_hal_cortex.o"
arm-none-eabi-gcc "../Drivers/STM32F1xx_HAL_Driver/Src/stm32f1xx_hal_dma.c" -mcpu=cortex-m3 -std=gnu11 -g3 -DDEBUG -DUSE_HAL_DRIVER -DSTM32F103xB -c -I../Core/Inc -I../Drivers/STM32F1xx_HAL_Driver/Inc -I../Drivers/STM32F1xx_HAL_Driver/Inc/Legacy -I../Drivers/CMSIS/Device/ST/STM32F1xx/Include -I../Drivers/CMSIS/Include -O0 -ffunction-sections -fdata-sections -Wall -fstack-usage -fcyclomatic-complexity -MMD -MP -MF"Drivers/STM32F1xx_HAL_Driver/Src/stm32f1xx_hal_dma.d" -MT"Drivers/STM32F1xx_HAL_Driver/Src/stm32f1xx_hal_dma.o" --specs=nano.specs -mfloat-abi=soft -mthumb -o "Drivers/STM32F1xx_HAL_Driver/Src/stm32f1xx_hal_dma.o"
arm-none-eabi-gcc "../Drivers/STM32F1xx_HAL_Driver/Src/stm32f1xx_hal_exti.c" -mcpu=cortex-m3 -std=gnu11 -g3 -DDEBUG -DUSE_HAL_DRIVER -DSTM32F103xB -c -I../Core/Inc -I../Drivers/STM32F1xx_HAL_Driver/Inc -I../Drivers/STM32F1xx_HAL_Driver/Inc/Legacy -I../Drivers/CMSIS/Device/ST/STM32F1xx/Include -I../Drivers/CMSIS/Include -O0 -ffunction-sections -fdata-sections -Wall -fstack-usage -fcyclomatic-complexity -MMD -MP -MF"Drivers/STM32F1xx_HAL_Driver/Src/stm32f1xx_hal_exti.d" -MT"Drivers/STM32F1xx_HAL_Driver/Src/stm32f1xx_hal_exti.o" --specs=nano.specs -mfloat-abi=soft -mthumb -o "Drivers/STM32F1xx_HAL_Driver/Src/stm32f1xx_hal_exti.o"
arm-none-eabi-gcc "../Drivers/STM32F1xx_HAL_Driver/Src/stm32f1xx_hal_flash.c" -mcpu=cortex-m3 -std=gnu11 -g3 -DDEBUG -DUSE_HAL_DRIVER -DSTM32F103xB -c -I../Core/Inc -I../Drivers/STM32F1xx_HAL_Driver/Inc -I../Drivers/STM32F1xx_HAL_Driver/Inc/Legacy -I../Drivers/CMSIS/Device/ST/STM32F1xx/Include -I../Drivers/CMSIS/Include -O0 -ffunction-sections -fdata-sections -Wall -fstack-usage -fcyclomatic-complexity -MMD -MP -MF"Drivers/STM32F1xx_HAL_Driver/Src/stm32f1xx_hal_flash.d" -MT"Drivers/STM32F1xx_HAL_Driver/Src/stm32f1xx_hal_flash.o" --specs=nano.specs -mfloat-abi=soft -mthumb -o "Drivers/STM32F1xx_HAL_Driver/Src/stm32f1xx_hal_flash.o"
arm-none-eabi-gcc "../Drivers/STM32F1xx_HAL_Driver/Src/stm32f1xx_hal_flash_ex.c" -mcpu=cortex-m3 -std=gnu11 -g3 -DDEBUG -DUSE_HAL_DRIVER -DSTM32F103xB -c -I../Core/Inc -I../Drivers/STM32F1xx_HAL_Driver/Inc -I../Drivers/STM32F1xx_HAL_Driver/Inc/Legacy -I../Drivers/CMSIS/Device/ST/STM32F1xx/Include -I../Drivers/CMSIS/Include -O0 -ffunction-sections -fdata-sections -Wall -fstack-usage -fcyclomatic-complexity -MMD -MP -MF"Drivers/STM32F1xx_HAL_Driver/Src/stm32f1xx_hal_flash_ex.d" -MT"Drivers/STM32F1xx_HAL_Driver/Src/stm32f1xx_hal_flash_ex.o" --specs=nano.specs -mfloat-abi=soft -mthumb -o "Drivers/STM32F1xx_HAL_Driver/Src/stm32f1xx_hal_flash_ex.o"
arm-none-eabi-gcc "../Drivers/STM32F1xx_HAL_Driver/Src/stm32f1xx_hal_gpio.c" -mcpu=cortex-m3 -std=gnu11 -g3 -DDEBUG -DUSE_HAL_DRIVER -DSTM32F103xB -c -I../Core/Inc -I../Drivers/STM32F1xx_HAL_Driver/Inc -I../Drivers/STM32F1xx_HAL_Driver/Inc/Legacy -I../Drivers/CMSIS/Device/ST/STM32F1xx/Include -I../Drivers/CMSIS/Include -O0 -ffunction-sections -fdata-sections -Wall -fstack-usage -fcyclomatic-complexity -MMD -MP -MF"Drivers/STM32F1xx_HAL_Driver/Src/stm32f1xx_hal_gpio.d" -MT"Drivers/STM32F1xx_HAL_Driver/Src/stm32f1xx_hal_gpio.o" --specs=nano.specs -mfloat-abi=soft -mthumb -o "Drivers/STM32F1xx_HAL_Driver/Src/stm32f1xx_hal_gpio.o"
arm-none-eabi-gcc "../Drivers/STM32F1xx_HAL_Driver/Src/stm32f1xx_hal_gpio_ex.c" -mcpu=cortex-m3 -std=gnu11 -g3 -DDEBUG -DUSE_HAL_DRIVER -DSTM32F103xB -c -I../Core/Inc -I../Drivers/STM32F1xx_HAL_Driver/Inc -I../Drivers/STM32F1xx_HAL_Driver/Inc/Legacy -I../Drivers/CMSIS/Device/ST/STM32F1xx/Include -I../Drivers/CMSIS/Include -O0 -ffunction-sections -fdata-sections -Wall -fstack-usage -fcyclomatic-complexity -MMD -MP -MF"Drivers/STM32F1xx_HAL_Driver/Src/stm32f1xx_hal_gpio_ex.d" -MT"Drivers/STM32F1xx_HAL_Driver/Src/stm32f1xx_hal_gpio_ex.o" --specs=nano.specs -mfloat-abi=soft -mthumb -o "Drivers/STM32F1xx_HAL_Driver/Src/stm32f1xx_hal_gpio_ex.o"
arm-none-eabi-gcc "../Drivers/STM32F1xx_HAL_Driver/Src/stm32f1xx_hal_pwr.c" -mcpu=cortex-m3 -std=gnu11 -g3 -DDEBUG -DUSE_HAL_DRIVER -DSTM32F103xB -c -I../Core/Inc -I../Drivers/STM32F1xx_HAL_Driver/Inc -I../Drivers/STM32F1xx_HAL_Driver/Inc/Legacy -I../Drivers/CMSIS/Device/ST/STM32F1xx/Include -I../Drivers/CMSIS/Include -O0 -ffunction-sections -fdata-sections -Wall -fstack-usage -fcyclomatic-complexity -MMD -MP -MF"Drivers/STM32F1xx_HAL_Driver/Src/stm32f1xx_hal_pwr.d" -MT"Drivers/STM32F1xx_HAL_Driver/Src/stm32f1xx_hal_pwr.o" --specs=nano.specs -mfloat-abi=soft -mthumb -o "Drivers/STM32F1xx_HAL_Driver/Src/stm32f1xx_hal_pwr.o"
arm-none-eabi-gcc "../Drivers/STM32F1xx_HAL_Driver/Src/stm32f1xx_hal_rcc.c" -mcpu=cortex-m3 -std=gnu11 -g3 -DDEBUG -DUSE_HAL_DRIVER -DSTM32F103xB -c -I../Core/Inc -I../Drivers/STM32F1xx_HAL_Driver/Inc -I../Drivers/STM32F1xx_HAL_Driver/Inc/Legacy -I../Drivers/CMSIS/Device/ST/STM32F1xx/Include -I../Drivers/CMSIS/Include -O0 -ffunction-sections -fdata-sections -Wall -fstack-usage -fcyclomatic-complexity -MMD -MP -MF"Drivers/STM32F1xx_HAL_Driver/Src/stm32f1xx_hal_rcc.d" -MT"Drivers/STM32F1xx_HAL_Driver/Src/stm32f1xx_hal_rcc.o" --specs=nano.specs -mfloat-abi=soft -mthumb -o "Drivers/STM32F1xx_HAL_Driver/Src/stm32f1xx_hal_rcc.o"
arm-none-eabi-gcc "../Drivers/STM32F1xx_HAL_Driver/Src/stm32f1xx_hal_rcc_ex.c" -mcpu=cortex-m3 -std=gnu11 -g3 -DDEBUG -DUSE_HAL_DRIVER -DSTM32F103xB -c -I../Core/Inc -I../Drivers/STM32F1xx_HAL_Driver/Inc -I../Drivers/STM32F1xx_HAL_Driver/Inc/Legacy -I../Drivers/CMSIS/Device/ST/STM32F1xx/Include -I../Drivers/CMSIS/Include -O0 -ffunction-sections -fdata-sections -Wall -fstack-usage -fcyclomatic-complexity -MMD -MP -MF"Drivers/STM32F1xx_HAL_Driver/Src/stm32f1xx_hal_rcc_ex.d" -MT"Drivers/STM32F1xx_HAL_Driver/Src/stm32f1xx_hal_rcc_ex.o" --specs=nano.specs -mfloat-abi=soft -mthumb -o "Drivers/STM32F1xx_HAL_Driver/Src/stm32f1xx_hal_rcc_ex.o"
arm-none-eabi-gcc "../Drivers/STM32F1xx_HAL_Driver/Src/stm32f1xx_hal_tim.c" -mcpu=cortex-m3 -std=gnu11 -g3 -DDEBUG -DUSE_HAL_DRIVER -DSTM32F103xB -c -I../Core/Inc -I../Drivers/STM32F1xx_HAL_Driver/Inc -I../Drivers/STM32F1xx_HAL_Driver/Inc/Legacy -I../Drivers/CMSIS/Device/ST/STM32F1xx/Include -I../Drivers/CMSIS/Include -O0 -ffunction-sections -fdata-sections -Wall -fstack-usage -fcyclomatic-complexity -MMD -MP -MF"Drivers/STM32F1xx_HAL_Driver/Src/stm32f1xx_hal_tim.d" -MT"Drivers/STM32F1xx_HAL_Driver/Src/stm32f1xx_hal_tim.o" --specs=nano.specs -mfloat-abi=soft -mthumb -o "Drivers/STM32F1xx_HAL_Driver/Src/stm32f1xx_hal_tim.o"
arm-none-eabi-gcc "../Drivers/STM32F1xx_HAL_Driver/Src/stm32f1xx_hal_tim_ex.c" -mcpu=cortex-m3 -std=gnu11 -g3 -DDEBUG -DUSE_HAL_DRIVER -DSTM32F103xB -c -I../Core/Inc -I../Drivers/STM32F1xx_HAL_Driver/Inc -I../Drivers/STM32F1xx_HAL_Driver/Inc/Legacy -I../Drivers/CMSIS/Device/ST/STM32F1xx/Include -I../Drivers/CMSIS/Include -O0 -ffunction-sections -fdata-sections -Wall -fstack-usage -fcyclomatic-complexity -MMD -MP -MF"Drivers/STM32F1xx_HAL_Driver/Src/stm32f1xx_hal_tim_ex.d" -MT"Drivers/STM32F1xx_HAL_Driver/Src/stm32f1xx_hal_tim_ex.o" --specs=nano.specs -mfloat-abi=soft -mthumb -o "Drivers/STM32F1xx_HAL_Driver/Src/stm32f1xx_hal_tim_ex.o"
arm-none-eabi-gcc -mcpu=cortex-m3 -g3 -DDEBUG -c -x assembler-with-cpp -MMD -MP -MF"Core/Startup/startup_stm32f103r8tx.d" -MT"Core/Startup/startup_stm32f103r8tx.o" --specs=nano.specs -mfloat-abi=soft -mthumb -o "Core/Startup/startup_stm32f103r8tx.o" "../Core/Startup/startup_stm32f103r8tx.s"
arm-none-eabi-g++ "../Core/Src/gpioElements.cpp" -mcpu=cortex-m3 -std=gnu++14 -g3 -DDEBUG -DUSE_HAL_DRIVER -DSTM32F103xB -c -I../Core/Inc -I../Drivers/STM32F1xx_HAL_Driver/Inc -I../Drivers/STM32F1xx_HAL_Driver/Inc/Legacy -I../Drivers/CMSIS/Device/ST/STM32F1xx/Include -I../Drivers/CMSIS/Include -O0 -ffunction-sections -fdata-sections -fno-exceptions -fno-rtti -fno-use-cxa-atexit -Wall -fstack-usage -fcyclomatic-complexity -MMD -MP -MF"Core/Src/gpioElements.d" -MT"Core/Src/gpioElements.o" --specs=nano.specs -mfloat-abi=soft -mthumb -o "Core/Src/gpioElements.o"
arm-none-eabi-g++ "../Core/Src/main.cpp" -mcpu=cortex-m3 -std=gnu++14 -g3 -DDEBUG -DUSE_HAL_DRIVER -DSTM32F103xB -c -I../Core/Inc -I../Drivers/STM32F1xx_HAL_Driver/Inc -I../Drivers/STM32F1xx_HAL_Driver/Inc/Legacy -I../Drivers/CMSIS/Device/ST/STM32F1xx/Include -I../Drivers/CMSIS/Include -O0 -ffunction-sections -fdata-sections -fno-exceptions -fno-rtti -fno-use-cxa-atexit -Wall -fstack-usage -fcyclomatic-complexity -MMD -MP -MF"Core/Src/main.d" -MT"Core/Src/main.o" --specs=nano.specs -mfloat-abi=soft -mthumb -o "Core/Src/main.o"
arm-none-eabi-gcc "../Core/Src/stm32f1xx_hal_msp.c" -mcpu=cortex-m3 -std=gnu11 -g3 -DDEBUG -DUSE_HAL_DRIVER -DSTM32F103xB -c -I../Core/Inc -I../Drivers/STM32F1xx_HAL_Driver/Inc -I../Drivers/STM32F1xx_HAL_Driver/Inc/Legacy -I../Drivers/CMSIS/Device/ST/STM32F1xx/Include -I../Drivers/CMSIS/Include -O0 -ffunction-sections -fdata-sections -Wall -fstack-usage -fcyclomatic-complexity -MMD -MP -MF"Core/Src/stm32f1xx_hal_msp.d" -MT"Core/Src/stm32f1xx_hal_msp.o" --specs=nano.specs -mfloat-abi=soft -mthumb -o "Core/Src/stm32f1xx_hal_msp.o"
arm-none-eabi-gcc "../Core/Src/stm32f1xx_it.c" -mcpu=cortex-m3 -std=gnu11 -g3 -DDEBUG -DUSE_HAL_DRIVER -DSTM32F103xB -c -I../Core/Inc -I../Drivers/STM32F1xx_HAL_Driver/Inc -I../Drivers/STM32F1xx_HAL_Driver/Inc/Legacy -I../Drivers/CMSIS/Device/ST/STM32F1xx/Include -I../Drivers/CMSIS/Include -O0 -ffunction-sections -fdata-sections -Wall -fstack-usage -fcyclomatic-complexity -MMD -MP -MF"Core/Src/stm32f1xx_it.d" -MT"Core/Src/stm32f1xx_it.o" --specs=nano.specs -mfloat-abi=soft -mthumb -o "Core/Src/stm32f1xx_it.o"
arm-none-eabi-gcc "../Core/Src/syscalls.c" -mcpu=cortex-m3 -std=gnu11 -g3 -DDEBUG -DUSE_HAL_DRIVER -DSTM32F103xB -c -I../Core/Inc -I../Drivers/STM32F1xx_HAL_Driver/Inc -I../Drivers/STM32F1xx_HAL_Driver/Inc/Legacy -I../Drivers/CMSIS/Device/ST/STM32F1xx/Include -I../Drivers/CMSIS/Include -O0 -ffunction-sections -fdata-sections -Wall -fstack-usage -fcyclomatic-complexity -MMD -MP -MF"Core/Src/syscalls.d" -MT"Core/Src/syscalls.o" --specs=nano.specs -mfloat-abi=soft -mthumb -o "Core/Src/syscalls.o"
arm-none-eabi-gcc "../Core/Src/sysmem.c" -mcpu=cortex-m3 -std=gnu11 -g3 -DDEBUG -DUSE_HAL_DRIVER -DSTM32F103xB -c -I../Core/Inc -I../Drivers/STM32F1xx_HAL_Driver/Inc -I../Drivers/STM32F1xx_HAL_Driver/Inc/Legacy -I../Drivers/CMSIS/Device/ST/STM32F1xx/Include -I../Drivers/CMSIS/Include -O0 -ffunction-sections -fdata-sections -Wall -fstack-usage -fcyclomatic-complexity -MMD -MP -MF"Core/Src/sysmem.d" -MT"Core/Src/sysmem.o" --specs=nano.specs -mfloat-abi=soft -mthumb -o "Core/Src/sysmem.o"
In file included from ../Core/Src/gpioElements.cpp:8:
../Core/Inc/gpioElements.hpp: In constructor 'GpioElement::GpioElement(const GPIO_TypeDef*, uint32_t, bool)':
../Core/Inc/gpioElements.hpp:28:30: warning: 'GpioElement::port' will be initialized after [-Wreorder]
   28 |   const GPIO_TypeDef * const port;
      |                              ^~~~
../Core/Inc/gpioElements.hpp:26:18: warning:   'const uint32_t GpioElement::pin' [-Wreorder]
   26 |   const uint32_t pin;
      |                  ^~~
../Core/Src/gpioElements.cpp:10:1: warning:   when initialized here [-Wreorder]
   10 | GpioElement::GpioElement(const GPIO_TypeDef * const port, const uint32_t pin, const bool is_inverted) :
      | ^~~~~~~~~~~
In file included from ../Core/Src/gpioElements.cpp:8:
../Core/Inc/gpioElements.hpp:26:18: warning: 'GpioElement::pin' will be initialized after [-Wreorder]
   26 |   const uint32_t pin;
      |                  ^~~
../Core/Inc/gpioElements.hpp:24:8: warning:   'bool GpioElement::is_inverted' [-Wreorder]
   24 |   bool is_inverted;
      |        ^~~~~~~~~~~
../Core/Src/gpioElements.cpp:10:1: warning:   when initialized here [-Wreorder]
   10 | GpioElement::GpioElement(const GPIO_TypeDef * const port, const uint32_t pin, const bool is_inverted) :
      | ^~~~~~~~~~~
arm-none-eabi-gcc "../Core/Src/system_stm32f1xx.c" -mcpu=cortex-m3 -std=gnu11 -g3 -DDEBUG -DUSE_HAL_DRIVER -DSTM32F103xB -c -I../Core/Inc -I../Drivers/STM32F1xx_HAL_Driver/Inc -I../Drivers/STM32F1xx_HAL_Driver/Inc/Legacy -I../Drivers/CMSIS/Device/ST/STM32F1xx/Include -I../Drivers/CMSIS/Include -O0 -ffunction-sections -fdata-sections -Wall -fstack-usage -fcyclomatic-complexity -MMD -MP -MF"Core/Src/system_stm32f1xx.d" -MT"Core/Src/system_stm32f1xx.o" --specs=nano.specs -mfloat-abi=soft -mthumb -o "Core/Src/system_stm32f1xx.o"
arm-none-eabi-g++ "../Core/Src/timer.cpp" -mcpu=cortex-m3 -std=gnu++14 -g3 -DDEBUG -DUSE_HAL_DRIVER -DSTM32F103xB -c -I../Core/Inc -I../Drivers/STM32F1xx_HAL_Driver/Inc -I../Drivers/STM32F1xx_HAL_Driver/Inc/Legacy -I../Drivers/CMSIS/Device/ST/STM32F1xx/Include -I../Drivers/CMSIS/Include -O0 -ffunction-sections -fdata-sections -fno-exceptions -fno-rtti -fno-use-cxa-atexit -Wall -fstack-usage -fcyclomatic-complexity -MMD -MP -MF"Core/Src/timer.d" -MT"Core/Src/timer.o" --specs=nano.specs -mfloat-abi=soft -mthumb -o "Core/Src/timer.o"
../Core/Src/main.cpp: In function 'int main()':
../Core/Src/main.cpp:340:8: warning: unused variable 'status' [-Wunused-variable]
  340 |   auto status = aq_main_frame.send(hcan);
      |        ^~~~~~
../Core/Src/main.cpp:343:5: warning: unused variable 'chuj' [-Wunused-variable]
  343 | int chuj;
      |     ^~~~
arm-none-eabi-g++ -o "EBS_Supervisor.elf" @"objects.list"   -mcpu=cortex-m3 -T"C:\Users\przem\OneDrive\Pulpit\PUTM\PUTM_DV_ASB_2023\software\EBS_Supervisor\EBS_Supervisor\STM32F103R8TX_FLASH.ld" --specs=nosys.specs -Wl,-Map="EBS_Supervisor.map" -Wl,--gc-sections -static --specs=nano.specs -mfloat-abi=soft -mthumb -Wl,--start-group -lc -lm -lstdc++ -lsupc++ -Wl,--end-group
Finished building target: EBS_Supervisor.elf
 
arm-none-eabi-size   EBS_Supervisor.elf 
arm-none-eabi-objdump -h -S  EBS_Supervisor.elf  > "EBS_Supervisor.list"
   text	   data	    bss	    dec	    hex	filename
  20116	    748	   2012	  22876	   595c	EBS_Supervisor.elf
Finished building: default.size.stdout
 
Finished building: EBS_Supervisor.list
 
21:32:09 **** Incremental Build of configuration Debug for project EBS_Supervisor ****
make -j8 all 
arm-none-eabi-size   EBS_Supervisor.elf 
   text	   data	    bss	    dec	    hex	filename
  20116	    748	   2012	  22876	   595c	EBS_Supervisor.elf
Finished building: default.size.stdout
 
21:33:43 **** Incremental Build of configuration Debug for project EBS_Supervisor ****
make -j8 all 
arm-none-eabi-size   EBS_Supervisor.elf 
   text	   data	    bss	    dec	    hex	filename
  20116	    748	   2012	  22876	   595c	EBS_Supervisor.elf
Finished building: default.size.stdout
 
21:47:45 **** Incremental Build of configuration Debug for project EBS_Supervisor ****
make -j8 all 
arm-none-eabi-size   EBS_Supervisor.elf 
   text	   data	    bss	    dec	    hex	filename
  20116	    748	   2012	  22876	   595c	EBS_Supervisor.elf
Finished building: default.size.stdout
 
21:48:37 **** Incremental Build of configuration Debug for project EBS_Supervisor ****
make -j8 all 
arm-none-eabi-size   EBS_Supervisor.elf 
   text	   data	    bss	    dec	    hex	filename
  20116	    748	   2012	  22876	   595c	EBS_Supervisor.elf
Finished building: default.size.stdout
 
21:51:31 **** Build of configuration Debug for project EBS_Supervisor ****
make -j8 all 
arm-none-eabi-size   EBS_Supervisor.elf 
   text	   data	    bss	    dec	    hex	filename
  20116	    748	   2012	  22876	   595c	EBS_Supervisor.elf
Finished building: default.size.stdout
 
21:54:12 **** Incremental Build of configuration Debug for project EBS_Supervisor ****
make -j8 all 
arm-none-eabi-size   EBS_Supervisor.elf 
   text	   data	    bss	    dec	    hex	filename
  20116	    748	   2012	  22876	   595c	EBS_Supervisor.elf
Finished building: default.size.stdout
 
21:58:01 **** Clean-only build of configuration Debug for project EBS_Supervisor ****
make -j8 clean 
rm -rf ./Drivers/STM32F1xx_HAL_Driver/Src/stm32f1xx_hal.cyclo ./Drivers/STM32F1xx_HAL_Driver/Src/stm32f1xx_hal.d ./Drivers/STM32F1xx_HAL_Driver/Src/stm32f1xx_hal.o ./Drivers/STM32F1xx_HAL_Driver/Src/stm32f1xx_hal.su ./Drivers/STM32F1xx_HAL_Driver/Src/stm32f1xx_hal_adc.cyclo ./Drivers/STM32F1xx_HAL_Driver/Src/stm32f1xx_hal_adc.d ./Drivers/STM32F1xx_HAL_Driver/Src/stm32f1xx_hal_adc.o ./Drivers/STM32F1xx_HAL_Driver/Src/stm32f1xx_hal_adc.su ./Drivers/STM32F1xx_HAL_Driver/Src/stm32f1xx_hal_adc_ex.cyclo ./Drivers/STM32F1xx_HAL_Driver/Src/stm32f1xx_hal_adc_ex.d ./Drivers/STM32F1xx_HAL_Driver/Src/stm32f1xx_hal_adc_ex.o ./Drivers/STM32F1xx_HAL_Driver/Src/stm32f1xx_hal_adc_ex.su ./Drivers/STM32F1xx_HAL_Driver/Src/stm32f1xx_hal_can.cyclo ./Drivers/STM32F1xx_HAL_Driver/Src/stm32f1xx_hal_can.d ./Drivers/STM32F1xx_HAL_Driver/Src/stm32f1xx_hal_can.o ./Drivers/STM32F1xx_HAL_Driver/Src/stm32f1xx_hal_can.su ./Drivers/STM32F1xx_HAL_Driver/Src/stm32f1xx_hal_cortex.cyclo ./Drivers/STM32F1xx_HAL_Driver/Src/stm32f1xx_hal_cortex.d ./Drivers/STM32F1xx_HAL_Driver/Src/stm32f1xx_hal_cortex.o ./Drivers/STM32F1xx_HAL_Driver/Src/stm32f1xx_hal_cortex.su ./Drivers/STM32F1xx_HAL_Driver/Src/stm32f1xx_hal_dma.cyclo ./Drivers/STM32F1xx_HAL_Driver/Src/stm32f1xx_hal_dma.d ./Drivers/STM32F1xx_HAL_Driver/Src/stm32f1xx_hal_dma.o ./Drivers/STM32F1xx_HAL_Driver/Src/stm32f1xx_hal_dma.su ./Drivers/STM32F1xx_HAL_Driver/Src/stm32f1xx_hal_exti.cyclo ./Drivers/STM32F1xx_HAL_Driver/Src/stm32f1xx_hal_exti.d ./Drivers/STM32F1xx_HAL_Driver/Src/stm32f1xx_hal_exti.o ./Drivers/STM32F1xx_HAL_Driver/Src/stm32f1xx_hal_exti.su ./Drivers/STM32F1xx_HAL_Driver/Src/stm32f1xx_hal_flash.cyclo ./Drivers/STM32F1xx_HAL_Driver/Src/stm32f1xx_hal_flash.d ./Drivers/STM32F1xx_HAL_Driver/Src/stm32f1xx_hal_flash.o ./Drivers/STM32F1xx_HAL_Driver/Src/stm32f1xx_hal_flash.su ./Drivers/STM32F1xx_HAL_Driver/Src/stm32f1xx_hal_flash_ex.cyclo ./Drivers/STM32F1xx_HAL_Driver/Src/stm32f1xx_hal_flash_ex.d ./Drivers/STM32F1xx_HAL_Driver/Src/stm32f1xx_hal_flash_ex.o ./Drivers/STM32F1xx_HAL_Driver/Src/stm32f1xx_hal_flash_ex.su ./Drivers/STM32F1xx_HAL_Driver/Src/stm32f1xx_hal_gpio.cyclo ./Drivers/STM32F1xx_HAL_Driver/Src/stm32f1xx_hal_gpio.d ./Drivers/STM32F1xx_HAL_Driver/Src/stm32f1xx_hal_gpio.o ./Drivers/STM32F1xx_HAL_Driver/Src/stm32f1xx_hal_gpio.su ./Drivers/STM32F1xx_HAL_Driver/Src/stm32f1xx_hal_gpio_ex.cyclo ./Drivers/STM32F1xx_HAL_Driver/Src/stm32f1xx_hal_gpio_ex.d ./Drivers/STM32F1xx_HAL_Driver/Src/stm32f1xx_hal_gpio_ex.o ./Drivers/STM32F1xx_HAL_Driver/Src/stm32f1xx_hal_gpio_ex.su ./Drivers/STM32F1xx_HAL_Driver/Src/stm32f1xx_hal_pwr.cyclo ./Drivers/STM32F1xx_HAL_Driver/Src/stm32f1xx_hal_pwr.d ./Drivers/STM32F1xx_HAL_Driver/Src/stm32f1xx_hal_pwr.o ./Drivers/STM32F1xx_HAL_Driver/Src/stm32f1xx_hal_pwr.su ./Drivers/STM32F1xx_HAL_Driver/Src/stm32f1xx_hal_rcc.cyclo ./Drivers/STM32F1xx_HAL_Driver/Src/stm32f1xx_hal_rcc.d ./Drivers/STM32F1xx_HAL_Driver/Src/stm32f1xx_hal_rcc.o ./Drivers/STM32F1xx_HAL_Driver/Src/stm32f1xx_hal_rcc.su ./Drivers/STM32F1xx_HAL_Driver/Src/stm32f1xx_hal_rcc_ex.cyclo ./Drivers/STM32F1xx_HAL_Driver/Src/stm32f1xx_hal_rcc_ex.d ./Drivers/STM32F1xx_HAL_Driver/Src/stm32f1xx_hal_rcc_ex.o ./Drivers/STM32F1xx_HAL_Driver/Src/stm32f1xx_hal_rcc_ex.su ./Drivers/STM32F1xx_HAL_Driver/Src/stm32f1xx_hal_tim.cyclo ./Drivers/STM32F1xx_HAL_Driver/Src/stm32f1xx_hal_tim.d ./Drivers/STM32F1xx_HAL_Driver/Src/stm32f1xx_hal_tim.o ./Drivers/STM32F1xx_HAL_Driver/Src/stm32f1xx_hal_tim.su ./Drivers/STM32F1xx_HAL_Driver/Src/stm32f1xx_hal_tim_ex.cyclo ./Drivers/STM32F1xx_HAL_Driver/Src/stm32f1xx_hal_tim_ex.d ./Drivers/STM32F1xx_HAL_Driver/Src/stm32f1xx_hal_tim_ex.o ./Drivers/STM32F1xx_HAL_Driver/Src/stm32f1xx_hal_tim_ex.su
rm -rf ./Core/Startup/startup_stm32f103r8tx.d ./Core/Startup/startup_stm32f103r8tx.o
rm -rf ./Core/Src/gpioElements.cyclo ./Core/Src/gpioElements.d ./Core/Src/gpioElements.o ./Core/Src/gpioElements.su ./Core/Src/main.cyclo ./Core/Src/main.d ./Core/Src/main.o ./Core/Src/main.su ./Core/Src/stm32f1xx_hal_msp.cyclo ./Core/Src/stm32f1xx_hal_msp.d ./Core/Src/stm32f1xx_hal_msp.o ./Core/Src/stm32f1xx_hal_msp.su ./Core/Src/stm32f1xx_it.cyclo ./Core/Src/stm32f1xx_it.d ./Core/Src/stm32f1xx_it.o ./Core/Src/stm32f1xx_it.su ./Core/Src/syscalls.cyclo ./Core/Src/syscalls.d ./Core/Src/syscalls.o ./Core/Src/syscalls.su ./Core/Src/sysmem.cyclo ./Core/Src/sysmem.d ./Core/Src/sysmem.o ./Core/Src/sysmem.su ./Core/Src/system_stm32f1xx.cyclo ./Core/Src/system_stm32f1xx.d ./Core/Src/system_stm32f1xx.o ./Core/Src/system_stm32f1xx.su ./Core/Src/timer.cyclo ./Core/Src/timer.d ./Core/Src/timer.o ./Core/Src/timer.su
rm -rf EBS_Supervisor.elf EBS_Supervisor.list EBS_Supervisor.map default.size.stdout
rm: can't remove 'EBS_Supervisor.elf': Permission denied
make: [makefile:95: clean] Error 1 (ignored)
 
21:58:02 **** Incremental Build of configuration Debug for project EBS_Supervisor ****
make -j8 all 
arm-none-eabi-gcc "../Drivers/STM32F1xx_HAL_Driver/Src/stm32f1xx_hal.c" -mcpu=cortex-m3 -std=gnu11 -g3 -DDEBUG -DUSE_HAL_DRIVER -DSTM32F103xB -c -I../Core/Inc -I../Drivers/STM32F1xx_HAL_Driver/Inc -I../Drivers/STM32F1xx_HAL_Driver/Inc/Legacy -I../Drivers/CMSIS/Device/ST/STM32F1xx/Include -I../Drivers/CMSIS/Include -O0 -ffunction-sections -fdata-sections -Wall -fstack-usage -fcyclomatic-complexity -MMD -MP -MF"Drivers/STM32F1xx_HAL_Driver/Src/stm32f1xx_hal.d" -MT"Drivers/STM32F1xx_HAL_Driver/Src/stm32f1xx_hal.o" --specs=nano.specs -mfloat-abi=soft -mthumb -o "Drivers/STM32F1xx_HAL_Driver/Src/stm32f1xx_hal.o"
arm-none-eabi-gcc "../Drivers/STM32F1xx_HAL_Driver/Src/stm32f1xx_hal_adc.c" -mcpu=cortex-m3 -std=gnu11 -g3 -DDEBUG -DUSE_HAL_DRIVER -DSTM32F103xB -c -I../Core/Inc -I../Drivers/STM32F1xx_HAL_Driver/Inc -I../Drivers/STM32F1xx_HAL_Driver/Inc/Legacy -I../Drivers/CMSIS/Device/ST/STM32F1xx/Include -I../Drivers/CMSIS/Include -O0 -ffunction-sections -fdata-sections -Wall -fstack-usage -fcyclomatic-complexity -MMD -MP -MF"Drivers/STM32F1xx_HAL_Driver/Src/stm32f1xx_hal_adc.d" -MT"Drivers/STM32F1xx_HAL_Driver/Src/stm32f1xx_hal_adc.o" --specs=nano.specs -mfloat-abi=soft -mthumb -o "Drivers/STM32F1xx_HAL_Driver/Src/stm32f1xx_hal_adc.o"
arm-none-eabi-gcc "../Drivers/STM32F1xx_HAL_Driver/Src/stm32f1xx_hal_adc_ex.c" -mcpu=cortex-m3 -std=gnu11 -g3 -DDEBUG -DUSE_HAL_DRIVER -DSTM32F103xB -c -I../Core/Inc -I../Drivers/STM32F1xx_HAL_Driver/Inc -I../Drivers/STM32F1xx_HAL_Driver/Inc/Legacy -I../Drivers/CMSIS/Device/ST/STM32F1xx/Include -I../Drivers/CMSIS/Include -O0 -ffunction-sections -fdata-sections -Wall -fstack-usage -fcyclomatic-complexity -MMD -MP -MF"Drivers/STM32F1xx_HAL_Driver/Src/stm32f1xx_hal_adc_ex.d" -MT"Drivers/STM32F1xx_HAL_Driver/Src/stm32f1xx_hal_adc_ex.o" --specs=nano.specs -mfloat-abi=soft -mthumb -o "Drivers/STM32F1xx_HAL_Driver/Src/stm32f1xx_hal_adc_ex.o"
arm-none-eabi-gcc "../Drivers/STM32F1xx_HAL_Driver/Src/stm32f1xx_hal_can.c" -mcpu=cortex-m3 -std=gnu11 -g3 -DDEBUG -DUSE_HAL_DRIVER -DSTM32F103xB -c -I../Core/Inc -I../Drivers/STM32F1xx_HAL_Driver/Inc -I../Drivers/STM32F1xx_HAL_Driver/Inc/Legacy -I../Drivers/CMSIS/Device/ST/STM32F1xx/Include -I../Drivers/CMSIS/Include -O0 -ffunction-sections -fdata-sections -Wall -fstack-usage -fcyclomatic-complexity -MMD -MP -MF"Drivers/STM32F1xx_HAL_Driver/Src/stm32f1xx_hal_can.d" -MT"Drivers/STM32F1xx_HAL_Driver/Src/stm32f1xx_hal_can.o" --specs=nano.specs -mfloat-abi=soft -mthumb -o "Drivers/STM32F1xx_HAL_Driver/Src/stm32f1xx_hal_can.o"
arm-none-eabi-gcc "../Drivers/STM32F1xx_HAL_Driver/Src/stm32f1xx_hal_cortex.c" -mcpu=cortex-m3 -std=gnu11 -g3 -DDEBUG -DUSE_HAL_DRIVER -DSTM32F103xB -c -I../Core/Inc -I../Drivers/STM32F1xx_HAL_Driver/Inc -I../Drivers/STM32F1xx_HAL_Driver/Inc/Legacy -I../Drivers/CMSIS/Device/ST/STM32F1xx/Include -I../Drivers/CMSIS/Include -O0 -ffunction-sections -fdata-sections -Wall -fstack-usage -fcyclomatic-complexity -MMD -MP -MF"Drivers/STM32F1xx_HAL_Driver/Src/stm32f1xx_hal_cortex.d" -MT"Drivers/STM32F1xx_HAL_Driver/Src/stm32f1xx_hal_cortex.o" --specs=nano.specs -mfloat-abi=soft -mthumb -o "Drivers/STM32F1xx_HAL_Driver/Src/stm32f1xx_hal_cortex.o"
arm-none-eabi-gcc "../Drivers/STM32F1xx_HAL_Driver/Src/stm32f1xx_hal_dma.c" -mcpu=cortex-m3 -std=gnu11 -g3 -DDEBUG -DUSE_HAL_DRIVER -DSTM32F103xB -c -I../Core/Inc -I../Drivers/STM32F1xx_HAL_Driver/Inc -I../Drivers/STM32F1xx_HAL_Driver/Inc/Legacy -I../Drivers/CMSIS/Device/ST/STM32F1xx/Include -I../Drivers/CMSIS/Include -O0 -ffunction-sections -fdata-sections -Wall -fstack-usage -fcyclomatic-complexity -MMD -MP -MF"Drivers/STM32F1xx_HAL_Driver/Src/stm32f1xx_hal_dma.d" -MT"Drivers/STM32F1xx_HAL_Driver/Src/stm32f1xx_hal_dma.o" --specs=nano.specs -mfloat-abi=soft -mthumb -o "Drivers/STM32F1xx_HAL_Driver/Src/stm32f1xx_hal_dma.o"
arm-none-eabi-gcc "../Drivers/STM32F1xx_HAL_Driver/Src/stm32f1xx_hal_exti.c" -mcpu=cortex-m3 -std=gnu11 -g3 -DDEBUG -DUSE_HAL_DRIVER -DSTM32F103xB -c -I../Core/Inc -I../Drivers/STM32F1xx_HAL_Driver/Inc -I../Drivers/STM32F1xx_HAL_Driver/Inc/Legacy -I../Drivers/CMSIS/Device/ST/STM32F1xx/Include -I../Drivers/CMSIS/Include -O0 -ffunction-sections -fdata-sections -Wall -fstack-usage -fcyclomatic-complexity -MMD -MP -MF"Drivers/STM32F1xx_HAL_Driver/Src/stm32f1xx_hal_exti.d" -MT"Drivers/STM32F1xx_HAL_Driver/Src/stm32f1xx_hal_exti.o" --specs=nano.specs -mfloat-abi=soft -mthumb -o "Drivers/STM32F1xx_HAL_Driver/Src/stm32f1xx_hal_exti.o"
arm-none-eabi-gcc "../Drivers/STM32F1xx_HAL_Driver/Src/stm32f1xx_hal_flash.c" -mcpu=cortex-m3 -std=gnu11 -g3 -DDEBUG -DUSE_HAL_DRIVER -DSTM32F103xB -c -I../Core/Inc -I../Drivers/STM32F1xx_HAL_Driver/Inc -I../Drivers/STM32F1xx_HAL_Driver/Inc/Legacy -I../Drivers/CMSIS/Device/ST/STM32F1xx/Include -I../Drivers/CMSIS/Include -O0 -ffunction-sections -fdata-sections -Wall -fstack-usage -fcyclomatic-complexity -MMD -MP -MF"Drivers/STM32F1xx_HAL_Driver/Src/stm32f1xx_hal_flash.d" -MT"Drivers/STM32F1xx_HAL_Driver/Src/stm32f1xx_hal_flash.o" --specs=nano.specs -mfloat-abi=soft -mthumb -o "Drivers/STM32F1xx_HAL_Driver/Src/stm32f1xx_hal_flash.o"
arm-none-eabi-gcc "../Drivers/STM32F1xx_HAL_Driver/Src/stm32f1xx_hal_flash_ex.c" -mcpu=cortex-m3 -std=gnu11 -g3 -DDEBUG -DUSE_HAL_DRIVER -DSTM32F103xB -c -I../Core/Inc -I../Drivers/STM32F1xx_HAL_Driver/Inc -I../Drivers/STM32F1xx_HAL_Driver/Inc/Legacy -I../Drivers/CMSIS/Device/ST/STM32F1xx/Include -I../Drivers/CMSIS/Include -O0 -ffunction-sections -fdata-sections -Wall -fstack-usage -fcyclomatic-complexity -MMD -MP -MF"Drivers/STM32F1xx_HAL_Driver/Src/stm32f1xx_hal_flash_ex.d" -MT"Drivers/STM32F1xx_HAL_Driver/Src/stm32f1xx_hal_flash_ex.o" --specs=nano.specs -mfloat-abi=soft -mthumb -o "Drivers/STM32F1xx_HAL_Driver/Src/stm32f1xx_hal_flash_ex.o"
arm-none-eabi-gcc "../Drivers/STM32F1xx_HAL_Driver/Src/stm32f1xx_hal_gpio.c" -mcpu=cortex-m3 -std=gnu11 -g3 -DDEBUG -DUSE_HAL_DRIVER -DSTM32F103xB -c -I../Core/Inc -I../Drivers/STM32F1xx_HAL_Driver/Inc -I../Drivers/STM32F1xx_HAL_Driver/Inc/Legacy -I../Drivers/CMSIS/Device/ST/STM32F1xx/Include -I../Drivers/CMSIS/Include -O0 -ffunction-sections -fdata-sections -Wall -fstack-usage -fcyclomatic-complexity -MMD -MP -MF"Drivers/STM32F1xx_HAL_Driver/Src/stm32f1xx_hal_gpio.d" -MT"Drivers/STM32F1xx_HAL_Driver/Src/stm32f1xx_hal_gpio.o" --specs=nano.specs -mfloat-abi=soft -mthumb -o "Drivers/STM32F1xx_HAL_Driver/Src/stm32f1xx_hal_gpio.o"
arm-none-eabi-gcc "../Drivers/STM32F1xx_HAL_Driver/Src/stm32f1xx_hal_gpio_ex.c" -mcpu=cortex-m3 -std=gnu11 -g3 -DDEBUG -DUSE_HAL_DRIVER -DSTM32F103xB -c -I../Core/Inc -I../Drivers/STM32F1xx_HAL_Driver/Inc -I../Drivers/STM32F1xx_HAL_Driver/Inc/Legacy -I../Drivers/CMSIS/Device/ST/STM32F1xx/Include -I../Drivers/CMSIS/Include -O0 -ffunction-sections -fdata-sections -Wall -fstack-usage -fcyclomatic-complexity -MMD -MP -MF"Drivers/STM32F1xx_HAL_Driver/Src/stm32f1xx_hal_gpio_ex.d" -MT"Drivers/STM32F1xx_HAL_Driver/Src/stm32f1xx_hal_gpio_ex.o" --specs=nano.specs -mfloat-abi=soft -mthumb -o "Drivers/STM32F1xx_HAL_Driver/Src/stm32f1xx_hal_gpio_ex.o"
arm-none-eabi-gcc "../Drivers/STM32F1xx_HAL_Driver/Src/stm32f1xx_hal_pwr.c" -mcpu=cortex-m3 -std=gnu11 -g3 -DDEBUG -DUSE_HAL_DRIVER -DSTM32F103xB -c -I../Core/Inc -I../Drivers/STM32F1xx_HAL_Driver/Inc -I../Drivers/STM32F1xx_HAL_Driver/Inc/Legacy -I../Drivers/CMSIS/Device/ST/STM32F1xx/Include -I../Drivers/CMSIS/Include -O0 -ffunction-sections -fdata-sections -Wall -fstack-usage -fcyclomatic-complexity -MMD -MP -MF"Drivers/STM32F1xx_HAL_Driver/Src/stm32f1xx_hal_pwr.d" -MT"Drivers/STM32F1xx_HAL_Driver/Src/stm32f1xx_hal_pwr.o" --specs=nano.specs -mfloat-abi=soft -mthumb -o "Drivers/STM32F1xx_HAL_Driver/Src/stm32f1xx_hal_pwr.o"
arm-none-eabi-gcc "../Drivers/STM32F1xx_HAL_Driver/Src/stm32f1xx_hal_rcc.c" -mcpu=cortex-m3 -std=gnu11 -g3 -DDEBUG -DUSE_HAL_DRIVER -DSTM32F103xB -c -I../Core/Inc -I../Drivers/STM32F1xx_HAL_Driver/Inc -I../Drivers/STM32F1xx_HAL_Driver/Inc/Legacy -I../Drivers/CMSIS/Device/ST/STM32F1xx/Include -I../Drivers/CMSIS/Include -O0 -ffunction-sections -fdata-sections -Wall -fstack-usage -fcyclomatic-complexity -MMD -MP -MF"Drivers/STM32F1xx_HAL_Driver/Src/stm32f1xx_hal_rcc.d" -MT"Drivers/STM32F1xx_HAL_Driver/Src/stm32f1xx_hal_rcc.o" --specs=nano.specs -mfloat-abi=soft -mthumb -o "Drivers/STM32F1xx_HAL_Driver/Src/stm32f1xx_hal_rcc.o"
arm-none-eabi-gcc "../Drivers/STM32F1xx_HAL_Driver/Src/stm32f1xx_hal_rcc_ex.c" -mcpu=cortex-m3 -std=gnu11 -g3 -DDEBUG -DUSE_HAL_DRIVER -DSTM32F103xB -c -I../Core/Inc -I../Drivers/STM32F1xx_HAL_Driver/Inc -I../Drivers/STM32F1xx_HAL_Driver/Inc/Legacy -I../Drivers/CMSIS/Device/ST/STM32F1xx/Include -I../Drivers/CMSIS/Include -O0 -ffunction-sections -fdata-sections -Wall -fstack-usage -fcyclomatic-complexity -MMD -MP -MF"Drivers/STM32F1xx_HAL_Driver/Src/stm32f1xx_hal_rcc_ex.d" -MT"Drivers/STM32F1xx_HAL_Driver/Src/stm32f1xx_hal_rcc_ex.o" --specs=nano.specs -mfloat-abi=soft -mthumb -o "Drivers/STM32F1xx_HAL_Driver/Src/stm32f1xx_hal_rcc_ex.o"
arm-none-eabi-gcc "../Drivers/STM32F1xx_HAL_Driver/Src/stm32f1xx_hal_tim.c" -mcpu=cortex-m3 -std=gnu11 -g3 -DDEBUG -DUSE_HAL_DRIVER -DSTM32F103xB -c -I../Core/Inc -I../Drivers/STM32F1xx_HAL_Driver/Inc -I../Drivers/STM32F1xx_HAL_Driver/Inc/Legacy -I../Drivers/CMSIS/Device/ST/STM32F1xx/Include -I../Drivers/CMSIS/Include -O0 -ffunction-sections -fdata-sections -Wall -fstack-usage -fcyclomatic-complexity -MMD -MP -MF"Drivers/STM32F1xx_HAL_Driver/Src/stm32f1xx_hal_tim.d" -MT"Drivers/STM32F1xx_HAL_Driver/Src/stm32f1xx_hal_tim.o" --specs=nano.specs -mfloat-abi=soft -mthumb -o "Drivers/STM32F1xx_HAL_Driver/Src/stm32f1xx_hal_tim.o"
arm-none-eabi-gcc "../Drivers/STM32F1xx_HAL_Driver/Src/stm32f1xx_hal_tim_ex.c" -mcpu=cortex-m3 -std=gnu11 -g3 -DDEBUG -DUSE_HAL_DRIVER -DSTM32F103xB -c -I../Core/Inc -I../Drivers/STM32F1xx_HAL_Driver/Inc -I../Drivers/STM32F1xx_HAL_Driver/Inc/Legacy -I../Drivers/CMSIS/Device/ST/STM32F1xx/Include -I../Drivers/CMSIS/Include -O0 -ffunction-sections -fdata-sections -Wall -fstack-usage -fcyclomatic-complexity -MMD -MP -MF"Drivers/STM32F1xx_HAL_Driver/Src/stm32f1xx_hal_tim_ex.d" -MT"Drivers/STM32F1xx_HAL_Driver/Src/stm32f1xx_hal_tim_ex.o" --specs=nano.specs -mfloat-abi=soft -mthumb -o "Drivers/STM32F1xx_HAL_Driver/Src/stm32f1xx_hal_tim_ex.o"
arm-none-eabi-gcc -mcpu=cortex-m3 -g3 -DDEBUG -c -x assembler-with-cpp -MMD -MP -MF"Core/Startup/startup_stm32f103r8tx.d" -MT"Core/Startup/startup_stm32f103r8tx.o" --specs=nano.specs -mfloat-abi=soft -mthumb -o "Core/Startup/startup_stm32f103r8tx.o" "../Core/Startup/startup_stm32f103r8tx.s"
arm-none-eabi-g++ "../Core/Src/gpioElements.cpp" -mcpu=cortex-m3 -std=gnu++14 -g3 -DDEBUG -DUSE_HAL_DRIVER -DSTM32F103xB -c -I../Core/Inc -I../Drivers/STM32F1xx_HAL_Driver/Inc -I../Drivers/STM32F1xx_HAL_Driver/Inc/Legacy -I../Drivers/CMSIS/Device/ST/STM32F1xx/Include -I../Drivers/CMSIS/Include -O0 -ffunction-sections -fdata-sections -fno-exceptions -fno-rtti -fno-use-cxa-atexit -Wall -fstack-usage -fcyclomatic-complexity -MMD -MP -MF"Core/Src/gpioElements.d" -MT"Core/Src/gpioElements.o" --specs=nano.specs -mfloat-abi=soft -mthumb -o "Core/Src/gpioElements.o"
arm-none-eabi-g++ "../Core/Src/main.cpp" -mcpu=cortex-m3 -std=gnu++14 -g3 -DDEBUG -DUSE_HAL_DRIVER -DSTM32F103xB -c -I../Core/Inc -I../Drivers/STM32F1xx_HAL_Driver/Inc -I../Drivers/STM32F1xx_HAL_Driver/Inc/Legacy -I../Drivers/CMSIS/Device/ST/STM32F1xx/Include -I../Drivers/CMSIS/Include -O0 -ffunction-sections -fdata-sections -fno-exceptions -fno-rtti -fno-use-cxa-atexit -Wall -fstack-usage -fcyclomatic-complexity -MMD -MP -MF"Core/Src/main.d" -MT"Core/Src/main.o" --specs=nano.specs -mfloat-abi=soft -mthumb -o "Core/Src/main.o"
arm-none-eabi-gcc "../Core/Src/stm32f1xx_hal_msp.c" -mcpu=cortex-m3 -std=gnu11 -g3 -DDEBUG -DUSE_HAL_DRIVER -DSTM32F103xB -c -I../Core/Inc -I../Drivers/STM32F1xx_HAL_Driver/Inc -I../Drivers/STM32F1xx_HAL_Driver/Inc/Legacy -I../Drivers/CMSIS/Device/ST/STM32F1xx/Include -I../Drivers/CMSIS/Include -O0 -ffunction-sections -fdata-sections -Wall -fstack-usage -fcyclomatic-complexity -MMD -MP -MF"Core/Src/stm32f1xx_hal_msp.d" -MT"Core/Src/stm32f1xx_hal_msp.o" --specs=nano.specs -mfloat-abi=soft -mthumb -o "Core/Src/stm32f1xx_hal_msp.o"
arm-none-eabi-gcc "../Core/Src/stm32f1xx_it.c" -mcpu=cortex-m3 -std=gnu11 -g3 -DDEBUG -DUSE_HAL_DRIVER -DSTM32F103xB -c -I../Core/Inc -I../Drivers/STM32F1xx_HAL_Driver/Inc -I../Drivers/STM32F1xx_HAL_Driver/Inc/Legacy -I../Drivers/CMSIS/Device/ST/STM32F1xx/Include -I../Drivers/CMSIS/Include -O0 -ffunction-sections -fdata-sections -Wall -fstack-usage -fcyclomatic-complexity -MMD -MP -MF"Core/Src/stm32f1xx_it.d" -MT"Core/Src/stm32f1xx_it.o" --specs=nano.specs -mfloat-abi=soft -mthumb -o "Core/Src/stm32f1xx_it.o"
arm-none-eabi-gcc "../Core/Src/syscalls.c" -mcpu=cortex-m3 -std=gnu11 -g3 -DDEBUG -DUSE_HAL_DRIVER -DSTM32F103xB -c -I../Core/Inc -I../Drivers/STM32F1xx_HAL_Driver/Inc -I../Drivers/STM32F1xx_HAL_Driver/Inc/Legacy -I../Drivers/CMSIS/Device/ST/STM32F1xx/Include -I../Drivers/CMSIS/Include -O0 -ffunction-sections -fdata-sections -Wall -fstack-usage -fcyclomatic-complexity -MMD -MP -MF"Core/Src/syscalls.d" -MT"Core/Src/syscalls.o" --specs=nano.specs -mfloat-abi=soft -mthumb -o "Core/Src/syscalls.o"
arm-none-eabi-gcc "../Core/Src/sysmem.c" -mcpu=cortex-m3 -std=gnu11 -g3 -DDEBUG -DUSE_HAL_DRIVER -DSTM32F103xB -c -I../Core/Inc -I../Drivers/STM32F1xx_HAL_Driver/Inc -I../Drivers/STM32F1xx_HAL_Driver/Inc/Legacy -I../Drivers/CMSIS/Device/ST/STM32F1xx/Include -I../Drivers/CMSIS/Include -O0 -ffunction-sections -fdata-sections -Wall -fstack-usage -fcyclomatic-complexity -MMD -MP -MF"Core/Src/sysmem.d" -MT"Core/Src/sysmem.o" --specs=nano.specs -mfloat-abi=soft -mthumb -o "Core/Src/sysmem.o"
arm-none-eabi-gcc "../Core/Src/system_stm32f1xx.c" -mcpu=cortex-m3 -std=gnu11 -g3 -DDEBUG -DUSE_HAL_DRIVER -DSTM32F103xB -c -I../Core/Inc -I../Drivers/STM32F1xx_HAL_Driver/Inc -I../Drivers/STM32F1xx_HAL_Driver/Inc/Legacy -I../Drivers/CMSIS/Device/ST/STM32F1xx/Include -I../Drivers/CMSIS/Include -O0 -ffunction-sections -fdata-sections -Wall -fstack-usage -fcyclomatic-complexity -MMD -MP -MF"Core/Src/system_stm32f1xx.d" -MT"Core/Src/system_stm32f1xx.o" --specs=nano.specs -mfloat-abi=soft -mthumb -o "Core/Src/system_stm32f1xx.o"
arm-none-eabi-g++ "../Core/Src/timer.cpp" -mcpu=cortex-m3 -std=gnu++14 -g3 -DDEBUG -DUSE_HAL_DRIVER -DSTM32F103xB -c -I../Core/Inc -I../Drivers/STM32F1xx_HAL_Driver/Inc -I../Drivers/STM32F1xx_HAL_Driver/Inc/Legacy -I../Drivers/CMSIS/Device/ST/STM32F1xx/Include -I../Drivers/CMSIS/Include -O0 -ffunction-sections -fdata-sections -fno-exceptions -fno-rtti -fno-use-cxa-atexit -Wall -fstack-usage -fcyclomatic-complexity -MMD -MP -MF"Core/Src/timer.d" -MT"Core/Src/timer.o" --specs=nano.specs -mfloat-abi=soft -mthumb -o "Core/Src/timer.o"
In file included from ../Core/Src/gpioElements.cpp:8:
../Core/Inc/gpioElements.hpp: In constructor 'GpioElement::GpioElement(const GPIO_TypeDef*, uint32_t, bool)':
../Core/Inc/gpioElements.hpp:28:30: warning: 'GpioElement::port' will be initialized after [-Wreorder]
   28 |   const GPIO_TypeDef * const port;
      |                              ^~~~
../Core/Inc/gpioElements.hpp:26:18: warning:   'const uint32_t GpioElement::pin' [-Wreorder]
   26 |   const uint32_t pin;
      |                  ^~~
../Core/Src/gpioElements.cpp:10:1: warning:   when initialized here [-Wreorder]
   10 | GpioElement::GpioElement(const GPIO_TypeDef * const port, const uint32_t pin, const bool is_inverted) :
      | ^~~~~~~~~~~
In file included from ../Core/Src/gpioElements.cpp:8:
../Core/Inc/gpioElements.hpp:26:18: warning: 'GpioElement::pin' will be initialized after [-Wreorder]
   26 |   const uint32_t pin;
      |                  ^~~
../Core/Inc/gpioElements.hpp:24:8: warning:   'bool GpioElement::is_inverted' [-Wreorder]
   24 |   bool is_inverted;
      |        ^~~~~~~~~~~
../Core/Src/gpioElements.cpp:10:1: warning:   when initialized here [-Wreorder]
   10 | GpioElement::GpioElement(const GPIO_TypeDef * const port, const uint32_t pin, const bool is_inverted) :
      | ^~~~~~~~~~~
../Core/Src/main.cpp: In function 'int main()':
../Core/Src/main.cpp:340:8: warning: unused variable 'status' [-Wunused-variable]
  340 |   auto status = aq_main_frame.send(hcan);
      |        ^~~~~~
../Core/Src/main.cpp:343:5: warning: unused variable 'chuj' [-Wunused-variable]
  343 | int chuj;
      |     ^~~~
arm-none-eabi-g++ -o "EBS_Supervisor.elf" @"objects.list"   -mcpu=cortex-m3 -T"C:\Users\przem\OneDrive\Pulpit\PUTM\PUTM_DV_ASB_2023\software\EBS_Supervisor\EBS_Supervisor\STM32F103R8TX_FLASH.ld" --specs=nosys.specs -Wl,-Map="EBS_Supervisor.map" -Wl,--gc-sections -static --specs=nano.specs -mfloat-abi=soft -mthumb -Wl,--start-group -lc -lm -lstdc++ -lsupc++ -Wl,--end-group
Finished building target: EBS_Supervisor.elf
 
arm-none-eabi-size   EBS_Supervisor.elf 
arm-none-eabi-objdump -h -S  EBS_Supervisor.elf  > "EBS_Supervisor.list"
   text	   data	    bss	    dec	    hex	filename
  20116	    748	   2012	  22876	   595c	EBS_Supervisor.elf
Finished building: default.size.stdout
 
Finished building: EBS_Supervisor.list
 
21:58:18 **** Incremental Build of configuration Debug for project EBS_Supervisor ****
make -j8 all 
arm-none-eabi-size   EBS_Supervisor.elf 
   text	   data	    bss	    dec	    hex	filename
  20116	    748	   2012	  22876	   595c	EBS_Supervisor.elf
Finished building: default.size.stdout
 
21:58:57 **** Incremental Build of configuration Debug for project EBS_Supervisor ****
make -j8 all 
arm-none-eabi-size   EBS_Supervisor.elf 
   text	   data	    bss	    dec	    hex	filename
  20116	    748	   2012	  22876	   595c	EBS_Supervisor.elf
Finished building: default.size.stdout
 
22:11:11 **** Incremental Build of configuration Debug for project EBS_Supervisor ****
make -j8 all 
arm-none-eabi-g++ "../Core/Src/main.cpp" -mcpu=cortex-m3 -std=gnu++14 -g3 -DDEBUG -DUSE_HAL_DRIVER -DSTM32F103xB -c -I../Core/Inc -I../Drivers/STM32F1xx_HAL_Driver/Inc -I../Drivers/STM32F1xx_HAL_Driver/Inc/Legacy -I../Drivers/CMSIS/Device/ST/STM32F1xx/Include -I../Drivers/CMSIS/Include -O0 -ffunction-sections -fdata-sections -fno-exceptions -fno-rtti -fno-use-cxa-atexit -Wall -fstack-usage -fcyclomatic-complexity -MMD -MP -MF"Core/Src/main.d" -MT"Core/Src/main.o" --specs=nano.specs -mfloat-abi=soft -mthumb -o "Core/Src/main.o"
../Core/Src/main.cpp: In function 'int main()':
../Core/Src/main.cpp:340:8: warning: unused variable 'status' [-Wunused-variable]
  340 |   auto status = aq_main_frame.send(hcan);
      |        ^~~~~~
../Core/Src/main.cpp:343:5: warning: unused variable 'chuj' [-Wunused-variable]
  343 | int chuj;
      |     ^~~~
arm-none-eabi-g++ -o "EBS_Supervisor.elf" @"objects.list"   -mcpu=cortex-m3 -T"C:\Users\przem\OneDrive\Pulpit\PUTM\PUTM_DV_ASB_2023\software\EBS_Supervisor\EBS_Supervisor\STM32F103R8TX_FLASH.ld" --specs=nosys.specs -Wl,-Map="EBS_Supervisor.map" -Wl,--gc-sections -static --specs=nano.specs -mfloat-abi=soft -mthumb -Wl,--start-group -lc -lm -lstdc++ -lsupc++ -Wl,--end-group
Finished building target: EBS_Supervisor.elf
 
arm-none-eabi-size   EBS_Supervisor.elf 
arm-none-eabi-objdump -h -S  EBS_Supervisor.elf  > "EBS_Supervisor.list"
   text	   data	    bss	    dec	    hex	filename
  20108	    748	   2012	  22868	   5954	EBS_Supervisor.elf
Finished building: default.size.stdout
 
Finished building: EBS_Supervisor.list
 
22:11:41 **** Incremental Build of configuration Debug for project EBS_Supervisor ****
make -j8 all 
arm-none-eabi-size   EBS_Supervisor.elf 
   text	   data	    bss	    dec	    hex	filename
  20108	    748	   2012	  22868	   5954	EBS_Supervisor.elf
Finished building: default.size.stdout
 
22:14:36 **** Build of configuration Debug for project EBS_Supervisor_L4 ****
make -j8 all 
arm-none-eabi-gcc "C:/Users/przem/STM32Cube/Repository/STM32Cube_FW_L4_V1.17.2/Drivers/STM32L4xx_HAL_Driver/Src/stm32l4xx_hal.c" -mcpu=cortex-m4 -std=gnu11 -g3 -DDEBUG -DUSE_HAL_DRIVER -DSTM32L4P5xx -c -I../Core/Inc -IC:/Users/przem/STM32Cube/Repository/STM32Cube_FW_L4_V1.17.2/Drivers/STM32L4xx_HAL_Driver/Inc -IC:/Users/przem/STM32Cube/Repository/STM32Cube_FW_L4_V1.17.2/Drivers/STM32L4xx_HAL_Driver/Inc/Legacy -IC:/Users/przem/STM32Cube/Repository/STM32Cube_FW_L4_V1.17.2/Drivers/CMSIS/Device/ST/STM32L4xx/Include -IC:/Users/przem/STM32Cube/Repository/STM32Cube_FW_L4_V1.17.2/Drivers/CMSIS/Include -O0 -ffunction-sections -fdata-sections -Wall -fstack-usage -fcyclomatic-complexity -MMD -MP -MF"Drivers/STM32L4xx_HAL_Driver/stm32l4xx_hal.d" -MT"Drivers/STM32L4xx_HAL_Driver/stm32l4xx_hal.o" --specs=nano.specs -mfpu=fpv4-sp-d16 -mfloat-abi=hard -mthumb -o "Drivers/STM32L4xx_HAL_Driver/stm32l4xx_hal.o"
arm-none-eabi-gcc "C:/Users/przem/STM32Cube/Repository/STM32Cube_FW_L4_V1.17.2/Drivers/STM32L4xx_HAL_Driver/Src/stm32l4xx_hal_cortex.c" -mcpu=cortex-m4 -std=gnu11 -g3 -DDEBUG -DUSE_HAL_DRIVER -DSTM32L4P5xx -c -I../Core/Inc -IC:/Users/przem/STM32Cube/Repository/STM32Cube_FW_L4_V1.17.2/Drivers/STM32L4xx_HAL_Driver/Inc -IC:/Users/przem/STM32Cube/Repository/STM32Cube_FW_L4_V1.17.2/Drivers/STM32L4xx_HAL_Driver/Inc/Legacy -IC:/Users/przem/STM32Cube/Repository/STM32Cube_FW_L4_V1.17.2/Drivers/CMSIS/Device/ST/STM32L4xx/Include -IC:/Users/przem/STM32Cube/Repository/STM32Cube_FW_L4_V1.17.2/Drivers/CMSIS/Include -O0 -ffunction-sections -fdata-sections -Wall -fstack-usage -fcyclomatic-complexity -MMD -MP -MF"Drivers/STM32L4xx_HAL_Driver/stm32l4xx_hal_cortex.d" -MT"Drivers/STM32L4xx_HAL_Driver/stm32l4xx_hal_cortex.o" --specs=nano.specs -mfpu=fpv4-sp-d16 -mfloat-abi=hard -mthumb -o "Drivers/STM32L4xx_HAL_Driver/stm32l4xx_hal_cortex.o"
arm-none-eabi-gcc "C:/Users/przem/STM32Cube/Repository/STM32Cube_FW_L4_V1.17.2/Drivers/STM32L4xx_HAL_Driver/Src/stm32l4xx_hal_dma.c" -mcpu=cortex-m4 -std=gnu11 -g3 -DDEBUG -DUSE_HAL_DRIVER -DSTM32L4P5xx -c -I../Core/Inc -IC:/Users/przem/STM32Cube/Repository/STM32Cube_FW_L4_V1.17.2/Drivers/STM32L4xx_HAL_Driver/Inc -IC:/Users/przem/STM32Cube/Repository/STM32Cube_FW_L4_V1.17.2/Drivers/STM32L4xx_HAL_Driver/Inc/Legacy -IC:/Users/przem/STM32Cube/Repository/STM32Cube_FW_L4_V1.17.2/Drivers/CMSIS/Device/ST/STM32L4xx/Include -IC:/Users/przem/STM32Cube/Repository/STM32Cube_FW_L4_V1.17.2/Drivers/CMSIS/Include -O0 -ffunction-sections -fdata-sections -Wall -fstack-usage -fcyclomatic-complexity -MMD -MP -MF"Drivers/STM32L4xx_HAL_Driver/stm32l4xx_hal_dma.d" -MT"Drivers/STM32L4xx_HAL_Driver/stm32l4xx_hal_dma.o" --specs=nano.specs -mfpu=fpv4-sp-d16 -mfloat-abi=hard -mthumb -o "Drivers/STM32L4xx_HAL_Driver/stm32l4xx_hal_dma.o"
arm-none-eabi-gcc "C:/Users/przem/STM32Cube/Repository/STM32Cube_FW_L4_V1.17.2/Drivers/STM32L4xx_HAL_Driver/Src/stm32l4xx_hal_dma_ex.c" -mcpu=cortex-m4 -std=gnu11 -g3 -DDEBUG -DUSE_HAL_DRIVER -DSTM32L4P5xx -c -I../Core/Inc -IC:/Users/przem/STM32Cube/Repository/STM32Cube_FW_L4_V1.17.2/Drivers/STM32L4xx_HAL_Driver/Inc -IC:/Users/przem/STM32Cube/Repository/STM32Cube_FW_L4_V1.17.2/Drivers/STM32L4xx_HAL_Driver/Inc/Legacy -IC:/Users/przem/STM32Cube/Repository/STM32Cube_FW_L4_V1.17.2/Drivers/CMSIS/Device/ST/STM32L4xx/Include -IC:/Users/przem/STM32Cube/Repository/STM32Cube_FW_L4_V1.17.2/Drivers/CMSIS/Include -O0 -ffunction-sections -fdata-sections -Wall -fstack-usage -fcyclomatic-complexity -MMD -MP -MF"Drivers/STM32L4xx_HAL_Driver/stm32l4xx_hal_dma_ex.d" -MT"Drivers/STM32L4xx_HAL_Driver/stm32l4xx_hal_dma_ex.o" --specs=nano.specs -mfpu=fpv4-sp-d16 -mfloat-abi=hard -mthumb -o "Drivers/STM32L4xx_HAL_Driver/stm32l4xx_hal_dma_ex.o"
arm-none-eabi-gcc "C:/Users/przem/STM32Cube/Repository/STM32Cube_FW_L4_V1.17.2/Drivers/STM32L4xx_HAL_Driver/Src/stm32l4xx_hal_exti.c" -mcpu=cortex-m4 -std=gnu11 -g3 -DDEBUG -DUSE_HAL_DRIVER -DSTM32L4P5xx -c -I../Core/Inc -IC:/Users/przem/STM32Cube/Repository/STM32Cube_FW_L4_V1.17.2/Drivers/STM32L4xx_HAL_Driver/Inc -IC:/Users/przem/STM32Cube/Repository/STM32Cube_FW_L4_V1.17.2/Drivers/STM32L4xx_HAL_Driver/Inc/Legacy -IC:/Users/przem/STM32Cube/Repository/STM32Cube_FW_L4_V1.17.2/Drivers/CMSIS/Device/ST/STM32L4xx/Include -IC:/Users/przem/STM32Cube/Repository/STM32Cube_FW_L4_V1.17.2/Drivers/CMSIS/Include -O0 -ffunction-sections -fdata-sections -Wall -fstack-usage -fcyclomatic-complexity -MMD -MP -MF"Drivers/STM32L4xx_HAL_Driver/stm32l4xx_hal_exti.d" -MT"Drivers/STM32L4xx_HAL_Driver/stm32l4xx_hal_exti.o" --specs=nano.specs -mfpu=fpv4-sp-d16 -mfloat-abi=hard -mthumb -o "Drivers/STM32L4xx_HAL_Driver/stm32l4xx_hal_exti.o"
arm-none-eabi-gcc "C:/Users/przem/STM32Cube/Repository/STM32Cube_FW_L4_V1.17.2/Drivers/STM32L4xx_HAL_Driver/Src/stm32l4xx_hal_flash.c" -mcpu=cortex-m4 -std=gnu11 -g3 -DDEBUG -DUSE_HAL_DRIVER -DSTM32L4P5xx -c -I../Core/Inc -IC:/Users/przem/STM32Cube/Repository/STM32Cube_FW_L4_V1.17.2/Drivers/STM32L4xx_HAL_Driver/Inc -IC:/Users/przem/STM32Cube/Repository/STM32Cube_FW_L4_V1.17.2/Drivers/STM32L4xx_HAL_Driver/Inc/Legacy -IC:/Users/przem/STM32Cube/Repository/STM32Cube_FW_L4_V1.17.2/Drivers/CMSIS/Device/ST/STM32L4xx/Include -IC:/Users/przem/STM32Cube/Repository/STM32Cube_FW_L4_V1.17.2/Drivers/CMSIS/Include -O0 -ffunction-sections -fdata-sections -Wall -fstack-usage -fcyclomatic-complexity -MMD -MP -MF"Drivers/STM32L4xx_HAL_Driver/stm32l4xx_hal_flash.d" -MT"Drivers/STM32L4xx_HAL_Driver/stm32l4xx_hal_flash.o" --specs=nano.specs -mfpu=fpv4-sp-d16 -mfloat-abi=hard -mthumb -o "Drivers/STM32L4xx_HAL_Driver/stm32l4xx_hal_flash.o"
arm-none-eabi-gcc "C:/Users/przem/STM32Cube/Repository/STM32Cube_FW_L4_V1.17.2/Drivers/STM32L4xx_HAL_Driver/Src/stm32l4xx_hal_flash_ex.c" -mcpu=cortex-m4 -std=gnu11 -g3 -DDEBUG -DUSE_HAL_DRIVER -DSTM32L4P5xx -c -I../Core/Inc -IC:/Users/przem/STM32Cube/Repository/STM32Cube_FW_L4_V1.17.2/Drivers/STM32L4xx_HAL_Driver/Inc -IC:/Users/przem/STM32Cube/Repository/STM32Cube_FW_L4_V1.17.2/Drivers/STM32L4xx_HAL_Driver/Inc/Legacy -IC:/Users/przem/STM32Cube/Repository/STM32Cube_FW_L4_V1.17.2/Drivers/CMSIS/Device/ST/STM32L4xx/Include -IC:/Users/przem/STM32Cube/Repository/STM32Cube_FW_L4_V1.17.2/Drivers/CMSIS/Include -O0 -ffunction-sections -fdata-sections -Wall -fstack-usage -fcyclomatic-complexity -MMD -MP -MF"Drivers/STM32L4xx_HAL_Driver/stm32l4xx_hal_flash_ex.d" -MT"Drivers/STM32L4xx_HAL_Driver/stm32l4xx_hal_flash_ex.o" --specs=nano.specs -mfpu=fpv4-sp-d16 -mfloat-abi=hard -mthumb -o "Drivers/STM32L4xx_HAL_Driver/stm32l4xx_hal_flash_ex.o"
arm-none-eabi-gcc "C:/Users/przem/STM32Cube/Repository/STM32Cube_FW_L4_V1.17.2/Drivers/STM32L4xx_HAL_Driver/Src/stm32l4xx_hal_flash_ramfunc.c" -mcpu=cortex-m4 -std=gnu11 -g3 -DDEBUG -DUSE_HAL_DRIVER -DSTM32L4P5xx -c -I../Core/Inc -IC:/Users/przem/STM32Cube/Repository/STM32Cube_FW_L4_V1.17.2/Drivers/STM32L4xx_HAL_Driver/Inc -IC:/Users/przem/STM32Cube/Repository/STM32Cube_FW_L4_V1.17.2/Drivers/STM32L4xx_HAL_Driver/Inc/Legacy -IC:/Users/przem/STM32Cube/Repository/STM32Cube_FW_L4_V1.17.2/Drivers/CMSIS/Device/ST/STM32L4xx/Include -IC:/Users/przem/STM32Cube/Repository/STM32Cube_FW_L4_V1.17.2/Drivers/CMSIS/Include -O0 -ffunction-sections -fdata-sections -Wall -fstack-usage -fcyclomatic-complexity -MMD -MP -MF"Drivers/STM32L4xx_HAL_Driver/stm32l4xx_hal_flash_ramfunc.d" -MT"Drivers/STM32L4xx_HAL_Driver/stm32l4xx_hal_flash_ramfunc.o" --specs=nano.specs -mfpu=fpv4-sp-d16 -mfloat-abi=hard -mthumb -o "Drivers/STM32L4xx_HAL_Driver/stm32l4xx_hal_flash_ramfunc.o"
arm-none-eabi-gcc "C:/Users/przem/STM32Cube/Repository/STM32Cube_FW_L4_V1.17.2/Drivers/STM32L4xx_HAL_Driver/Src/stm32l4xx_hal_gpio.c" -mcpu=cortex-m4 -std=gnu11 -g3 -DDEBUG -DUSE_HAL_DRIVER -DSTM32L4P5xx -c -I../Core/Inc -IC:/Users/przem/STM32Cube/Repository/STM32Cube_FW_L4_V1.17.2/Drivers/STM32L4xx_HAL_Driver/Inc -IC:/Users/przem/STM32Cube/Repository/STM32Cube_FW_L4_V1.17.2/Drivers/STM32L4xx_HAL_Driver/Inc/Legacy -IC:/Users/przem/STM32Cube/Repository/STM32Cube_FW_L4_V1.17.2/Drivers/CMSIS/Device/ST/STM32L4xx/Include -IC:/Users/przem/STM32Cube/Repository/STM32Cube_FW_L4_V1.17.2/Drivers/CMSIS/Include -O0 -ffunction-sections -fdata-sections -Wall -fstack-usage -fcyclomatic-complexity -MMD -MP -MF"Drivers/STM32L4xx_HAL_Driver/stm32l4xx_hal_gpio.d" -MT"Drivers/STM32L4xx_HAL_Driver/stm32l4xx_hal_gpio.o" --specs=nano.specs -mfpu=fpv4-sp-d16 -mfloat-abi=hard -mthumb -o "Drivers/STM32L4xx_HAL_Driver/stm32l4xx_hal_gpio.o"
arm-none-eabi-gcc "C:/Users/przem/STM32Cube/Repository/STM32Cube_FW_L4_V1.17.2/Drivers/STM32L4xx_HAL_Driver/Src/stm32l4xx_hal_pwr.c" -mcpu=cortex-m4 -std=gnu11 -g3 -DDEBUG -DUSE_HAL_DRIVER -DSTM32L4P5xx -c -I../Core/Inc -IC:/Users/przem/STM32Cube/Repository/STM32Cube_FW_L4_V1.17.2/Drivers/STM32L4xx_HAL_Driver/Inc -IC:/Users/przem/STM32Cube/Repository/STM32Cube_FW_L4_V1.17.2/Drivers/STM32L4xx_HAL_Driver/Inc/Legacy -IC:/Users/przem/STM32Cube/Repository/STM32Cube_FW_L4_V1.17.2/Drivers/CMSIS/Device/ST/STM32L4xx/Include -IC:/Users/przem/STM32Cube/Repository/STM32Cube_FW_L4_V1.17.2/Drivers/CMSIS/Include -O0 -ffunction-sections -fdata-sections -Wall -fstack-usage -fcyclomatic-complexity -MMD -MP -MF"Drivers/STM32L4xx_HAL_Driver/stm32l4xx_hal_pwr.d" -MT"Drivers/STM32L4xx_HAL_Driver/stm32l4xx_hal_pwr.o" --specs=nano.specs -mfpu=fpv4-sp-d16 -mfloat-abi=hard -mthumb -o "Drivers/STM32L4xx_HAL_Driver/stm32l4xx_hal_pwr.o"
arm-none-eabi-gcc "C:/Users/przem/STM32Cube/Repository/STM32Cube_FW_L4_V1.17.2/Drivers/STM32L4xx_HAL_Driver/Src/stm32l4xx_hal_pwr_ex.c" -mcpu=cortex-m4 -std=gnu11 -g3 -DDEBUG -DUSE_HAL_DRIVER -DSTM32L4P5xx -c -I../Core/Inc -IC:/Users/przem/STM32Cube/Repository/STM32Cube_FW_L4_V1.17.2/Drivers/STM32L4xx_HAL_Driver/Inc -IC:/Users/przem/STM32Cube/Repository/STM32Cube_FW_L4_V1.17.2/Drivers/STM32L4xx_HAL_Driver/Inc/Legacy -IC:/Users/przem/STM32Cube/Repository/STM32Cube_FW_L4_V1.17.2/Drivers/CMSIS/Device/ST/STM32L4xx/Include -IC:/Users/przem/STM32Cube/Repository/STM32Cube_FW_L4_V1.17.2/Drivers/CMSIS/Include -O0 -ffunction-sections -fdata-sections -Wall -fstack-usage -fcyclomatic-complexity -MMD -MP -MF"Drivers/STM32L4xx_HAL_Driver/stm32l4xx_hal_pwr_ex.d" -MT"Drivers/STM32L4xx_HAL_Driver/stm32l4xx_hal_pwr_ex.o" --specs=nano.specs -mfpu=fpv4-sp-d16 -mfloat-abi=hard -mthumb -o "Drivers/STM32L4xx_HAL_Driver/stm32l4xx_hal_pwr_ex.o"
arm-none-eabi-gcc "C:/Users/przem/STM32Cube/Repository/STM32Cube_FW_L4_V1.17.2/Drivers/STM32L4xx_HAL_Driver/Src/stm32l4xx_hal_rcc.c" -mcpu=cortex-m4 -std=gnu11 -g3 -DDEBUG -DUSE_HAL_DRIVER -DSTM32L4P5xx -c -I../Core/Inc -IC:/Users/przem/STM32Cube/Repository/STM32Cube_FW_L4_V1.17.2/Drivers/STM32L4xx_HAL_Driver/Inc -IC:/Users/przem/STM32Cube/Repository/STM32Cube_FW_L4_V1.17.2/Drivers/STM32L4xx_HAL_Driver/Inc/Legacy -IC:/Users/przem/STM32Cube/Repository/STM32Cube_FW_L4_V1.17.2/Drivers/CMSIS/Device/ST/STM32L4xx/Include -IC:/Users/przem/STM32Cube/Repository/STM32Cube_FW_L4_V1.17.2/Drivers/CMSIS/Include -O0 -ffunction-sections -fdata-sections -Wall -fstack-usage -fcyclomatic-complexity -MMD -MP -MF"Drivers/STM32L4xx_HAL_Driver/stm32l4xx_hal_rcc.d" -MT"Drivers/STM32L4xx_HAL_Driver/stm32l4xx_hal_rcc.o" --specs=nano.specs -mfpu=fpv4-sp-d16 -mfloat-abi=hard -mthumb -o "Drivers/STM32L4xx_HAL_Driver/stm32l4xx_hal_rcc.o"
arm-none-eabi-gcc "C:/Users/przem/STM32Cube/Repository/STM32Cube_FW_L4_V1.17.2/Drivers/STM32L4xx_HAL_Driver/Src/stm32l4xx_hal_rcc_ex.c" -mcpu=cortex-m4 -std=gnu11 -g3 -DDEBUG -DUSE_HAL_DRIVER -DSTM32L4P5xx -c -I../Core/Inc -IC:/Users/przem/STM32Cube/Repository/STM32Cube_FW_L4_V1.17.2/Drivers/STM32L4xx_HAL_Driver/Inc -IC:/Users/przem/STM32Cube/Repository/STM32Cube_FW_L4_V1.17.2/Drivers/STM32L4xx_HAL_Driver/Inc/Legacy -IC:/Users/przem/STM32Cube/Repository/STM32Cube_FW_L4_V1.17.2/Drivers/CMSIS/Device/ST/STM32L4xx/Include -IC:/Users/przem/STM32Cube/Repository/STM32Cube_FW_L4_V1.17.2/Drivers/CMSIS/Include -O0 -ffunction-sections -fdata-sections -Wall -fstack-usage -fcyclomatic-complexity -MMD -MP -MF"Drivers/STM32L4xx_HAL_Driver/stm32l4xx_hal_rcc_ex.d" -MT"Drivers/STM32L4xx_HAL_Driver/stm32l4xx_hal_rcc_ex.o" --specs=nano.specs -mfpu=fpv4-sp-d16 -mfloat-abi=hard -mthumb -o "Drivers/STM32L4xx_HAL_Driver/stm32l4xx_hal_rcc_ex.o"
arm-none-eabi-gcc "C:/Users/przem/STM32Cube/Repository/STM32Cube_FW_L4_V1.17.2/Drivers/STM32L4xx_HAL_Driver/Src/stm32l4xx_hal_tim.c" -mcpu=cortex-m4 -std=gnu11 -g3 -DDEBUG -DUSE_HAL_DRIVER -DSTM32L4P5xx -c -I../Core/Inc -IC:/Users/przem/STM32Cube/Repository/STM32Cube_FW_L4_V1.17.2/Drivers/STM32L4xx_HAL_Driver/Inc -IC:/Users/przem/STM32Cube/Repository/STM32Cube_FW_L4_V1.17.2/Drivers/STM32L4xx_HAL_Driver/Inc/Legacy -IC:/Users/przem/STM32Cube/Repository/STM32Cube_FW_L4_V1.17.2/Drivers/CMSIS/Device/ST/STM32L4xx/Include -IC:/Users/przem/STM32Cube/Repository/STM32Cube_FW_L4_V1.17.2/Drivers/CMSIS/Include -O0 -ffunction-sections -fdata-sections -Wall -fstack-usage -fcyclomatic-complexity -MMD -MP -MF"Drivers/STM32L4xx_HAL_Driver/stm32l4xx_hal_tim.d" -MT"Drivers/STM32L4xx_HAL_Driver/stm32l4xx_hal_tim.o" --specs=nano.specs -mfpu=fpv4-sp-d16 -mfloat-abi=hard -mthumb -o "Drivers/STM32L4xx_HAL_Driver/stm32l4xx_hal_tim.o"
arm-none-eabi-gcc "C:/Users/przem/STM32Cube/Repository/STM32Cube_FW_L4_V1.17.2/Drivers/STM32L4xx_HAL_Driver/Src/stm32l4xx_hal_tim_ex.c" -mcpu=cortex-m4 -std=gnu11 -g3 -DDEBUG -DUSE_HAL_DRIVER -DSTM32L4P5xx -c -I../Core/Inc -IC:/Users/przem/STM32Cube/Repository/STM32Cube_FW_L4_V1.17.2/Drivers/STM32L4xx_HAL_Driver/Inc -IC:/Users/przem/STM32Cube/Repository/STM32Cube_FW_L4_V1.17.2/Drivers/STM32L4xx_HAL_Driver/Inc/Legacy -IC:/Users/przem/STM32Cube/Repository/STM32Cube_FW_L4_V1.17.2/Drivers/CMSIS/Device/ST/STM32L4xx/Include -IC:/Users/przem/STM32Cube/Repository/STM32Cube_FW_L4_V1.17.2/Drivers/CMSIS/Include -O0 -ffunction-sections -fdata-sections -Wall -fstack-usage -fcyclomatic-complexity -MMD -MP -MF"Drivers/STM32L4xx_HAL_Driver/stm32l4xx_hal_tim_ex.d" -MT"Drivers/STM32L4xx_HAL_Driver/stm32l4xx_hal_tim_ex.o" --specs=nano.specs -mfpu=fpv4-sp-d16 -mfloat-abi=hard -mthumb -o "Drivers/STM32L4xx_HAL_Driver/stm32l4xx_hal_tim_ex.o"
arm-none-eabi-gcc -mcpu=cortex-m4 -g3 -DDEBUG -c -x assembler-with-cpp -MMD -MP -MF"Core/Startup/startup_stm32l4p5retx.d" -MT"Core/Startup/startup_stm32l4p5retx.o" --specs=nano.specs -mfpu=fpv4-sp-d16 -mfloat-abi=hard -mthumb -o "Core/Startup/startup_stm32l4p5retx.o" "../Core/Startup/startup_stm32l4p5retx.s"
arm-none-eabi-gcc "../Core/Src/main.c" -mcpu=cortex-m4 -std=gnu11 -g3 -DDEBUG -DUSE_HAL_DRIVER -DSTM32L4P5xx -c -I../Core/Inc -IC:/Users/przem/STM32Cube/Repository/STM32Cube_FW_L4_V1.17.2/Drivers/STM32L4xx_HAL_Driver/Inc -IC:/Users/przem/STM32Cube/Repository/STM32Cube_FW_L4_V1.17.2/Drivers/STM32L4xx_HAL_Driver/Inc/Legacy -IC:/Users/przem/STM32Cube/Repository/STM32Cube_FW_L4_V1.17.2/Drivers/CMSIS/Device/ST/STM32L4xx/Include -IC:/Users/przem/STM32Cube/Repository/STM32Cube_FW_L4_V1.17.2/Drivers/CMSIS/Include -O0 -ffunction-sections -fdata-sections -Wall -fstack-usage -fcyclomatic-complexity -MMD -MP -MF"Core/Src/main.d" -MT"Core/Src/main.o" --specs=nano.specs -mfpu=fpv4-sp-d16 -mfloat-abi=hard -mthumb -o "Core/Src/main.o"
arm-none-eabi-gcc "../Core/Src/stm32l4xx_hal_msp.c" -mcpu=cortex-m4 -std=gnu11 -g3 -DDEBUG -DUSE_HAL_DRIVER -DSTM32L4P5xx -c -I../Core/Inc -IC:/Users/przem/STM32Cube/Repository/STM32Cube_FW_L4_V1.17.2/Drivers/STM32L4xx_HAL_Driver/Inc -IC:/Users/przem/STM32Cube/Repository/STM32Cube_FW_L4_V1.17.2/Drivers/STM32L4xx_HAL_Driver/Inc/Legacy -IC:/Users/przem/STM32Cube/Repository/STM32Cube_FW_L4_V1.17.2/Drivers/CMSIS/Device/ST/STM32L4xx/Include -IC:/Users/przem/STM32Cube/Repository/STM32Cube_FW_L4_V1.17.2/Drivers/CMSIS/Include -O0 -ffunction-sections -fdata-sections -Wall -fstack-usage -fcyclomatic-complexity -MMD -MP -MF"Core/Src/stm32l4xx_hal_msp.d" -MT"Core/Src/stm32l4xx_hal_msp.o" --specs=nano.specs -mfpu=fpv4-sp-d16 -mfloat-abi=hard -mthumb -o "Core/Src/stm32l4xx_hal_msp.o"
arm-none-eabi-gcc "../Core/Src/stm32l4xx_it.c" -mcpu=cortex-m4 -std=gnu11 -g3 -DDEBUG -DUSE_HAL_DRIVER -DSTM32L4P5xx -c -I../Core/Inc -IC:/Users/przem/STM32Cube/Repository/STM32Cube_FW_L4_V1.17.2/Drivers/STM32L4xx_HAL_Driver/Inc -IC:/Users/przem/STM32Cube/Repository/STM32Cube_FW_L4_V1.17.2/Drivers/STM32L4xx_HAL_Driver/Inc/Legacy -IC:/Users/przem/STM32Cube/Repository/STM32Cube_FW_L4_V1.17.2/Drivers/CMSIS/Device/ST/STM32L4xx/Include -IC:/Users/przem/STM32Cube/Repository/STM32Cube_FW_L4_V1.17.2/Drivers/CMSIS/Include -O0 -ffunction-sections -fdata-sections -Wall -fstack-usage -fcyclomatic-complexity -MMD -MP -MF"Core/Src/stm32l4xx_it.d" -MT"Core/Src/stm32l4xx_it.o" --specs=nano.specs -mfpu=fpv4-sp-d16 -mfloat-abi=hard -mthumb -o "Core/Src/stm32l4xx_it.o"
arm-none-eabi-gcc "../Core/Src/syscalls.c" -mcpu=cortex-m4 -std=gnu11 -g3 -DDEBUG -DUSE_HAL_DRIVER -DSTM32L4P5xx -c -I../Core/Inc -IC:/Users/przem/STM32Cube/Repository/STM32Cube_FW_L4_V1.17.2/Drivers/STM32L4xx_HAL_Driver/Inc -IC:/Users/przem/STM32Cube/Repository/STM32Cube_FW_L4_V1.17.2/Drivers/STM32L4xx_HAL_Driver/Inc/Legacy -IC:/Users/przem/STM32Cube/Repository/STM32Cube_FW_L4_V1.17.2/Drivers/CMSIS/Device/ST/STM32L4xx/Include -IC:/Users/przem/STM32Cube/Repository/STM32Cube_FW_L4_V1.17.2/Drivers/CMSIS/Include -O0 -ffunction-sections -fdata-sections -Wall -fstack-usage -fcyclomatic-complexity -MMD -MP -MF"Core/Src/syscalls.d" -MT"Core/Src/syscalls.o" --specs=nano.specs -mfpu=fpv4-sp-d16 -mfloat-abi=hard -mthumb -o "Core/Src/syscalls.o"
arm-none-eabi-gcc "../Core/Src/sysmem.c" -mcpu=cortex-m4 -std=gnu11 -g3 -DDEBUG -DUSE_HAL_DRIVER -DSTM32L4P5xx -c -I../Core/Inc -IC:/Users/przem/STM32Cube/Repository/STM32Cube_FW_L4_V1.17.2/Drivers/STM32L4xx_HAL_Driver/Inc -IC:/Users/przem/STM32Cube/Repository/STM32Cube_FW_L4_V1.17.2/Drivers/STM32L4xx_HAL_Driver/Inc/Legacy -IC:/Users/przem/STM32Cube/Repository/STM32Cube_FW_L4_V1.17.2/Drivers/CMSIS/Device/ST/STM32L4xx/Include -IC:/Users/przem/STM32Cube/Repository/STM32Cube_FW_L4_V1.17.2/Drivers/CMSIS/Include -O0 -ffunction-sections -fdata-sections -Wall -fstack-usage -fcyclomatic-complexity -MMD -MP -MF"Core/Src/sysmem.d" -MT"Core/Src/sysmem.o" --specs=nano.specs -mfpu=fpv4-sp-d16 -mfloat-abi=hard -mthumb -o "Core/Src/sysmem.o"
arm-none-eabi-gcc "../Core/Src/system_stm32l4xx.c" -mcpu=cortex-m4 -std=gnu11 -g3 -DDEBUG -DUSE_HAL_DRIVER -DSTM32L4P5xx -c -I../Core/Inc -IC:/Users/przem/STM32Cube/Repository/STM32Cube_FW_L4_V1.17.2/Drivers/STM32L4xx_HAL_Driver/Inc -IC:/Users/przem/STM32Cube/Repository/STM32Cube_FW_L4_V1.17.2/Drivers/STM32L4xx_HAL_Driver/Inc/Legacy -IC:/Users/przem/STM32Cube/Repository/STM32Cube_FW_L4_V1.17.2/Drivers/CMSIS/Device/ST/STM32L4xx/Include -IC:/Users/przem/STM32Cube/Repository/STM32Cube_FW_L4_V1.17.2/Drivers/CMSIS/Include -O0 -ffunction-sections -fdata-sections -Wall -fstack-usage -fcyclomatic-complexity -MMD -MP -MF"Core/Src/system_stm32l4xx.d" -MT"Core/Src/system_stm32l4xx.o" --specs=nano.specs -mfpu=fpv4-sp-d16 -mfloat-abi=hard -mthumb -o "Core/Src/system_stm32l4xx.o"
arm-none-eabi-g++ -o "EBS_Supervisor_L4.elf" @"objects.list"   -mcpu=cortex-m4 -T"C:\Users\przem\OneDrive\Pulpit\PUTM\PUTM_DV_ASB_2023\software\EBS_Supervisor_L4\STM32L4P5RETX_FLASH.ld" --specs=nosys.specs -Wl,-Map="EBS_Supervisor_L4.map" -Wl,--gc-sections -static --specs=nano.specs -mfpu=fpv4-sp-d16 -mfloat-abi=hard -mthumb -Wl,--start-group -lc -lm -lstdc++ -lsupc++ -Wl,--end-group
Finished building target: EBS_Supervisor_L4.elf
 
arm-none-eabi-size   EBS_Supervisor_L4.elf 
arm-none-eabi-objdump -h -S  EBS_Supervisor_L4.elf  > "EBS_Supervisor_L4.list"
   text	   data	    bss	    dec	    hex	filename
   6788	     20	   1572	   8380	   20bc	EBS_Supervisor_L4.elf
Finished building: default.size.stdout
 
Finished building: EBS_Supervisor_L4.list
 
22:15:01 **** Incremental Build of configuration Debug for project EBS_Supervisor_L4 ****
make -j8 all 
arm-none-eabi-gcc "../Core/Src/main.c" -mcpu=cortex-m4 -std=gnu11 -g3 -DDEBUG -DUSE_HAL_DRIVER -DSTM32L4P5xx -c -I../Core/Inc -IC:/Users/przem/STM32Cube/Repository/STM32Cube_FW_L4_V1.17.2/Drivers/STM32L4xx_HAL_Driver/Inc -IC:/Users/przem/STM32Cube/Repository/STM32Cube_FW_L4_V1.17.2/Drivers/STM32L4xx_HAL_Driver/Inc/Legacy -IC:/Users/przem/STM32Cube/Repository/STM32Cube_FW_L4_V1.17.2/Drivers/CMSIS/Device/ST/STM32L4xx/Include -IC:/Users/przem/STM32Cube/Repository/STM32Cube_FW_L4_V1.17.2/Drivers/CMSIS/Include -O0 -ffunction-sections -fdata-sections -Wall -fstack-usage -fcyclomatic-complexity -MMD -MP -MF"Core/Src/main.d" -MT"Core/Src/main.o" --specs=nano.specs -mfpu=fpv4-sp-d16 -mfloat-abi=hard -mthumb -o "Core/Src/main.o"
arm-none-eabi-g++ -o "EBS_Supervisor_L4.elf" @"objects.list"   -mcpu=cortex-m4 -T"C:\Users\przem\OneDrive\Pulpit\PUTM\PUTM_DV_ASB_2023\software\EBS_Supervisor_L4\STM32L4P5RETX_FLASH.ld" --specs=nosys.specs -Wl,-Map="EBS_Supervisor_L4.map" -Wl,--gc-sections -static --specs=nano.specs -mfpu=fpv4-sp-d16 -mfloat-abi=hard -mthumb -Wl,--start-group -lc -lm -lstdc++ -lsupc++ -Wl,--end-group
Finished building target: EBS_Supervisor_L4.elf
 
arm-none-eabi-size   EBS_Supervisor_L4.elf 
arm-none-eabi-objdump -h -S  EBS_Supervisor_L4.elf  > "EBS_Supervisor_L4.list"
   text	   data	    bss	    dec	    hex	filename
   6940	     20	   1572	   8532	   2154	EBS_Supervisor_L4.elf
Finished building: default.size.stdout
 
Finished building: EBS_Supervisor_L4.list
 
22:16:31 **** Incremental Build of configuration Debug for project EBS_Supervisor ****
make -j8 all 
arm-none-eabi-size   EBS_Supervisor.elf 
   text	   data	    bss	    dec	    hex	filename
  20108	    748	   2012	  22868	   5954	EBS_Supervisor.elf
Finished building: default.size.stdout
 
22:16:32 **** Incremental Build of configuration Debug for project EBS_Supervisor_L4 ****
make -j8 all 
arm-none-eabi-gcc "../Core/Src/main.c" -mcpu=cortex-m4 -std=gnu11 -g3 -DDEBUG -DUSE_HAL_DRIVER -DSTM32L4P5xx -c -I../Core/Inc -IC:/Users/przem/STM32Cube/Repository/STM32Cube_FW_L4_V1.17.2/Drivers/STM32L4xx_HAL_Driver/Inc -IC:/Users/przem/STM32Cube/Repository/STM32Cube_FW_L4_V1.17.2/Drivers/STM32L4xx_HAL_Driver/Inc/Legacy -IC:/Users/przem/STM32Cube/Repository/STM32Cube_FW_L4_V1.17.2/Drivers/CMSIS/Device/ST/STM32L4xx/Include -IC:/Users/przem/STM32Cube/Repository/STM32Cube_FW_L4_V1.17.2/Drivers/CMSIS/Include -O0 -ffunction-sections -fdata-sections -Wall -fstack-usage -fcyclomatic-complexity -MMD -MP -MF"Core/Src/main.d" -MT"Core/Src/main.o" --specs=nano.specs -mfpu=fpv4-sp-d16 -mfloat-abi=hard -mthumb -o "Core/Src/main.o"
arm-none-eabi-g++ -o "EBS_Supervisor_L4.elf" @"objects.list"   -mcpu=cortex-m4 -T"C:\Users\przem\OneDrive\Pulpit\PUTM\PUTM_DV_ASB_2023\software\EBS_Supervisor_L4\STM32L4P5RETX_FLASH.ld" --specs=nosys.specs -Wl,-Map="EBS_Supervisor_L4.map" -Wl,--gc-sections -static --specs=nano.specs -mfpu=fpv4-sp-d16 -mfloat-abi=hard -mthumb -Wl,--start-group -lc -lm -lstdc++ -lsupc++ -Wl,--end-group
Finished building target: EBS_Supervisor_L4.elf
 
arm-none-eabi-size   EBS_Supervisor_L4.elf 
arm-none-eabi-objdump -h -S  EBS_Supervisor_L4.elf  > "EBS_Supervisor_L4.list"
   text	   data	    bss	    dec	    hex	filename
   6892	     20	   1572	   8484	   2124	EBS_Supervisor_L4.elf
Finished building: default.size.stdout
 
Finished building: EBS_Supervisor_L4.list
 
22:16:41 **** Incremental Build of configuration Debug for project EBS_Supervisor ****
make -j8 all 
arm-none-eabi-size   EBS_Supervisor.elf 
   text	   data	    bss	    dec	    hex	filename
  20108	    748	   2012	  22868	   5954	EBS_Supervisor.elf
Finished building: default.size.stdout
 
22:16:42 **** Incremental Build of configuration Debug for project EBS_Supervisor_L4 ****
make -j8 all 
arm-none-eabi-gcc "../Core/Src/main.c" -mcpu=cortex-m4 -std=gnu11 -g3 -DDEBUG -DUSE_HAL_DRIVER -DSTM32L4P5xx -c -I../Core/Inc -IC:/Users/przem/STM32Cube/Repository/STM32Cube_FW_L4_V1.17.2/Drivers/STM32L4xx_HAL_Driver/Inc -IC:/Users/przem/STM32Cube/Repository/STM32Cube_FW_L4_V1.17.2/Drivers/STM32L4xx_HAL_Driver/Inc/Legacy -IC:/Users/przem/STM32Cube/Repository/STM32Cube_FW_L4_V1.17.2/Drivers/CMSIS/Device/ST/STM32L4xx/Include -IC:/Users/przem/STM32Cube/Repository/STM32Cube_FW_L4_V1.17.2/Drivers/CMSIS/Include -O0 -ffunction-sections -fdata-sections -Wall -fstack-usage -fcyclomatic-complexity -MMD -MP -MF"Core/Src/main.d" -MT"Core/Src/main.o" --specs=nano.specs -mfpu=fpv4-sp-d16 -mfloat-abi=hard -mthumb -o "Core/Src/main.o"
arm-none-eabi-g++ -o "EBS_Supervisor_L4.elf" @"objects.list"   -mcpu=cortex-m4 -T"C:\Users\przem\OneDrive\Pulpit\PUTM\PUTM_DV_ASB_2023\software\EBS_Supervisor_L4\STM32L4P5RETX_FLASH.ld" --specs=nosys.specs -Wl,-Map="EBS_Supervisor_L4.map" -Wl,--gc-sections -static --specs=nano.specs -mfpu=fpv4-sp-d16 -mfloat-abi=hard -mthumb -Wl,--start-group -lc -lm -lstdc++ -lsupc++ -Wl,--end-group
Finished building target: EBS_Supervisor_L4.elf
 
arm-none-eabi-size   EBS_Supervisor_L4.elf 
arm-none-eabi-objdump -h -S  EBS_Supervisor_L4.elf  > "EBS_Supervisor_L4.list"
   text	   data	    bss	    dec	    hex	filename
   6892	     20	   1572	   8484	   2124	EBS_Supervisor_L4.elf
Finished building: default.size.stdout
 
Finished building: EBS_Supervisor_L4.list
 
22:16:52 **** Incremental Build of configuration Debug for project EBS_Supervisor ****
make -j8 all 
arm-none-eabi-size   EBS_Supervisor.elf 
   text	   data	    bss	    dec	    hex	filename
  20108	    748	   2012	  22868	   5954	EBS_Supervisor.elf
Finished building: default.size.stdout
 
22:16:52 **** Incremental Build of configuration Debug for project EBS_Supervisor_L4 ****
make -j8 all 
arm-none-eabi-gcc "../Core/Src/main.c" -mcpu=cortex-m4 -std=gnu11 -g3 -DDEBUG -DUSE_HAL_DRIVER -DSTM32L4P5xx -c -I../Core/Inc -IC:/Users/przem/STM32Cube/Repository/STM32Cube_FW_L4_V1.17.2/Drivers/STM32L4xx_HAL_Driver/Inc -IC:/Users/przem/STM32Cube/Repository/STM32Cube_FW_L4_V1.17.2/Drivers/STM32L4xx_HAL_Driver/Inc/Legacy -IC:/Users/przem/STM32Cube/Repository/STM32Cube_FW_L4_V1.17.2/Drivers/CMSIS/Device/ST/STM32L4xx/Include -IC:/Users/przem/STM32Cube/Repository/STM32Cube_FW_L4_V1.17.2/Drivers/CMSIS/Include -O0 -ffunction-sections -fdata-sections -Wall -fstack-usage -fcyclomatic-complexity -MMD -MP -MF"Core/Src/main.d" -MT"Core/Src/main.o" --specs=nano.specs -mfpu=fpv4-sp-d16 -mfloat-abi=hard -mthumb -o "Core/Src/main.o"
arm-none-eabi-g++ -o "EBS_Supervisor_L4.elf" @"objects.list"   -mcpu=cortex-m4 -T"C:\Users\przem\OneDrive\Pulpit\PUTM\PUTM_DV_ASB_2023\software\EBS_Supervisor_L4\STM32L4P5RETX_FLASH.ld" --specs=nosys.specs -Wl,-Map="EBS_Supervisor_L4.map" -Wl,--gc-sections -static --specs=nano.specs -mfpu=fpv4-sp-d16 -mfloat-abi=hard -mthumb -Wl,--start-group -lc -lm -lstdc++ -lsupc++ -Wl,--end-group
Finished building target: EBS_Supervisor_L4.elf
 
arm-none-eabi-size   EBS_Supervisor_L4.elf 
arm-none-eabi-objdump -h -S  EBS_Supervisor_L4.elf  > "EBS_Supervisor_L4.list"
   text	   data	    bss	    dec	    hex	filename
   6888	     20	   1572	   8480	   2120	EBS_Supervisor_L4.elf
Finished building: default.size.stdout
 
Finished building: EBS_Supervisor_L4.list
 
22:16:56 **** Incremental Build of configuration Debug for project EBS_Supervisor_L4 ****
make -j8 all 
arm-none-eabi-size   EBS_Supervisor_L4.elf 
   text	   data	    bss	    dec	    hex	filename
   6888	     20	   1572	   8480	   2120	EBS_Supervisor_L4.elf
Finished building: default.size.stdout
 
22:17:46 **** Incremental Build of configuration Debug for project EBS_Supervisor_L4 ****
make -j8 all 
arm-none-eabi-size   EBS_Supervisor_L4.elf 
   text	   data	    bss	    dec	    hex	filename
   6888	     20	   1572	   8480	   2120	EBS_Supervisor_L4.elf
Finished building: default.size.stdout
 
22:19:36 **** Incremental Build of configuration Debug for project EBS_Supervisor_L4 ****
make -j8 all 
arm-none-eabi-size   EBS_Supervisor_L4.elf 
   text	   data	    bss	    dec	    hex	filename
   6888	     20	   1572	   8480	   2120	EBS_Supervisor_L4.elf
Finished building: default.size.stdout
 
22:19:40 **** Incremental Build of configuration Debug for project EBS_Supervisor_L4 ****
make -j8 all 
arm-none-eabi-size   EBS_Supervisor_L4.elf 
   text	   data	    bss	    dec	    hex	filename
   6888	     20	   1572	   8480	   2120	EBS_Supervisor_L4.elf
Finished building: default.size.stdout
 
17:53:16 **** Incremental Build of configuration Debug for project EBS_Supervisor_L4 ****
make -j8 all 
arm-none-eabi-gcc "../Core/Src/main.c" -mcpu=cortex-m4 -std=gnu11 -g3 -DDEBUG -DUSE_HAL_DRIVER -DSTM32L4P5xx -c -I../Core/Inc -IC:/Users/przem/STM32Cube/Repository/STM32Cube_FW_L4_V1.17.2/Drivers/STM32L4xx_HAL_Driver/Inc -IC:/Users/przem/STM32Cube/Repository/STM32Cube_FW_L4_V1.17.2/Drivers/STM32L4xx_HAL_Driver/Inc/Legacy -IC:/Users/przem/STM32Cube/Repository/STM32Cube_FW_L4_V1.17.2/Drivers/CMSIS/Device/ST/STM32L4xx/Include -IC:/Users/przem/STM32Cube/Repository/STM32Cube_FW_L4_V1.17.2/Drivers/CMSIS/Include -O0 -ffunction-sections -fdata-sections -Wall -fstack-usage -fcyclomatic-complexity -MMD -MP -MF"Core/Src/main.d" -MT"Core/Src/main.o" --specs=nano.specs -mfpu=fpv4-sp-d16 -mfloat-abi=hard -mthumb -o "Core/Src/main.o"
arm-none-eabi-g++ -o "EBS_Supervisor_L4.elf" @"objects.list"   -mcpu=cortex-m4 -T"C:\Users\przem\OneDrive\Pulpit\PUTM\PUTM_DV_ASB_2023\software\EBS_Supervisor_L4\STM32L4P5RETX_FLASH.ld" --specs=nosys.specs -Wl,-Map="EBS_Supervisor_L4.map" -Wl,--gc-sections -static --specs=nano.specs -mfpu=fpv4-sp-d16 -mfloat-abi=hard -mthumb -Wl,--start-group -lc -lm -lstdc++ -lsupc++ -Wl,--end-group
Finished building target: EBS_Supervisor_L4.elf
 
arm-none-eabi-size   EBS_Supervisor_L4.elf 
arm-none-eabi-objdump -h -S  EBS_Supervisor_L4.elf  > "EBS_Supervisor_L4.list"
   text	   data	    bss	    dec	    hex	filename
   6928	     20	   1572	   8520	   2148	EBS_Supervisor_L4.elf
Finished building: default.size.stdout
 
Finished building: EBS_Supervisor_L4.list
 
18:58:16 **** Incremental Build of configuration Debug for project EBS_Supervisor_L4 ****
make -j8 all 
arm-none-eabi-gcc "C:/Users/przem/STM32Cube/Repository/STM32Cube_FW_L4_V1.17.2/Drivers/STM32L4xx_HAL_Driver/Src/stm32l4xx_hal.c" -mcpu=cortex-m4 -std=gnu11 -g3 -DDEBUG -DUSE_HAL_DRIVER -DSTM32L4P5xx -c -I../Core/Inc -IC:/Users/przem/STM32Cube/Repository/STM32Cube_FW_L4_V1.17.2/Drivers/STM32L4xx_HAL_Driver/Inc -IC:/Users/przem/STM32Cube/Repository/STM32Cube_FW_L4_V1.17.2/Drivers/STM32L4xx_HAL_Driver/Inc/Legacy -IC:/Users/przem/STM32Cube/Repository/STM32Cube_FW_L4_V1.17.2/Drivers/CMSIS/Device/ST/STM32L4xx/Include -IC:/Users/przem/STM32Cube/Repository/STM32Cube_FW_L4_V1.17.2/Drivers/CMSIS/Include -O0 -ffunction-sections -fdata-sections -Wall -fstack-usage -fcyclomatic-complexity -MMD -MP -MF"Drivers/STM32L4xx_HAL_Driver/stm32l4xx_hal.d" -MT"Drivers/STM32L4xx_HAL_Driver/stm32l4xx_hal.o" --specs=nano.specs -mfpu=fpv4-sp-d16 -mfloat-abi=hard -mthumb -o "Drivers/STM32L4xx_HAL_Driver/stm32l4xx_hal.o"
arm-none-eabi-gcc "C:/Users/przem/STM32Cube/Repository/STM32Cube_FW_L4_V1.17.2/Drivers/STM32L4xx_HAL_Driver/Src/stm32l4xx_hal_cortex.c" -mcpu=cortex-m4 -std=gnu11 -g3 -DDEBUG -DUSE_HAL_DRIVER -DSTM32L4P5xx -c -I../Core/Inc -IC:/Users/przem/STM32Cube/Repository/STM32Cube_FW_L4_V1.17.2/Drivers/STM32L4xx_HAL_Driver/Inc -IC:/Users/przem/STM32Cube/Repository/STM32Cube_FW_L4_V1.17.2/Drivers/STM32L4xx_HAL_Driver/Inc/Legacy -IC:/Users/przem/STM32Cube/Repository/STM32Cube_FW_L4_V1.17.2/Drivers/CMSIS/Device/ST/STM32L4xx/Include -IC:/Users/przem/STM32Cube/Repository/STM32Cube_FW_L4_V1.17.2/Drivers/CMSIS/Include -O0 -ffunction-sections -fdata-sections -Wall -fstack-usage -fcyclomatic-complexity -MMD -MP -MF"Drivers/STM32L4xx_HAL_Driver/stm32l4xx_hal_cortex.d" -MT"Drivers/STM32L4xx_HAL_Driver/stm32l4xx_hal_cortex.o" --specs=nano.specs -mfpu=fpv4-sp-d16 -mfloat-abi=hard -mthumb -o "Drivers/STM32L4xx_HAL_Driver/stm32l4xx_hal_cortex.o"
arm-none-eabi-gcc "C:/Users/przem/STM32Cube/Repository/STM32Cube_FW_L4_V1.17.2/Drivers/STM32L4xx_HAL_Driver/Src/stm32l4xx_hal_dma.c" -mcpu=cortex-m4 -std=gnu11 -g3 -DDEBUG -DUSE_HAL_DRIVER -DSTM32L4P5xx -c -I../Core/Inc -IC:/Users/przem/STM32Cube/Repository/STM32Cube_FW_L4_V1.17.2/Drivers/STM32L4xx_HAL_Driver/Inc -IC:/Users/przem/STM32Cube/Repository/STM32Cube_FW_L4_V1.17.2/Drivers/STM32L4xx_HAL_Driver/Inc/Legacy -IC:/Users/przem/STM32Cube/Repository/STM32Cube_FW_L4_V1.17.2/Drivers/CMSIS/Device/ST/STM32L4xx/Include -IC:/Users/przem/STM32Cube/Repository/STM32Cube_FW_L4_V1.17.2/Drivers/CMSIS/Include -O0 -ffunction-sections -fdata-sections -Wall -fstack-usage -fcyclomatic-complexity -MMD -MP -MF"Drivers/STM32L4xx_HAL_Driver/stm32l4xx_hal_dma.d" -MT"Drivers/STM32L4xx_HAL_Driver/stm32l4xx_hal_dma.o" --specs=nano.specs -mfpu=fpv4-sp-d16 -mfloat-abi=hard -mthumb -o "Drivers/STM32L4xx_HAL_Driver/stm32l4xx_hal_dma.o"
arm-none-eabi-gcc "C:/Users/przem/STM32Cube/Repository/STM32Cube_FW_L4_V1.17.2/Drivers/STM32L4xx_HAL_Driver/Src/stm32l4xx_hal_dma_ex.c" -mcpu=cortex-m4 -std=gnu11 -g3 -DDEBUG -DUSE_HAL_DRIVER -DSTM32L4P5xx -c -I../Core/Inc -IC:/Users/przem/STM32Cube/Repository/STM32Cube_FW_L4_V1.17.2/Drivers/STM32L4xx_HAL_Driver/Inc -IC:/Users/przem/STM32Cube/Repository/STM32Cube_FW_L4_V1.17.2/Drivers/STM32L4xx_HAL_Driver/Inc/Legacy -IC:/Users/przem/STM32Cube/Repository/STM32Cube_FW_L4_V1.17.2/Drivers/CMSIS/Device/ST/STM32L4xx/Include -IC:/Users/przem/STM32Cube/Repository/STM32Cube_FW_L4_V1.17.2/Drivers/CMSIS/Include -O0 -ffunction-sections -fdata-sections -Wall -fstack-usage -fcyclomatic-complexity -MMD -MP -MF"Drivers/STM32L4xx_HAL_Driver/stm32l4xx_hal_dma_ex.d" -MT"Drivers/STM32L4xx_HAL_Driver/stm32l4xx_hal_dma_ex.o" --specs=nano.specs -mfpu=fpv4-sp-d16 -mfloat-abi=hard -mthumb -o "Drivers/STM32L4xx_HAL_Driver/stm32l4xx_hal_dma_ex.o"
arm-none-eabi-gcc "C:/Users/przem/STM32Cube/Repository/STM32Cube_FW_L4_V1.17.2/Drivers/STM32L4xx_HAL_Driver/Src/stm32l4xx_hal_exti.c" -mcpu=cortex-m4 -std=gnu11 -g3 -DDEBUG -DUSE_HAL_DRIVER -DSTM32L4P5xx -c -I../Core/Inc -IC:/Users/przem/STM32Cube/Repository/STM32Cube_FW_L4_V1.17.2/Drivers/STM32L4xx_HAL_Driver/Inc -IC:/Users/przem/STM32Cube/Repository/STM32Cube_FW_L4_V1.17.2/Drivers/STM32L4xx_HAL_Driver/Inc/Legacy -IC:/Users/przem/STM32Cube/Repository/STM32Cube_FW_L4_V1.17.2/Drivers/CMSIS/Device/ST/STM32L4xx/Include -IC:/Users/przem/STM32Cube/Repository/STM32Cube_FW_L4_V1.17.2/Drivers/CMSIS/Include -O0 -ffunction-sections -fdata-sections -Wall -fstack-usage -fcyclomatic-complexity -MMD -MP -MF"Drivers/STM32L4xx_HAL_Driver/stm32l4xx_hal_exti.d" -MT"Drivers/STM32L4xx_HAL_Driver/stm32l4xx_hal_exti.o" --specs=nano.specs -mfpu=fpv4-sp-d16 -mfloat-abi=hard -mthumb -o "Drivers/STM32L4xx_HAL_Driver/stm32l4xx_hal_exti.o"
arm-none-eabi-gcc "C:/Users/przem/STM32Cube/Repository/STM32Cube_FW_L4_V1.17.2/Drivers/STM32L4xx_HAL_Driver/Src/stm32l4xx_hal_flash.c" -mcpu=cortex-m4 -std=gnu11 -g3 -DDEBUG -DUSE_HAL_DRIVER -DSTM32L4P5xx -c -I../Core/Inc -IC:/Users/przem/STM32Cube/Repository/STM32Cube_FW_L4_V1.17.2/Drivers/STM32L4xx_HAL_Driver/Inc -IC:/Users/przem/STM32Cube/Repository/STM32Cube_FW_L4_V1.17.2/Drivers/STM32L4xx_HAL_Driver/Inc/Legacy -IC:/Users/przem/STM32Cube/Repository/STM32Cube_FW_L4_V1.17.2/Drivers/CMSIS/Device/ST/STM32L4xx/Include -IC:/Users/przem/STM32Cube/Repository/STM32Cube_FW_L4_V1.17.2/Drivers/CMSIS/Include -O0 -ffunction-sections -fdata-sections -Wall -fstack-usage -fcyclomatic-complexity -MMD -MP -MF"Drivers/STM32L4xx_HAL_Driver/stm32l4xx_hal_flash.d" -MT"Drivers/STM32L4xx_HAL_Driver/stm32l4xx_hal_flash.o" --specs=nano.specs -mfpu=fpv4-sp-d16 -mfloat-abi=hard -mthumb -o "Drivers/STM32L4xx_HAL_Driver/stm32l4xx_hal_flash.o"
arm-none-eabi-gcc "C:/Users/przem/STM32Cube/Repository/STM32Cube_FW_L4_V1.17.2/Drivers/STM32L4xx_HAL_Driver/Src/stm32l4xx_hal_flash_ex.c" -mcpu=cortex-m4 -std=gnu11 -g3 -DDEBUG -DUSE_HAL_DRIVER -DSTM32L4P5xx -c -I../Core/Inc -IC:/Users/przem/STM32Cube/Repository/STM32Cube_FW_L4_V1.17.2/Drivers/STM32L4xx_HAL_Driver/Inc -IC:/Users/przem/STM32Cube/Repository/STM32Cube_FW_L4_V1.17.2/Drivers/STM32L4xx_HAL_Driver/Inc/Legacy -IC:/Users/przem/STM32Cube/Repository/STM32Cube_FW_L4_V1.17.2/Drivers/CMSIS/Device/ST/STM32L4xx/Include -IC:/Users/przem/STM32Cube/Repository/STM32Cube_FW_L4_V1.17.2/Drivers/CMSIS/Include -O0 -ffunction-sections -fdata-sections -Wall -fstack-usage -fcyclomatic-complexity -MMD -MP -MF"Drivers/STM32L4xx_HAL_Driver/stm32l4xx_hal_flash_ex.d" -MT"Drivers/STM32L4xx_HAL_Driver/stm32l4xx_hal_flash_ex.o" --specs=nano.specs -mfpu=fpv4-sp-d16 -mfloat-abi=hard -mthumb -o "Drivers/STM32L4xx_HAL_Driver/stm32l4xx_hal_flash_ex.o"
[...]
arm-none-eabi-gcc "C:/Users/przem/STM32Cube/Repository/STM32Cube_FW_L4_V1.17.2/Drivers/STM32L4xx_HAL_Driver/Src/stm32l4xx_hal_gpio.c" -mcpu=cortex-m4 -std=gnu11 -g3 -DDEBUG -DUSE_HAL_DRIVER -DSTM32L4P5xx -c -I../Core/Inc -IC:/Users/przem/STM32Cube/Repository/STM32Cube_FW_L4_V1.17.2/Drivers/STM32L4xx_HAL_Driver/Inc -IC:/Users/przem/STM32Cube/Repository/STM32Cube_FW_L4_V1.17.2/Drivers/STM32L4xx_HAL_Driver/Inc/Legacy -IC:/Users/przem/STM32Cube/Repository/STM32Cube_FW_L4_V1.17.2/Drivers/CMSIS/Device/ST/STM32L4xx/Include -IC:/Users/przem/STM32Cube/Repository/STM32Cube_FW_L4_V1.17.2/Drivers/CMSIS/Include -O0 -ffunction-sections -fdata-sections -Wall -fstack-usage -fcyclomatic-complexity -MMD -MP -MF"Drivers/STM32L4xx_HAL_Driver/stm32l4xx_hal_gpio.d" -MT"Drivers/STM32L4xx_HAL_Driver/stm32l4xx_hal_gpio.o" --specs=nano.specs -mfpu=fpv4-sp-d16 -mfloat-abi=hard -mthumb -o "Drivers/STM32L4xx_HAL_Driver/stm32l4xx_hal_gpio.o"
arm-none-eabi-gcc "C:/Users/przem/STM32Cube/Repository/STM32Cube_FW_L4_V1.17.2/Drivers/STM32L4xx_HAL_Driver/Src/stm32l4xx_hal_pwr.c" -mcpu=cortex-m4 -std=gnu11 -g3 -DDEBUG -DUSE_HAL_DRIVER -DSTM32L4P5xx -c -I../Core/Inc -IC:/Users/przem/STM32Cube/Repository/STM32Cube_FW_L4_V1.17.2/Drivers/STM32L4xx_HAL_Driver/Inc -IC:/Users/przem/STM32Cube/Repository/STM32Cube_FW_L4_V1.17.2/Drivers/STM32L4xx_HAL_Driver/Inc/Legacy -IC:/Users/przem/STM32Cube/Repository/STM32Cube_FW_L4_V1.17.2/Drivers/CMSIS/Device/ST/STM32L4xx/Include -IC:/Users/przem/STM32Cube/Repository/STM32Cube_FW_L4_V1.17.2/Drivers/CMSIS/Include -O0 -ffunction-sections -fdata-sections -Wall -fstack-usage -fcyclomatic-complexity -MMD -MP -MF"Drivers/STM32L4xx_HAL_Driver/stm32l4xx_hal_pwr.d" -MT"Drivers/STM32L4xx_HAL_Driver/stm32l4xx_hal_pwr.o" --specs=nano.specs -mfpu=fpv4-sp-d16 -mfloat-abi=hard -mthumb -o "Drivers/STM32L4xx_HAL_Driver/stm32l4xx_hal_pwr.o"
arm-none-eabi-gcc "C:/Users/przem/STM32Cube/Repository/STM32Cube_FW_L4_V1.17.2/Drivers/STM32L4xx_HAL_Driver/Src/stm32l4xx_hal_pwr_ex.c" -mcpu=cortex-m4 -std=gnu11 -g3 -DDEBUG -DUSE_HAL_DRIVER -DSTM32L4P5xx -c -I../Core/Inc -IC:/Users/przem/STM32Cube/Repository/STM32Cube_FW_L4_V1.17.2/Drivers/STM32L4xx_HAL_Driver/Inc -IC:/Users/przem/STM32Cube/Repository/STM32Cube_FW_L4_V1.17.2/Drivers/STM32L4xx_HAL_Driver/Inc/Legacy -IC:/Users/przem/STM32Cube/Repository/STM32Cube_FW_L4_V1.17.2/Drivers/CMSIS/Device/ST/STM32L4xx/Include -IC:/Users/przem/STM32Cube/Repository/STM32Cube_FW_L4_V1.17.2/Drivers/CMSIS/Include -O0 -ffunction-sections -fdata-sections -Wall -fstack-usage -fcyclomatic-complexity -MMD -MP -MF"Drivers/STM32L4xx_HAL_Driver/stm32l4xx_hal_pwr_ex.d" -MT"Drivers/STM32L4xx_HAL_Driver/stm32l4xx_hal_pwr_ex.o" --specs=nano.specs -mfpu=fpv4-sp-d16 -mfloat-abi=hard -mthumb -o "Drivers/STM32L4xx_HAL_Driver/stm32l4xx_hal_pwr_ex.o"
arm-none-eabi-gcc "C:/Users/przem/STM32Cube/Repository/STM32Cube_FW_L4_V1.17.2/Drivers/STM32L4xx_HAL_Driver/Src/stm32l4xx_hal_rcc.c" -mcpu=cortex-m4 -std=gnu11 -g3 -DDEBUG -DUSE_HAL_DRIVER -DSTM32L4P5xx -c -I../Core/Inc -IC:/Users/przem/STM32Cube/Repository/STM32Cube_FW_L4_V1.17.2/Drivers/STM32L4xx_HAL_Driver/Inc -IC:/Users/przem/STM32Cube/Repository/STM32Cube_FW_L4_V1.17.2/Drivers/STM32L4xx_HAL_Driver/Inc/Legacy -IC:/Users/przem/STM32Cube/Repository/STM32Cube_FW_L4_V1.17.2/Drivers/CMSIS/Device/ST/STM32L4xx/Include -IC:/Users/przem/STM32Cube/Repository/STM32Cube_FW_L4_V1.17.2/Drivers/CMSIS/Include -O0 -ffunction-sections -fdata-sections -Wall -fstack-usage -fcyclomatic-complexity -MMD -MP -MF"Drivers/STM32L4xx_HAL_Driver/stm32l4xx_hal_rcc.d" -MT"Drivers/STM32L4xx_HAL_Driver/stm32l4xx_hal_rcc.o" --specs=nano.specs -mfpu=fpv4-sp-d16 -mfloat-abi=hard -mthumb -o "Drivers/STM32L4xx_HAL_Driver/stm32l4xx_hal_rcc.o"
arm-none-eabi-gcc "C:/Users/przem/STM32Cube/Repository/STM32Cube_FW_L4_V1.17.2/Drivers/STM32L4xx_HAL_Driver/Src/stm32l4xx_hal_rcc_ex.c" -mcpu=cortex-m4 -std=gnu11 -g3 -DDEBUG -DUSE_HAL_DRIVER -DSTM32L4P5xx -c -I../Core/Inc -IC:/Users/przem/STM32Cube/Repository/STM32Cube_FW_L4_V1.17.2/Drivers/STM32L4xx_HAL_Driver/Inc -IC:/Users/przem/STM32Cube/Repository/STM32Cube_FW_L4_V1.17.2/Drivers/STM32L4xx_HAL_Driver/Inc/Legacy -IC:/Users/przem/STM32Cube/Repository/STM32Cube_FW_L4_V1.17.2/Drivers/CMSIS/Device/ST/STM32L4xx/Include -IC:/Users/przem/STM32Cube/Repository/STM32Cube_FW_L4_V1.17.2/Drivers/CMSIS/Include -O0 -ffunction-sections -fdata-sections -Wall -fstack-usage -fcyclomatic-complexity -MMD -MP -MF"Drivers/STM32L4xx_HAL_Driver/stm32l4xx_hal_rcc_ex.d" -MT"Drivers/STM32L4xx_HAL_Driver/stm32l4xx_hal_rcc_ex.o" --specs=nano.specs -mfpu=fpv4-sp-d16 -mfloat-abi=hard -mthumb -o "Drivers/STM32L4xx_HAL_Driver/stm32l4xx_hal_rcc_ex.o"
arm-none-eabi-gcc "C:/Users/przem/STM32Cube/Repository/STM32Cube_FW_L4_V1.17.2/Drivers/STM32L4xx_HAL_Driver/Src/stm32l4xx_hal_tim.c" -mcpu=cortex-m4 -std=gnu11 -g3 -DDEBUG -DUSE_HAL_DRIVER -DSTM32L4P5xx -c -I../Core/Inc -IC:/Users/przem/STM32Cube/Repository/STM32Cube_FW_L4_V1.17.2/Drivers/STM32L4xx_HAL_Driver/Inc -IC:/Users/przem/STM32Cube/Repository/STM32Cube_FW_L4_V1.17.2/Drivers/STM32L4xx_HAL_Driver/Inc/Legacy -IC:/Users/przem/STM32Cube/Repository/STM32Cube_FW_L4_V1.17.2/Drivers/CMSIS/Device/ST/STM32L4xx/Include -IC:/Users/przem/STM32Cube/Repository/STM32Cube_FW_L4_V1.17.2/Drivers/CMSIS/Include -O0 -ffunction-sections -fdata-sections -Wall -fstack-usage -fcyclomatic-complexity -MMD -MP -MF"Drivers/STM32L4xx_HAL_Driver/stm32l4xx_hal_tim.d" -MT"Drivers/STM32L4xx_HAL_Driver/stm32l4xx_hal_tim.o" --specs=nano.specs -mfpu=fpv4-sp-d16 -mfloat-abi=hard -mthumb -o "Drivers/STM32L4xx_HAL_Driver/stm32l4xx_hal_tim.o"
arm-none-eabi-gcc "C:/Users/przem/STM32Cube/Repository/STM32Cube_FW_L4_V1.17.2/Drivers/STM32L4xx_HAL_Driver/Src/stm32l4xx_hal_tim_ex.c" -mcpu=cortex-m4 -std=gnu11 -g3 -DDEBUG -DUSE_HAL_DRIVER -DSTM32L4P5xx -c -I../Core/Inc -IC:/Users/przem/STM32Cube/Repository/STM32Cube_FW_L4_V1.17.2/Drivers/STM32L4xx_HAL_Driver/Inc -IC:/Users/przem/STM32Cube/Repository/STM32Cube_FW_L4_V1.17.2/Drivers/STM32L4xx_HAL_Driver/Inc/Legacy -IC:/Users/przem/STM32Cube/Repository/STM32Cube_FW_L4_V1.17.2/Drivers/CMSIS/Device/ST/STM32L4xx/Include -IC:/Users/przem/STM32Cube/Repository/STM32Cube_FW_L4_V1.17.2/Drivers/CMSIS/Include -O0 -ffunction-sections -fdata-sections -Wall -fstack-usage -fcyclomatic-complexity -MMD -MP -MF"Drivers/STM32L4xx_HAL_Driver/stm32l4xx_hal_tim_ex.d" -MT"Drivers/STM32L4xx_HAL_Driver/stm32l4xx_hal_tim_ex.o" --specs=nano.specs -mfpu=fpv4-sp-d16 -mfloat-abi=hard -mthumb -o "Drivers/STM32L4xx_HAL_Driver/stm32l4xx_hal_tim_ex.o"
arm-none-eabi-g++ "../Core/Src/gpioElements.cpp" -mcpu=cortex-m4 -std=gnu++14 -g3 -DDEBUG -DUSE_HAL_DRIVER -DSTM32L4P5xx -c -I../Core/Inc -IC:/Users/przem/STM32Cube/Repository/STM32Cube_FW_L4_V1.17.2/Drivers/STM32L4xx_HAL_Driver/Inc -IC:/Users/przem/STM32Cube/Repository/STM32Cube_FW_L4_V1.17.2/Drivers/STM32L4xx_HAL_Driver/Inc/Legacy -IC:/Users/przem/STM32Cube/Repository/STM32Cube_FW_L4_V1.17.2/Drivers/CMSIS/Device/ST/STM32L4xx/Include -IC:/Users/przem/STM32Cube/Repository/STM32Cube_FW_L4_V1.17.2/Drivers/CMSIS/Include -O0 -ffunction-sections -fdata-sections -fno-exceptions -fno-rtti -fno-use-cxa-atexit -Wall -fstack-usage -fcyclomatic-complexity -MMD -MP -MF"Core/Src/gpioElements.d" -MT"Core/Src/gpioElements.o" --specs=nano.specs -mfpu=fpv4-sp-d16 -mfloat-abi=hard -mthumb -o "Core/Src/gpioElements.o"
arm-none-eabi-g++ "../Core/Src/main.cpp" -mcpu=cortex-m4 -std=gnu++14 -g3 -DDEBUG -DUSE_HAL_DRIVER -DSTM32L4P5xx -c -I../Core/Inc -IC:/Users/przem/STM32Cube/Repository/STM32Cube_FW_L4_V1.17.2/Drivers/STM32L4xx_HAL_Driver/Inc -IC:/Users/przem/STM32Cube/Repository/STM32Cube_FW_L4_V1.17.2/Drivers/STM32L4xx_HAL_Driver/Inc/Legacy -IC:/Users/przem/STM32Cube/Repository/STM32Cube_FW_L4_V1.17.2/Drivers/CMSIS/Device/ST/STM32L4xx/Include -IC:/Users/przem/STM32Cube/Repository/STM32Cube_FW_L4_V1.17.2/Drivers/CMSIS/Include -O0 -ffunction-sections -fdata-sections -fno-exceptions -fno-rtti -fno-use-cxa-atexit -Wall -fstack-usage -fcyclomatic-complexity -MMD -MP -MF"Core/Src/main.d" -MT"Core/Src/main.o" --specs=nano.specs -mfpu=fpv4-sp-d16 -mfloat-abi=hard -mthumb -o "Core/Src/main.o"
arm-none-eabi-gcc "../Core/Src/stm32l4xx_hal_msp.c" -mcpu=cortex-m4 -std=gnu11 -g3 -DDEBUG -DUSE_HAL_DRIVER -DSTM32L4P5xx -c -I../Core/Inc -IC:/Users/przem/STM32Cube/Repository/STM32Cube_FW_L4_V1.17.2/Drivers/STM32L4xx_HAL_Driver/Inc -IC:/Users/przem/STM32Cube/Repository/STM32Cube_FW_L4_V1.17.2/Drivers/STM32L4xx_HAL_Driver/Inc/Legacy -IC:/Users/przem/STM32Cube/Repository/STM32Cube_FW_L4_V1.17.2/Drivers/CMSIS/Device/ST/STM32L4xx/Include -IC:/Users/przem/STM32Cube/Repository/STM32Cube_FW_L4_V1.17.2/Drivers/CMSIS/Include -O0 -ffunction-sections -fdata-sections -Wall -fstack-usage -fcyclomatic-complexity -MMD -MP -MF"Core/Src/stm32l4xx_hal_msp.d" -MT"Core/Src/stm32l4xx_hal_msp.o" --specs=nano.specs -mfpu=fpv4-sp-d16 -mfloat-abi=hard -mthumb -o "Core/Src/stm32l4xx_hal_msp.o"
arm-none-eabi-gcc "../Core/Src/stm32l4xx_it.c" -mcpu=cortex-m4 -std=gnu11 -g3 -DDEBUG -DUSE_HAL_DRIVER -DSTM32L4P5xx -c -I../Core/Inc -IC:/Users/przem/STM32Cube/Repository/STM32Cube_FW_L4_V1.17.2/Drivers/STM32L4xx_HAL_Driver/Inc -IC:/Users/przem/STM32Cube/Repository/STM32Cube_FW_L4_V1.17.2/Drivers/STM32L4xx_HAL_Driver/Inc/Legacy -IC:/Users/przem/STM32Cube/Repository/STM32Cube_FW_L4_V1.17.2/Drivers/CMSIS/Device/ST/STM32L4xx/Include -IC:/Users/przem/STM32Cube/Repository/STM32Cube_FW_L4_V1.17.2/Drivers/CMSIS/Include -O0 -ffunction-sections -fdata-sections -Wall -fstack-usage -fcyclomatic-complexity -MMD -MP -MF"Core/Src/stm32l4xx_it.d" -MT"Core/Src/stm32l4xx_it.o" --specs=nano.specs -mfpu=fpv4-sp-d16 -mfloat-abi=hard -mthumb -o "Core/Src/stm32l4xx_it.o"
arm-none-eabi-gcc "../Core/Src/system_stm32l4xx.c" -mcpu=cortex-m4 -std=gnu11 -g3 -DDEBUG -DUSE_HAL_DRIVER -DSTM32L4P5xx -c -I../Core/Inc -IC:/Users/przem/STM32Cube/Repository/STM32Cube_FW_L4_V1.17.2/Drivers/STM32L4xx_HAL_Driver/Inc -IC:/Users/przem/STM32Cube/Repository/STM32Cube_FW_L4_V1.17.2/Drivers/STM32L4xx_HAL_Driver/Inc/Legacy -IC:/Users/przem/STM32Cube/Repository/STM32Cube_FW_L4_V1.17.2/Drivers/CMSIS/Device/ST/STM32L4xx/Include -IC:/Users/przem/STM32Cube/Repository/STM32Cube_FW_L4_V1.17.2/Drivers/CMSIS/Include -O0 -ffunction-sections -fdata-sections -Wall -fstack-usage -fcyclomatic-complexity -MMD -MP -MF"Core/Src/system_stm32l4xx.d" -MT"Core/Src/system_stm32l4xx.o" --specs=nano.specs -mfpu=fpv4-sp-d16 -mfloat-abi=hard -mthumb -o "Core/Src/system_stm32l4xx.o"
arm-none-eabi-g++ "../Core/Src/timer.cpp" -mcpu=cortex-m4 -std=gnu++14 -g3 -DDEBUG -DUSE_HAL_DRIVER -DSTM32L4P5xx -c -I../Core/Inc -IC:/Users/przem/STM32Cube/Repository/STM32Cube_FW_L4_V1.17.2/Drivers/STM32L4xx_HAL_Driver/Inc -IC:/Users/przem/STM32Cube/Repository/STM32Cube_FW_L4_V1.17.2/Drivers/STM32L4xx_HAL_Driver/Inc/Legacy -IC:/Users/przem/STM32Cube/Repository/STM32Cube_FW_L4_V1.17.2/Drivers/CMSIS/Device/ST/STM32L4xx/Include -IC:/Users/przem/STM32Cube/Repository/STM32Cube_FW_L4_V1.17.2/Drivers/CMSIS/Include -O0 -ffunction-sections -fdata-sections -fno-exceptions -fno-rtti -fno-use-cxa-atexit -Wall -fstack-usage -fcyclomatic-complexity -MMD -MP -MF"Core/Src/timer.d" -MT"Core/Src/timer.o" --specs=nano.specs -mfpu=fpv4-sp-d16 -mfloat-abi=hard -mthumb -o "Core/Src/timer.o"
In file included from ../Core/Src/gpioElements.cpp:8:
../Core/Inc/gpioElements.hpp: In constructor 'GpioElement::GpioElement(const GPIO_TypeDef*, uint32_t, bool)':
../Core/Inc/gpioElements.hpp:28:30: warning: 'GpioElement::port' will be initialized after [-Wreorder]
   28 |   const GPIO_TypeDef * const port;
      |                              ^~~~
../Core/Inc/gpioElements.hpp:26:18: warning:   'const uint32_t GpioElement::pin' [-Wreorder]
   26 |   const uint32_t pin;
      |                  ^~~
../Core/Src/gpioElements.cpp:10:1: warning:   when initialized here [-Wreorder]
   10 | GpioElement::GpioElement(const GPIO_TypeDef * const port, const uint32_t pin, const bool is_inverted) :
      | ^~~~~~~~~~~
In file included from ../Core/Src/gpioElements.cpp:8:
../Core/Inc/gpioElements.hpp:26:18: warning: 'GpioElement::pin' will be initialized after [-Wreorder]
   26 |   const uint32_t pin;
      |                  ^~~
../Core/Inc/gpioElements.hpp:24:8: warning:   'bool GpioElement::is_inverted' [-Wreorder]
   24 |   bool is_inverted;
      |        ^~~~~~~~~~~
../Core/Src/gpioElements.cpp:10:1: warning:   when initialized here [-Wreorder]
   10 | GpioElement::GpioElement(const GPIO_TypeDef * const port, const uint32_t pin, const bool is_inverted) :
      | ^~~~~~~~~~~
../Core/Src/main.cpp:88:23: error: 'spare1_GPIO_Port' was not declared in this scope; did you mean 'VALVE1_GPIO_Port'?
   88 | GpioOutElement spare1(spare1_GPIO_Port, spare1_Pin);
      |                       ^~~~~~~~~~~~~~~~
      |                       VALVE1_GPIO_Port
../Core/Src/main.cpp:88:41: error: 'spare1_Pin' was not declared in this scope; did you mean 'spare1'?
   88 | GpioOutElement spare1(spare1_GPIO_Port, spare1_Pin);
      |                                         ^~~~~~~~~~
      |                                         spare1
../Core/Src/main.cpp:89:23: error: 'spare2_GPIO_Port' was not declared in this scope; did you mean 'VALVE2_GPIO_Port'?
   89 | GpioOutElement spare2(spare2_GPIO_Port, spare2_Pin);
      |                       ^~~~~~~~~~~~~~~~
      |                       VALVE2_GPIO_Port
../Core/Src/main.cpp:89:41: error: 'spare2_Pin' was not declared in this scope; did you mean 'spare2'?
   89 | GpioOutElement spare2(spare2_GPIO_Port, spare2_Pin);
      |                                         ^~~~~~~~~~
      |                                         spare2
../Core/Src/main.cpp: In function 'int main()':
../Core/Src/main.cpp:182:37: error: too few arguments to function 'HAL_StatusTypeDef HAL_ADCEx_Calibration_Start(ADC_HandleTypeDef*, uint32_t)'
  182 |   HAL_ADCEx_Calibration_Start(&hadc1);
      |                                     ^
In file included from C:/Users/przem/STM32Cube/Repository/STM32Cube_FW_L4_V1.17.2/Drivers/STM32L4xx_HAL_Driver/Inc/stm32l4xx_hal_adc.h:1708,
                 from ../Core/Inc/stm32l4xx_hal_conf.h:278,
                 from C:/Users/przem/STM32Cube/Repository/STM32Cube_FW_L4_V1.17.2/Drivers/STM32L4xx_HAL_Driver/Inc/stm32l4xx_hal.h:29,
                 from ../Core/Inc/main.h:30,
                 from ../Core/Src/main.cpp:20:
C:/Users/przem/STM32Cube/Repository/STM32Cube_FW_L4_V1.17.2/Drivers/STM32L4xx_HAL_Driver/Inc/stm32l4xx_hal_adc_ex.h:1193:25: note: declared here
 1193 | HAL_StatusTypeDef       HAL_ADCEx_Calibration_Start(ADC_HandleTypeDef *hadc, uint32_t SingleDiff);
      |                         ^~~~~~~~~~~~~~~~~~~~~~~~~~~
make: *** [Core/Src/subdir.mk:44: Core/Src/main.o] Error 1
make: *** Waiting for unfinished jobs....
"make -j8 all" terminated with exit code 2. Build might be incomplete.
21:45:33 **** Incremental Build of configuration Debug for project EBS_Supervisor_L4 ****
make -j8 all 
arm-none-eabi-g++ "../Core/Src/main.cpp" -mcpu=cortex-m4 -std=gnu++14 -g3 -DDEBUG -DUSE_HAL_DRIVER -DSTM32L4P5xx -c -I../Core/Inc -IC:/Users/przem/STM32Cube/Repository/STM32Cube_FW_L4_V1.17.2/Drivers/STM32L4xx_HAL_Driver/Inc -IC:/Users/przem/STM32Cube/Repository/STM32Cube_FW_L4_V1.17.2/Drivers/STM32L4xx_HAL_Driver/Inc/Legacy -IC:/Users/przem/STM32Cube/Repository/STM32Cube_FW_L4_V1.17.2/Drivers/CMSIS/Device/ST/STM32L4xx/Include -IC:/Users/przem/STM32Cube/Repository/STM32Cube_FW_L4_V1.17.2/Drivers/CMSIS/Include -O0 -ffunction-sections -fdata-sections -fno-exceptions -fno-rtti -fno-use-cxa-atexit -Wall -fstack-usage -fcyclomatic-complexity -MMD -MP -MF"Core/Src/main.d" -MT"Core/Src/main.o" --specs=nano.specs -mfpu=fpv4-sp-d16 -mfloat-abi=hard -mthumb -o "Core/Src/main.o"
../Core/Src/main.cpp: In function 'int main()':
../Core/Src/main.cpp:180:32: error: 'hadc10' was not declared in this scope; did you mean 'hadc1'?
  180 |   HAL_ADCEx_Calibration_Start(&hadc10;
      |                                ^~~~~~
      |                                hadc1
make: *** [Core/Src/subdir.mk:44: Core/Src/main.o] Error 1
"make -j8 all" terminated with exit code 2. Build might be incomplete.
21:45:46 **** Incremental Build of configuration Debug for project EBS_Supervisor_L4 ****
make -j8 all 
arm-none-eabi-g++ "../Core/Src/main.cpp" -mcpu=cortex-m4 -std=gnu++14 -g3 -DDEBUG -DUSE_HAL_DRIVER -DSTM32L4P5xx -c -I../Core/Inc -IC:/Users/przem/STM32Cube/Repository/STM32Cube_FW_L4_V1.17.2/Drivers/STM32L4xx_HAL_Driver/Inc -IC:/Users/przem/STM32Cube/Repository/STM32Cube_FW_L4_V1.17.2/Drivers/STM32L4xx_HAL_Driver/Inc/Legacy -IC:/Users/przem/STM32Cube/Repository/STM32Cube_FW_L4_V1.17.2/Drivers/CMSIS/Device/ST/STM32L4xx/Include -IC:/Users/przem/STM32Cube/Repository/STM32Cube_FW_L4_V1.17.2/Drivers/CMSIS/Include -O0 -ffunction-sections -fdata-sections -fno-exceptions -fno-rtti -fno-use-cxa-atexit -Wall -fstack-usage -fcyclomatic-complexity -MMD -MP -MF"Core/Src/main.d" -MT"Core/Src/main.o" --specs=nano.specs -mfpu=fpv4-sp-d16 -mfloat-abi=hard -mthumb -o "Core/Src/main.o"
../Core/Src/main.cpp: In function 'int main()':
../Core/Src/main.cpp:180:37: error: too few arguments to function 'HAL_StatusTypeDef HAL_ADCEx_Calibration_Start(ADC_HandleTypeDef*, uint32_t)'
  180 |   HAL_ADCEx_Calibration_Start(&hadc1);
      |                                     ^
In file included from C:/Users/przem/STM32Cube/Repository/STM32Cube_FW_L4_V1.17.2/Drivers/STM32L4xx_HAL_Driver/Inc/stm32l4xx_hal_adc.h:1708,
                 from ../Core/Inc/stm32l4xx_hal_conf.h:278,
                 from C:/Users/przem/STM32Cube/Repository/STM32Cube_FW_L4_V1.17.2/Drivers/STM32L4xx_HAL_Driver/Inc/stm32l4xx_hal.h:29,
                 from ../Core/Inc/main.h:30,
                 from ../Core/Src/main.cpp:20:
C:/Users/przem/STM32Cube/Repository/STM32Cube_FW_L4_V1.17.2/Drivers/STM32L4xx_HAL_Driver/Inc/stm32l4xx_hal_adc_ex.h:1193:25: note: declared here
 1193 | HAL_StatusTypeDef       HAL_ADCEx_Calibration_Start(ADC_HandleTypeDef *hadc, uint32_t SingleDiff);
      |                         ^~~~~~~~~~~~~~~~~~~~~~~~~~~
make: *** [Core/Src/subdir.mk:44: Core/Src/main.o] Error 1
"make -j8 all" terminated with exit code 2. Build might be incomplete.
21:48:01 **** Incremental Build of configuration Debug for project EBS_Supervisor_L4 ****
make -j8 all 
arm-none-eabi-g++ "../Core/Src/main.cpp" -mcpu=cortex-m4 -std=gnu++14 -g3 -DDEBUG -DUSE_HAL_DRIVER -DSTM32L4P5xx -c -I../Core/Inc -IC:/Users/przem/STM32Cube/Repository/STM32Cube_FW_L4_V1.17.2/Drivers/STM32L4xx_HAL_Driver/Inc -IC:/Users/przem/STM32Cube/Repository/STM32Cube_FW_L4_V1.17.2/Drivers/STM32L4xx_HAL_Driver/Inc/Legacy -IC:/Users/przem/STM32Cube/Repository/STM32Cube_FW_L4_V1.17.2/Drivers/CMSIS/Device/ST/STM32L4xx/Include -IC:/Users/przem/STM32Cube/Repository/STM32Cube_FW_L4_V1.17.2/Drivers/CMSIS/Include -O0 -ffunction-sections -fdata-sections -fno-exceptions -fno-rtti -fno-use-cxa-atexit -Wall -fstack-usage -fcyclomatic-complexity -MMD -MP -MF"Core/Src/main.d" -MT"Core/Src/main.o" --specs=nano.specs -mfpu=fpv4-sp-d16 -mfloat-abi=hard -mthumb -o "Core/Src/main.o"
arm-none-eabi-g++ -o "EBS_Supervisor_L4.elf" @"objects.list"   -mcpu=cortex-m4 -T"C:\Users\przem\OneDrive\Pulpit\PUTM\PUTM_DV_ASB_2023\software\EBS_Supervisor_L4\STM32L4P5RETX_FLASH.ld" --specs=nosys.specs -Wl,-Map="EBS_Supervisor_L4.map" -Wl,--gc-sections -static --specs=nano.specs -mfpu=fpv4-sp-d16 -mfloat-abi=hard -mthumb -Wl,--start-group -lc -lm -lstdc++ -lsupc++ -Wl,--end-group
Finished building target: EBS_Supervisor_L4.elf
 
arm-none-eabi-size   EBS_Supervisor_L4.elf 
arm-none-eabi-objdump -h -S  EBS_Supervisor_L4.elf  > "EBS_Supervisor_L4.list"
   text	   data	    bss	    dec	    hex	filename
  23168	    128	   2048	  25344	   6300	EBS_Supervisor_L4.elf
Finished building: default.size.stdout
 
Finished building: EBS_Supervisor_L4.list
 
